<html>
<body>
<pre>
<h1>µVision Build Log</h1>
<h2>Tool Versions:</h2>
IDE-Version: ¦ÌVision V5.41.0.0
Copyright (C) 2024 ARM Ltd and ARM Germany GmbH. All rights reserved.
License Information: Ethan Huffman, South China University of Technology, LIC=----
 
Tool Versions:
Toolchain:       MDK-Lite  Version: 5.41.0.0
Toolchain Path:  E:\AppDatas\MDK5\Keil_V5\ARM\ARMCOMPLIER506\Bin
C Compiler:      Armcc.exe V5.06 update 7 (build 960)
Assembler:       Armasm.exe V5.06 update 7 (build 960)
Linker/Locator:  ArmLink.exe V5.06 update 7 (build 960)
Library Manager: ArmAr.exe V5.06 update 7 (build 960)
Hex Converter:   FromElf.exe V5.06 update 7 (build 960)
CPU DLL:         SARMCM3.DLL V5.41.0.0
Dialog DLL:      DARMCM1.DLL V1.19.6.0
    Target DLL: SOC_MDK_Driver_Beta\SOC_MDK_Driver.dll
Dialog DLL:      TARMCM1.DLL V1.14.6.0
 
<h2>Project:</h2>
E:\Projects\saiyuan_clock_sc32\Keil_C\Project\SinOneCup_OLED.uvprojx
Project File Date:  12/16/2024

<h2>Output:</h2>
*** Using Compiler 'V5.06 update 7 (build 960)', folder: 'E:\AppDatas\MDK5\Keil_V5\ARM\ARMCOMPLIER506\Bin'
Build target '<SinOneCup_OLED>'
compiling main.c...
..\User\main.c(101): warning:  #177-D: variable "read_buffer"  was declared but never referenced
      char read_buffer[128];
..\User\main.c: 1 warning, 0 errors
linking...
Program Size: Code=5076 RO-data=224 RW-data=12 ZI-data=1028  
FromELF: creating hex file...
"..\Output\SinOneCup_OLED.axf" - 0 Error(s), 1 Warning(s).

<h2>Software Packages used:</h2>

Package Vendor: SinOne
                https://www.socmcu.com/SinOne.SC32F1xxx_DFP.1.0.0.pack
                SinOne::SC32F1xxx_DFP@1.0.0
                SinOneMicroelectronics ARM Series Device Support

<h2>Collection of Component include folders:</h2>
  E:/AppDatas/MDK5/Arm/Packs/Keil/SC32F1xxx_DFP/1.0.6/Device/SC32F10xx/FWLib/SC32_Lib/inc

<h2>Collection of Component Files used:</h2>
Build Time Elapsed:  00:00:01
</pre>
</body>
</html>
