Component: ARM Compiler 5.06 update 7 (build 960) Tool: armlink [4d3601]

==============================================================================

Section Cross References

    CompCtrlDefine.o(i.IcResourceInit) refers to SC_Init.o(i.SC_Init) for SC_Init
    main.o(i.fputc) refers to sc32f1xxx_uart.o(i.UART_SendData) for UART_SendData
    main.o(i.fputc) refers to sc32f1xxx_uart.o(i.UART_GetFlagStatus) for UART_GetFlagStatus
    main.o(i.fputc) refers to sc32f1xxx_uart.o(i.UART_ClearFlag) for UART_ClearFlag
    main.o(i.main) refers to CompCtrlDefine.o(i.IcResourceInit) for IcResourceInit
    main.o(i.main) refers to SysFunVarDefine.o(i.OLED_Init) for OLED_Init
    main.o(i.main) refers to noretval__2printf.o(.text) for __2printf
    main.o(i.main) refers to SysFunVarDefine.o(i.OLED_ShowByte) for OLED_ShowByte
    main.o(i.main) refers to sc32f1xxx_pwm.o(i.PWM_SetDuty) for PWM_SetDuty
    main.o(i.main) refers to main.o(i.Delay) for Delay
    main.o(i.main) refers to sc32f1xxx_tim.o(i.TIM_Cmd) for TIM_Cmd
    sc32f1xxx_pwm.o(i.PWM_DeInit) refers to sc32f1xxx_rcc.o(i.RCC_APB0PeriphResetCmd) for RCC_APB0PeriphResetCmd
    sc32f1xxx_rcc.o(i.RCC_BTMCLKConfig) refers to sc32f1xxx_rcc.o(i.RCC_Unlock) for RCC_Unlock
    sc32f1xxx_rcc.o(i.RCC_GetClocksFreq) refers to aeabi_sdiv.o(.text) for __aeabi_uidivmod
    sc32f1xxx_rcc.o(i.RCC_HIRCCmd) refers to sc32f1xxx_rcc.o(i.RCC_Unlock) for RCC_Unlock
    sc32f1xxx_rcc.o(i.RCC_HXTCmd) refers to sc32f1xxx_rcc.o(i.RCC_Unlock) for RCC_Unlock
    sc32f1xxx_rcc.o(i.RCC_ITConfig) refers to sc32f1xxx_rcc.o(i.RCC_Unlock) for RCC_Unlock
    sc32f1xxx_rcc.o(i.RCC_LCDLEDCLKConfig) refers to sc32f1xxx_rcc.o(i.RCC_Unlock) for RCC_Unlock
    sc32f1xxx_rcc.o(i.RCC_LIRCCmd) refers to sc32f1xxx_rcc.o(i.RCC_Unlock) for RCC_Unlock
    sc32f1xxx_rcc.o(i.RCC_LXTCmd) refers to sc32f1xxx_rcc.o(i.RCC_Unlock) for RCC_Unlock
    sc32f1xxx_rcc.o(i.RCC_PLLCmd) refers to sc32f1xxx_rcc.o(i.RCC_Unlock) for RCC_Unlock
    sc32f1xxx_rcc.o(i.RCC_PLLConfig) refers to sc32f1xxx_rcc.o(i.RCC_Unlock) for RCC_Unlock
    sc32f1xxx_rcc.o(i.RCC_PLLRCmd) refers to sc32f1xxx_rcc.o(i.RCC_Unlock) for RCC_Unlock
    sc32f1xxx_rcc.o(i.RCC_SYSCLKConfig) refers to sc32f1xxx_rcc.o(i.RCC_Unlock) for RCC_Unlock
    sc32f1xxx_rcc.o(i.RCC_SYSCLKConfig) refers to aeabi_sdiv.o(.text) for __aeabi_uidivmod
    sc32f1xxx_rcc.o(i.RCC_SystickCLKConfig) refers to sc32f1xxx_rcc.o(i.RCC_Unlock) for RCC_Unlock
    sc32f1xxx_rcc.o(i.RCC_WaitConfig) refers to sc32f1xxx_rcc.o(i.RCC_Unlock) for RCC_Unlock
    sc32f1xxx_tim.o(i.TIM_DeInit) refers to sc32f1xxx_rcc.o(i.RCC_APB0PeriphResetCmd) for RCC_APB0PeriphResetCmd
    sc32f1xxx_tim.o(i.TIM_DeInit) refers to sc32f1xxx_rcc.o(i.RCC_APB1PeriphResetCmd) for RCC_APB1PeriphResetCmd
    sc32f1xxx_twi.o(i.TWI_DeInit) refers to sc32f1xxx_rcc.o(i.RCC_APB0PeriphResetCmd) for RCC_APB0PeriphResetCmd
    sc32f1xxx_twi.o(i.TWI_DeInit) refers to sc32f1xxx_rcc.o(i.RCC_APB1PeriphResetCmd) for RCC_APB1PeriphResetCmd
    sc32f1xxx_uart.o(.rev16_text) refers (Special) to use_no_semi_2.o(.text) for __use_no_semihosting
    sc32f1xxx_uart.o(.revsh_text) refers (Special) to use_no_semi_2.o(.text) for __use_no_semihosting
    sc32f1xxx_uart.o(i.Printf_UartInit) refers (Special) to use_no_semi_2.o(.text) for __use_no_semihosting
    sc32f1xxx_uart.o(i.Printf_UartInit) refers to sc32f1xxx_uart.o(.data) for Printf_Uart
    sc32f1xxx_uart.o(i.UART_ClearFlag) refers (Special) to use_no_semi_2.o(.text) for __use_no_semihosting
    sc32f1xxx_uart.o(i.UART_DMACmd) refers (Special) to use_no_semi_2.o(.text) for __use_no_semihosting
    sc32f1xxx_uart.o(i.UART_DeInit) refers (Special) to use_no_semi_2.o(.text) for __use_no_semihosting
    sc32f1xxx_uart.o(i.UART_DeInit) refers to sc32f1xxx_rcc.o(i.RCC_APB0PeriphResetCmd) for RCC_APB0PeriphResetCmd
    sc32f1xxx_uart.o(i.UART_DeInit) refers to sc32f1xxx_rcc.o(i.RCC_APB1PeriphResetCmd) for RCC_APB1PeriphResetCmd
    sc32f1xxx_uart.o(i.UART_DeInit) refers to sc32f1xxx_rcc.o(i.RCC_APB2PeriphResetCmd) for RCC_APB2PeriphResetCmd
    sc32f1xxx_uart.o(i.UART_GetFlagStatus) refers (Special) to use_no_semi_2.o(.text) for __use_no_semihosting
    sc32f1xxx_uart.o(i.UART_ITConfig) refers (Special) to use_no_semi_2.o(.text) for __use_no_semihosting
    sc32f1xxx_uart.o(i.UART_Init) refers (Special) to use_no_semi_2.o(.text) for __use_no_semihosting
    sc32f1xxx_uart.o(i.UART_Init) refers to aeabi_sdiv.o(.text) for __aeabi_uidivmod
    sc32f1xxx_uart.o(i.UART_PinRemapConfig) refers (Special) to use_no_semi_2.o(.text) for __use_no_semihosting
    sc32f1xxx_uart.o(i.UART_RXCmd) refers (Special) to use_no_semi_2.o(.text) for __use_no_semihosting
    sc32f1xxx_uart.o(i.UART_ReceiveData) refers (Special) to use_no_semi_2.o(.text) for __use_no_semihosting
    sc32f1xxx_uart.o(i.UART_SendData) refers (Special) to use_no_semi_2.o(.text) for __use_no_semihosting
[...]
    sys_stackheap_outer.o(__vectab_stack_and_reset_area) refers to __main.o(!!!main) for __main
    exit.o(.text) refers to rtexit.o(.ARM.Collect$$rtexit$$00000000) for __rt_exit
    defsig_fpe_outer.o(.text) refers to defsig_fpe_inner.o(.text) for __rt_SIGFPE_inner
    defsig_fpe_outer.o(.text) refers to defsig_exit.o(.text) for __sig_exit
    defsig_fpe_formal.o(.text) refers to rt_raise.o(.text) for __rt_raise
    libinit.o(.ARM.Collect$$libinit$$00000000) refers (Special) to libinit2.o(.ARM.Collect$$libinit$$0000002E) for __rt_lib_init_alloca_1
    libinit.o(.ARM.Collect$$libinit$$00000000) refers (Special) to libinit2.o(.ARM.Collect$$libinit$$0000002C) for __rt_lib_init_argv_1
    libinit.o(.ARM.Collect$$libinit$$00000000) refers (Special) to libinit2.o(.ARM.Collect$$libinit$$0000001B) for __rt_lib_init_atexit_1
    libinit.o(.ARM.Collect$$libinit$$00000000) refers (Special) to libinit2.o(.ARM.Collect$$libinit$$00000021) for __rt_lib_init_clock_1
    libinit.o(.ARM.Collect$$libinit$$00000000) refers (Special) to libinit2.o(.ARM.Collect$$libinit$$00000032) for __rt_lib_init_cpp_1
    libinit.o(.ARM.Collect$$libinit$$00000000) refers (Special) to libinit2.o(.ARM.Collect$$libinit$$00000030) for __rt_lib_init_exceptions_1
    libinit.o(.ARM.Collect$$libinit$$00000000) refers (Special) to libinit2.o(.ARM.Collect$$libinit$$00000002) for __rt_lib_init_fp_1
    libinit.o(.ARM.Collect$$libinit$$00000000) refers (Special) to libinit2.o(.ARM.Collect$$libinit$$0000001F) for __rt_lib_init_fp_trap_1
    libinit.o(.ARM.Collect$$libinit$$00000000) refers (Special) to libinit2.o(.ARM.Collect$$libinit$$00000023) for __rt_lib_init_getenv_1
    libinit.o(.ARM.Collect$$libinit$$00000000) refers (Special) to libinit2.o(.ARM.Collect$$libinit$$0000000A) for __rt_lib_init_heap_1
    libinit.o(.ARM.Collect$$libinit$$00000000) refers (Special) to libinit2.o(.ARM.Collect$$libinit$$00000011) for __rt_lib_init_lc_collate_1
    libinit.o(.ARM.Collect$$libinit$$00000000) refers (Special) to libinit2.o(.ARM.Collect$$libinit$$00000013) for __rt_lib_init_lc_ctype_1
    libinit.o(.ARM.Collect$$libinit$$00000000) refers (Special) to libinit2.o(.ARM.Collect$$libinit$$00000015) for __rt_lib_init_lc_monetary_1
    libinit.o(.ARM.Collect$$libinit$$00000000) refers (Special) to libinit2.o(.ARM.Collect$$libinit$$00000017) for __rt_lib_init_lc_numeric_1
    libinit.o(.ARM.Collect$$libinit$$00000000) refers (Special) to libinit2.o(.ARM.Collect$$libinit$$00000019) for __rt_lib_init_lc_time_1
    libinit.o(.ARM.Collect$$libinit$$00000000) refers (Special) to libinit2.o(.ARM.Collect$$libinit$$00000004) for __rt_lib_init_preinit_1
    libinit.o(.ARM.Collect$$libinit$$00000000) refers (Special) to libinit2.o(.ARM.Collect$$libinit$$0000000E) for __rt_lib_init_rand_1
    libinit.o(.ARM.Collect$$libinit$$00000000) refers (Special) to libinit2.o(.ARM.Collect$$libinit$$00000033) for __rt_lib_init_return
    libinit.o(.ARM.Collect$$libinit$$00000000) refers (Special) to libinit2.o(.ARM.Collect$$libinit$$0000001D) for __rt_lib_init_signal_1
    libinit.o(.ARM.Collect$$libinit$$00000000) refers (Special) to libinit2.o(.ARM.Collect$$libinit$$00000025) for __rt_lib_init_stdio_1
    libinit.o(.ARM.Collect$$libinit$$00000000) refers (Special) to libinit2.o(.ARM.Collect$$libinit$$0000000C) for __rt_lib_init_user_alloc_1
    libspace.o(.text) refers to libspace.o(.bss) for __libspace_start
    rtexit.o(.ARM.Collect$$rtexit$$00000000) refers (Special) to rtexit2.o(.ARM.Collect$$rtexit$$00000004) for __rt_exit_exit
    rtexit.o(.ARM.Collect$$rtexit$$00000000) refers (Special) to rtexit2.o(.ARM.Collect$$rtexit$$00000003) for __rt_exit_ls
    rtexit.o(.ARM.Collect$$rtexit$$00000000) refers (Special) to rtexit2.o(.ARM.Collect$$rtexit$$00000002) for __rt_exit_prels_1
    rtexit.o(.ARM.exidx) refers (Special) to rtexit2.o(.ARM.Collect$$rtexit$$00000004) for __rt_exit_exit
    rtexit.o(.ARM.exidx) refers (Special) to rtexit2.o(.ARM.Collect$$rtexit$$00000003) for __rt_exit_ls
    rtexit.o(.ARM.exidx) refers (Special) to rtexit2.o(.ARM.Collect$$rtexit$$00000002) for __rt_exit_prels_1
    rtexit.o(.ARM.exidx) refers to rtexit.o(.ARM.Collect$$rtexit$$00000000) for .ARM.Collect$$rtexit$$00000000
    rt_raise.o(.text) refers to __raise.o(.text) for __raise
    rt_raise.o(.text) refers to sc32f1xxx_uart.o(i._sys_exit) for _sys_exit
    defsig_exit.o(.text) refers to sc32f1xxx_uart.o(i._sys_exit) for _sys_exit
    defsig_fpe_inner.o(.text) refers to defsig_general.o(.text) for __default_signal_display
    libinit2.o(.ARM.Collect$$libinit$$00000010) refers to libinit2.o(.ARM.Collect$$libinit$$0000000F) for .ARM.Collect$$libinit$$0000000F
    libinit2.o(.ARM.Collect$$libinit$$00000012) refers to libinit2.o(.ARM.Collect$$libinit$$0000000F) for .ARM.Collect$$libinit$$0000000F
    libinit2.o(.ARM.Collect$$libinit$$00000014) refers to libinit2.o(.ARM.Collect$$libinit$$0000000F) for .ARM.Collect$$libinit$$0000000F
    libinit2.o(.ARM.Collect$$libinit$$00000016) refers to libinit2.o(.ARM.Collect$$libinit$$0000000F) for .ARM.Collect$$libinit$$0000000F
    libinit2.o(.ARM.Collect$$libinit$$00000018) refers to libinit2.o(.ARM.Collect$$libinit$$0000000F) for .ARM.Collect$$libinit$$0000000F
    libinit2.o(.ARM.Collect$$libinit$$00000026) refers to argv_veneer.o(.text) for __ARM_argv_veneer
    libinit2.o(.ARM.Collect$$libinit$$00000027) refers to argv_veneer.o(.text) for __ARM_argv_veneer
    rtexit2.o(.ARM.Collect$$rtexit$$00000003) refers to libshutdown.o(.ARM.Collect$$libshutdown$$00000000) for __rt_lib_shutdown
    rtexit2.o(.ARM.Collect$$rtexit$$00000004) refers to sc32f1xxx_uart.o(i._sys_exit) for _sys_exit
    rtexit2.o(.ARM.exidx) refers to rtexit2.o(.ARM.Collect$$rtexit$$00000001) for .ARM.Collect$$rtexit$$00000001
    rtexit2.o(.ARM.exidx) refers to rtexit2.o(.ARM.Collect$$rtexit$$00000003) for .ARM.Collect$$rtexit$$00000003
    rtexit2.o(.ARM.exidx) refers to rtexit2.o(.ARM.Collect$$rtexit$$00000004) for .ARM.Collect$$rtexit$$00000004
    __raise.o(.text) refers to defsig.o(CL$$defsig) for __default_signal_handler
    defsig_general.o(.text) refers to sys_wrch.o(.text) for _ttywrch
    sys_wrch.o(.text) refers (Special) to use_no_semi.o(.text) for __I$use$semihosting
    sys_wrch.o(.text) refers (Special) to indicate_semi.o(.text) for __semihosting_library_function
    defsig.o(CL$$defsig) refers to defsig_fpe_inner.o(.text) for __rt_SIGFPE_inner
    defsig.o(CL$$defsig) refers to defsig_rtmem_inner.o(.text) for __rt_SIGRTMEM_inner
    _get_argv_nomalloc.o(.text) refers (Special) to hrguard.o(.text) for __heap_region$guard
    _get_argv_nomalloc.o(.text) refers to defsig_rtmem_outer.o(.text) for __rt_SIGRTMEM
    _get_argv_nomalloc.o(.text) refers to sys_command.o(.text) for _sys_command_string
    libshutdown.o(.ARM.Collect$$libshutdown$$00000000) refers (Special) to libshutdown2.o(.ARM.Collect$$libshutdown$$00000004) for __rt_lib_shutdown_cpp_1
    libshutdown.o(.ARM.Collect$$libshutdown$$00000000) refers (Special) to libshutdown2.o(.ARM.Collect$$libshutdown$$00000002) for __rt_lib_shutdown_fini_1
    libshutdown.o(.ARM.Collect$$libshutdown$$00000000) refers (Special) to libshutdown2.o(.ARM.Collect$$libshutdown$$00000009) for __rt_lib_shutdown_fp_trap_1
    libshutdown.o(.ARM.Collect$$libshutdown$$00000000) refers (Special) to libshutdown2.o(.ARM.Collect$$libshutdown$$00000011) for __rt_lib_shutdown_heap_1
    libshutdown.o(.ARM.Collect$$libshutdown$$00000000) refers (Special) to libshutdown2.o(.ARM.Collect$$libshutdown$$00000012) for __rt_lib_shutdown_return
    libshutdown.o(.ARM.Collect$$libshutdown$$00000000) refers (Special) to libshutdown2.o(.ARM.Collect$$libshutdown$$0000000C) for __rt_lib_shutdown_signal_1
    libshutdown.o(.ARM.Collect$$libshutdown$$00000000) refers (Special) to libshutdown2.o(.ARM.Collect$$libshutdown$$00000006) for __rt_lib_shutdown_stdio_1
    libshutdown.o(.ARM.Collect$$libshutdown$$00000000) refers (Special) to libshutdown2.o(.ARM.Collect$$libshutdown$$0000000E) for __rt_lib_shutdown_user_alloc_1
    sys_command.o(.text) refers (Special) to use_no_semi.o(.text) for __I$use$semihosting
    sys_command.o(.text) refers (Special) to indicate_semi.o(.text) for __semihosting_library_function
    defsig_abrt_inner.o(.text) refers to defsig_general.o(.text) for __default_signal_display
    defsig_rtred_inner.o(.text) refers to defsig_general.o(.text) for __default_signal_display
    defsig_rtmem_inner.o(.text) refers to defsig_general.o(.text) for __default_signal_display
    defsig_rtmem_outer.o(.text) refers to defsig_rtmem_inner.o(.text) for __rt_SIGRTMEM_inner
    defsig_rtmem_outer.o(.text) refers to defsig_exit.o(.text) for __sig_exit
    defsig_rtmem_formal.o(.text) refers to rt_raise.o(.text) for __rt_raise
    defsig_stak_inner.o(.text) refers to defsig_general.o(.text) for __default_signal_display
    defsig_pvfn_inner.o(.text) refers to defsig_general.o(.text) for __default_signal_display
    defsig_cppl_inner.o(.text) refers to defsig_general.o(.text) for __default_signal_display
    defsig_segv_inner.o(.text) refers to defsig_general.o(.text) for __default_signal_display
    defsig_other.o(.text) refers to defsig_general.o(.text) for __default_signal_display


==============================================================================

Removing Unused input sections from the image.

    Removing CallBackFunction.o(.rev16_text), (4 bytes).
    Removing CallBackFunction.o(.revsh_text), (4 bytes).
    Removing CompCtrlDefine.o(.rev16_text), (4 bytes).
    Removing CompCtrlDefine.o(.revsh_text), (4 bytes).
    Removing main.o(.rev16_text), (4 bytes).
    Removing main.o(.revsh_text), (4 bytes).
    Removing sc32f1xxx_gpio.o(.rev16_text), (4 bytes).
    Removing sc32f1xxx_gpio.o(.revsh_text), (4 bytes).
    Removing sc32f1xxx_gpio.o(i.GPIO_DeInit), (32 bytes).
    Removing sc32f1xxx_gpio.o(i.GPIO_ReadData), (8 bytes).
    Removing sc32f1xxx_gpio.o(i.GPIO_ReadDataBit), (18 bytes).
    Removing sc32f1xxx_gpio.o(i.GPIO_ResetBits), (34 bytes).
    Removing sc32f1xxx_gpio.o(i.GPIO_SetBits), (34 bytes).
    Removing sc32f1xxx_gpio.o(i.GPIO_SetDriveLevel), (54 bytes).
    Removing sc32f1xxx_gpio.o(i.GPIO_TogglePins), (44 bytes).
    Removing sc32f1xxx_gpio.o(i.GPIO_Write), (4 bytes).
    Removing sc32f1xxx_gpio.o(i.GPIO_WriteBit), (20 bytes).
    Removing sc32f1xxx_option.o(.rev16_text), (4 bytes).
    Removing sc32f1xxx_option.o(.revsh_text), (4 bytes).
    Removing sc32f1xxx_option.o(i.OPTION_IAPPORA), (24 bytes).
    Removing sc32f1xxx_option.o(i.OPTION_IAPPORB), (24 bytes).
    Removing sc32f1xxx_option.o(i.OPTION_WDTCmd), (40 bytes).
    Removing sc32f1xxx_pwm.o(.rev16_text), (4 bytes).
    Removing sc32f1xxx_pwm.o(.revsh_text), (4 bytes).
    Removing sc32f1xxx_pwm.o(i.PWM_ClearFlag), (4 bytes).
    Removing sc32f1xxx_pwm.o(i.PWM_DeInit), (32 bytes).
    Removing sc32f1xxx_pwm.o(i.PWM_FDStructInit), (10 bytes).
    Removing sc32f1xxx_pwm.o(i.PWM_FallingDeadTimeConfig), (24 bytes).
    Removing sc32f1xxx_pwm.o(i.PWM_GetCycle), (8 bytes).
    Removing sc32f1xxx_pwm.o(i.PWM_GetDuty), (46 bytes).
    Removing sc32f1xxx_pwm.o(i.PWM_GetFlagStatus), (20 bytes).
    Removing sc32f1xxx_pwm.o(i.PWM_GetPrescaler), (10 bytes).
    Removing sc32f1xxx_pwm.o(i.PWM_RisingDeadTimeConfig), (18 bytes).
    Removing sc32f1xxx_pwm.o(i.PWM_SetCycle), (4 bytes).
    Removing sc32f1xxx_pwm.o(i.PWM_SetPrescaler), (20 bytes).
    Removing sc32f1xxx_pwm.o(i.PWM_StructInit), (16 bytes).
    Removing sc32f1xxx_rcc.o(.rev16_text), (4 bytes).
    Removing sc32f1xxx_rcc.o(.revsh_text), (4 bytes).
    Removing sc32f1xxx_rcc.o(i.RCC_AHBPeriphResetCmd), (32 bytes).
    Removing sc32f1xxx_rcc.o(i.RCC_APB0PeriphResetCmd), (32 bytes).
    Removing sc32f1xxx_rcc.o(i.RCC_APB1Cmd), (40 bytes).
    Removing sc32f1xxx_rcc.o(i.RCC_APB1Config), (28 bytes).
    Removing sc32f1xxx_rcc.o(i.RCC_APB1PeriphClockCmd), (32 bytes).
    Removing sc32f1xxx_rcc.o(i.RCC_APB1PeriphResetCmd), (32 bytes).
    Removing sc32f1xxx_rcc.o(i.RCC_APB2Cmd), (40 bytes).
    Removing sc32f1xxx_rcc.o(i.RCC_APB2Config), (28 bytes).
    Removing sc32f1xxx_rcc.o(i.RCC_APB2PeriphClockCmd), (32 bytes).
    Removing sc32f1xxx_rcc.o(i.RCC_APB2PeriphResetCmd), (32 bytes).
    Removing sc32f1xxx_rcc.o(i.RCC_BTMCLKConfig), (36 bytes).
    Removing sc32f1xxx_rcc.o(i.RCC_DeInit), (28 bytes).
    Removing sc32f1xxx_rcc.o(i.RCC_GetClocksFreq), (248 bytes).
    Removing sc32f1xxx_rcc.o(i.RCC_GetFlagStatus), (24 bytes).
    Removing sc32f1xxx_rcc.o(i.RCC_GetSYSCLKSource), (36 bytes).
    Removing sc32f1xxx_rcc.o(i.RCC_LCDLEDCLKConfig), (36 bytes).
    Removing sc32f1xxx_rcc.o(i.RCC_NMICmd), (44 bytes).
    Removing sc32f1xxx_rcc.o(i.RCC_PLLCmd), (48 bytes).
    Removing sc32f1xxx_rcc.o(i.RCC_PLLConfig), (60 bytes).
    Removing sc32f1xxx_rcc.o(i.RCC_PLLRCmd), (48 bytes).
    Removing sc32f1xxx_rcc.o(i.RCC_SystickGetFlagStatus), (28 bytes).
    Removing sc32f1xxx_rcc.o(i.RCC_WaitConfig), (40 bytes).
    Removing sc32f1xxx_tim.o(.rev16_text), (4 bytes).
    Removing sc32f1xxx_tim.o(.revsh_text), (4 bytes).
    Removing sc32f1xxx_tim.o(i.TIM_ClockOutputCmd), (28 bytes).
    Removing sc32f1xxx_tim.o(i.TIM_DeInit), (216 bytes).
    Removing sc32f1xxx_tim.o(i.TIM_GetAutoreload), (8 bytes).
    Removing sc32f1xxx_tim.o(i.TIM_GetCounter), (6 bytes).
    Removing sc32f1xxx_tim.o(i.TIM_GetFailingCapture), (6 bytes).
    Removing sc32f1xxx_tim.o(i.TIM_GetFlagStatus), (20 bytes).
    Removing sc32f1xxx_tim.o(i.TIM_GetPrescaler), (12 bytes).
    Removing sc32f1xxx_tim.o(i.TIM_GetRisingCapture), (6 bytes).
    Removing sc32f1xxx_tim.o(i.TIM_ICStructInit), (8 bytes).
    Removing sc32f1xxx_tim.o(i.TIM_PWMGetDuty), (20 bytes).
    Removing sc32f1xxx_tim.o(i.TIM_PWMStructInit), (8 bytes).
    Removing sc32f1xxx_tim.o(i.TIM_SetAutoreload), (4 bytes).
    Removing sc32f1xxx_tim.o(i.TIM_SetCounter), (4 bytes).
    Removing sc32f1xxx_tim.o(i.TIM_SetPerscaler), (18 bytes).
    Removing sc32f1xxx_tim.o(i.TIM_TimeBaseStructInit), (14 bytes).
    Removing sc32f1xxx_twi.o(.rev16_text), (4 bytes).
    Removing sc32f1xxx_twi.o(.revsh_text), (4 bytes).
    Removing sc32f1xxx_twi.o(i.TWI_AcknowledgeConfig), (28 bytes).
    Removing sc32f1xxx_twi.o(i.TWI_DeInit), (60 bytes).
    Removing sc32f1xxx_twi.o(i.TWI_GeneralCallCmd), (28 bytes).
    Removing sc32f1xxx_twi.o(i.TWI_GetNbytes), (10 bytes).
    Removing sc32f1xxx_twi.o(i.TWI_GetStateMachine), (12 bytes).
    Removing sc32f1xxx_twi.o(i.TWI_ReceiveData), (8 bytes).
    Removing sc32f1xxx_twi.o(i.TWI_Send7bitAddress), (22 bytes).
    Removing sc32f1xxx_twi.o(i.TWI_SetNbytes), (6 bytes).
    Removing sc32f1xxx_twi.o(i.TWI_StretchClockConfig), (28 bytes).
    Removing sc32f1xxx_twi.o(i.TWI_StructInit), (16 bytes).
    Removing sc32f1xxx_uart.o(.rev16_text), (4 bytes).
    Removing sc32f1xxx_uart.o(.revsh_text), (4 bytes).
    Removing sc32f1xxx_uart.o(i.Printf_UartInit), (12 bytes).
    Removing sc32f1xxx_uart.o(i.UART_DeInit), (116 bytes).
    Removing sc32f1xxx_uart.o(i.UART_ReceiveData), (10 bytes).
    Removing sc32f1xxx_uart.o(i.fputc), (52 bytes).
    Removing SC_Init.o(.rev16_text), (4 bytes).
    Removing SC_Init.o(.revsh_text), (4 bytes).
    Removing SC_Init.o(i.SC_ACMP_Init), (2 bytes).
    Removing SC_Init.o(i.SC_ADC_Init), (2 bytes).
    Removing SC_Init.o(i.SC_BTM_Init), (2 bytes).
    Removing SC_Init.o(i.SC_CRC_Init), (2 bytes).
    Removing SC_Init.o(i.SC_DMA0_Init), (2 bytes).
    Removing SC_Init.o(i.SC_DMA1_Init), (2 bytes).
    Removing SC_Init.o(i.SC_DMA2_Init), (2 bytes).
    Removing SC_Init.o(i.SC_DMA3_Init), (2 bytes).
    Removing SC_Init.o(i.SC_IAP_Init), (2 bytes).
    Removing SC_Init.o(i.SC_INT_Init), (2 bytes).
    Removing SC_Init.o(i.SC_LCD_Init), (2 bytes).
    Removing SC_Init.o(i.SC_LEDPWM_Init), (2 bytes).
    Removing SC_Init.o(i.SC_LED_Init), (2 bytes).
    Removing SC_Init.o(i.SC_NVIC_Init), (2 bytes).
    Removing SC_Init.o(i.SC_PWR_Init), (2 bytes).
    Removing SC_Init.o(i.SC_SPI0_Init), (2 bytes).
    Removing SC_Init.o(i.SC_SPI1_Init), (2 bytes).
    Removing SC_Init.o(i.SC_TIM0_Init), (2 bytes).
    Removing SC_Init.o(i.SC_TIM1_Init), (2 bytes).
    Removing SC_Init.o(i.SC_TIM3_Init), (2 bytes).
    Removing SC_Init.o(i.SC_TIM4_Init), (2 bytes).
    Removing SC_Init.o(i.SC_TIM5_Init), (2 bytes).
    Removing SC_Init.o(i.SC_TIM6_Init), (2 bytes).
    Removing SC_Init.o(i.SC_TIM7_Init), (2 bytes).
    Removing SC_Init.o(i.SC_TWI1_Init), (2 bytes).
    Removing SC_Init.o(i.SC_UART1_Init), (2 bytes).
    Removing SC_Init.o(i.SC_UART2_Init), (2 bytes).
    Removing SC_Init.o(i.SC_UART3_Init), (2 bytes).
    Removing SC_Init.o(i.SC_WDT_Init), (2 bytes).
    Removing SC_it.o(.rev16_text), (4 bytes).
    Removing SC_it.o(.revsh_text), (4 bytes).
    Removing SysFunVarDefine.o(.rev16_text), (4 bytes).
    Removing SysFunVarDefine.o(.revsh_text), (4 bytes).
    Removing SysFunVarDefine.o(.constdata), (224 bytes).
    Removing system_sc32f1xxx.o(.rev16_text), (4 bytes).
    Removing system_sc32f1xxx.o(.revsh_text), (4 bytes).

133 unused section(s) (total 2732 bytes) removed from the image.

==============================================================================

Image Symbol Table

    Local Symbols

    Symbol Name                              Value     Ov Type        Size  Object(Section)

    ../clib/angel/boardlib.s                 0x00000000   Number         0  boardinit3.o ABSOLUTE
    ../clib/angel/boardlib.s                 0x00000000   Number         0  boardinit2.o ABSOLUTE
    ../clib/angel/boardlib.s                 0x00000000   Number         0  boardshut.o ABSOLUTE
    ../clib/angel/boardlib.s                 0x00000000   Number         0  boardinit1.o ABSOLUTE
    ../clib/angel/handlers.s                 0x00000000   Number         0  __scatter_copy.o ABSOLUTE
    ../clib/angel/handlers.s                 0x00000000   Number         0  __scatter_zi.o ABSOLUTE
    ../clib/angel/kernel.s                   0x00000000   Number         0  __rtentry.o ABSOLUTE
    ../clib/angel/kernel.s                   0x00000000   Number         0  __rtentry4.o ABSOLUTE
    ../clib/angel/kernel.s                   0x00000000   Number         0  rtexit.o ABSOLUTE
    ../clib/angel/kernel.s                   0x00000000   Number         0  __rtentry2.o ABSOLUTE
    ../clib/angel/kernel.s                   0x00000000   Number         0  rtexit2.o ABSOLUTE
    ../clib/angel/rt.s                       0x00000000   Number         0  aeabi_idiv0.o ABSOLUTE
    ../clib/angel/rt.s                       0x00000000   Number         0  aeabi_idiv0_sigfpe.o ABSOLUTE
    ../clib/angel/rt.s                       0x00000000   Number         0  rt_raise.o ABSOLUTE
    ../clib/angel/rt.s                       0x00000000   Number         0  rt_div0.o ABSOLUTE
    ../clib/angel/scatterp.s                 0x00000000   Number         0  __scatter.o ABSOLUTE
    ../clib/angel/startup.s                  0x00000000   Number         0  __main.o ABSOLUTE
    ../clib/angel/sys.s                      0x00000000   Number         0  tempstk.o ABSOLUTE
    ../clib/angel/sys.s                      0x00000000   Number         0  indicate_semi.o ABSOLUTE
    ../clib/angel/sys.s                      0x00000000   Number         0  libspace.o ABSOLUTE
    ../clib/angel/sys.s                      0x00000000   Number         0  sys_stackheap_outer.o ABSOLUTE
    ../clib/angel/sys.s                      0x00000000   Number         0  use_no_semi_2.o ABSOLUTE
    ../clib/angel/sys.s                      0x00000000   Number         0  use_no_semi.o ABSOLUTE
    ../clib/angel/sysapp.c                   0x00000000   Number         0  sys_command.o ABSOLUTE
    ../clib/angel/sysapp.c                   0x00000000   Number         0  sys_wrch.o ABSOLUTE
    ../clib/armsys.c                         0x00000000   Number         0  no_argv.o ABSOLUTE
    ../clib/armsys.c                         0x00000000   Number         0  _get_argv_nomalloc.o ABSOLUTE
    ../clib/armsys.c                         0x00000000   Number         0  argv_veneer.o ABSOLUTE
    ../clib/division.s                       0x00000000   Number         0  aeabi_sdiv.o ABSOLUTE
    ../clib/division.s                       0x00000000   Number         0  aeabi_sdiv_div0.o ABSOLUTE
    ../clib/heapalloc.c                      0x00000000   Number         0  hrguard.o ABSOLUTE
    ../clib/heapaux.c                        0x00000000   Number         0  heapauxi.o ABSOLUTE
    ../clib/libinit.s                        0x00000000   Number         0  libinit.o ABSOLUTE
    ../clib/libinit.s                        0x00000000   Number         0  libinit2.o ABSOLUTE
    ../clib/libinit.s                        0x00000000   Number         0  libshutdown.o ABSOLUTE
    ../clib/libinit.s                        0x00000000   Number         0  libshutdown2.o ABSOLUTE
    ../clib/printf.c                         0x00000000   Number         0  noretval__2printf.o ABSOLUTE
    ../clib/printf.c                         0x00000000   Number         0  _printf_char_file.o ABSOLUTE
    ../clib/printf.c                         0x00000000   Number         0  __printf_nopercent.o ABSOLUTE
    ../clib/printf.c                         0x00000000   Number         0  __2printf.o ABSOLUTE
    ../clib/printf.c                         0x00000000   Number         0  _printf_char_common.o ABSOLUTE
    ../clib/signal.c                         0x00000000   Number         0  defsig_fpe_inner.o ABSOLUTE
    ../clib/signal.c                         0x00000000   Number         0  __raise.o ABSOLUTE
    ../clib/signal.c                         0x00000000   Number         0  defsig_rtred_inner.o ABSOLUTE
    ../clib/signal.c                         0x00000000   Number         0  defsig_general.o ABSOLUTE
    ../clib/signal.c                         0x00000000   Number         0  defsig_abrt_inner.o ABSOLUTE
    ../clib/signal.c                         0x00000000   Number         0  defsig_exit.o ABSOLUTE
    ../clib/signal.c                         0x00000000   Number         0  defsig_cppl_inner.o ABSOLUTE
    ../clib/signal.c                         0x00000000   Number         0  defsig_other.o ABSOLUTE
    ../clib/signal.c                         0x00000000   Number         0  defsig_segv_inner.o ABSOLUTE
    ../clib/signal.c                         0x00000000   Number         0  defsig_pvfn_inner.o ABSOLUTE
    ../clib/signal.c                         0x00000000   Number         0  defsig_stak_inner.o ABSOLUTE
    ../clib/signal.c                         0x00000000   Number         0  defsig_rtmem_formal.o ABSOLUTE
    ../clib/signal.c                         0x00000000   Number         0  defsig_rtmem_outer.o ABSOLUTE
    ../clib/signal.c                         0x00000000   Number         0  defsig_fpe_formal.o ABSOLUTE
    ../clib/signal.c                         0x00000000   Number         0  defsig_fpe_outer.o ABSOLUTE
    ../clib/signal.c                         0x00000000   Number         0  defsig_rtmem_inner.o ABSOLUTE
    ../clib/signal.s                         0x00000000   Number         0  defsig.o ABSOLUTE
    ../clib/stdio.c                          0x00000000   Number         0  ferror_locked.o ABSOLUTE
    ../clib/stdio.c                          0x00000000   Number         0  ferror.o ABSOLUTE
    ../clib/stdlib.c                         0x00000000   Number         0  exit.o ABSOLUTE
    ../fplib/cfplib/fpinit.c                 0x00000000   Number         0  fpinit.o ABSOLUTE
    ..\FWLib\SC32F1XXX_Lib\src\sc32f1xxx_gpio.c 0x00000000   Number         0  sc32f1xxx_gpio.o ABSOLUTE
    ..\FWLib\SC32F1XXX_Lib\src\sc32f1xxx_option.c 0x00000000   Number         0  sc32f1xxx_option.o ABSOLUTE
    ..\FWLib\SC32F1XXX_Lib\src\sc32f1xxx_pwm.c 0x00000000   Number         0  sc32f1xxx_pwm.o ABSOLUTE
    ..\FWLib\SC32F1XXX_Lib\src\sc32f1xxx_rcc.c 0x00000000   Number         0  sc32f1xxx_rcc.o ABSOLUTE
    ..\FWLib\SC32F1XXX_Lib\src\sc32f1xxx_tim.c 0x00000000   Number         0  sc32f1xxx_tim.o ABSOLUTE
    ..\FWLib\SC32F1XXX_Lib\src\sc32f1xxx_twi.c 0x00000000   Number         0  sc32f1xxx_twi.o ABSOLUTE
    ..\FWLib\SC32F1XXX_Lib\src\sc32f1xxx_uart.c 0x00000000   Number         0  sc32f1xxx_uart.o ABSOLUTE
    ..\User\CallBackFunction.c               0x00000000   Number         0  CallBackFunction.o ABSOLUTE
    ..\User\CompCtrlDefine.c                 0x00000000   Number         0  CompCtrlDefine.o ABSOLUTE
    ..\User\SC_Init.c                        0x00000000   Number         0  SC_Init.o ABSOLUTE
    ..\User\SC_it.c                          0x00000000   Number         0  SC_it.o ABSOLUTE
    ..\User\SysFunVarDefine.c                0x00000000   Number         0  SysFunVarDefine.o ABSOLUTE
    ..\User\main.c                           0x00000000   Number         0  main.o ABSOLUTE
    ..\User\system_sc32f1xxx.c               0x00000000   Number         0  system_sc32f1xxx.o ABSOLUTE
    ..\\FWLib\\SC32F1XXX_Lib\\src\\sc32f1xxx_gpio.c 0x00000000   Number         0  sc32f1xxx_gpio.o ABSOLUTE
    ..\\FWLib\\SC32F1XXX_Lib\\src\\sc32f1xxx_option.c 0x00000000   Number         0  sc32f1xxx_option.o ABSOLUTE
    ..\\FWLib\\SC32F1XXX_Lib\\src\\sc32f1xxx_pwm.c 0x00000000   Number         0  sc32f1xxx_pwm.o ABSOLUTE
    ..\\FWLib\\SC32F1XXX_Lib\\src\\sc32f1xxx_rcc.c 0x00000000   Number         0  sc32f1xxx_rcc.o ABSOLUTE
    ..\\FWLib\\SC32F1XXX_Lib\\src\\sc32f1xxx_tim.c 0x00000000   Number         0  sc32f1xxx_tim.o ABSOLUTE
    ..\\FWLib\\SC32F1XXX_Lib\\src\\sc32f1xxx_twi.c 0x00000000   Number         0  sc32f1xxx_twi.o ABSOLUTE
    ..\\FWLib\\SC32F1XXX_Lib\\src\\sc32f1xxx_uart.c 0x00000000   Number         0  sc32f1xxx_uart.o ABSOLUTE
    ..\\User\\CallBackFunction.c             0x00000000   Number         0  CallBackFunction.o ABSOLUTE
    ..\\User\\CompCtrlDefine.c               0x00000000   Number         0  CompCtrlDefine.o ABSOLUTE
    ..\\User\\SC_Init.c                      0x00000000   Number         0  SC_Init.o ABSOLUTE
    ..\\User\\SC_it.c                        0x00000000   Number         0  SC_it.o ABSOLUTE
    ..\\User\\SysFunVarDefine.c              0x00000000   Number         0  SysFunVarDefine.o ABSOLUTE
    ..\\User\\main.c                         0x00000000   Number         0  main.o ABSOLUTE
    ..\\User\\system_sc32f1xxx.c             0x00000000   Number         0  system_sc32f1xxx.o ABSOLUTE
    .\startup_sc32f10xx.s                    0x00000000   Number         0  startup_sc32f10xx.o ABSOLUTE
    dc.s                                     0x00000000   Number         0  dc.o ABSOLUTE
    RESET                                    0x08000000   Section      192  startup_sc32f10xx.o(RESET)
    !!!main                                  0x080000c0   Section        8  __main.o(!!!main)
    !!!scatter                               0x080000c8   Section       60  __scatter.o(!!!scatter)
    !!handler_copy                           0x08000104   Section       26  __scatter_copy.o(!!handler_copy)
    !!handler_zi                             0x08000120   Section       28  __scatter_zi.o(!!handler_zi)
    .ARM.Collect$$libinit$$00000000          0x0800013c   Section        2  libinit.o(.ARM.Collect$$libinit$$00000000)
    .ARM.Collect$$libinit$$00000002          0x0800013e   Section        0  libinit2.o(.ARM.Collect$$libinit$$00000002)
    .ARM.Collect$$libinit$$00000004          0x0800013e   Section        0  libinit2.o(.ARM.Collect$$libinit$$00000004)
    .ARM.Collect$$libinit$$0000000A          0x0800013e   Section        0  libinit2.o(.ARM.Collect$$libinit$$0000000A)
    .ARM.Collect$$libinit$$0000000C          0x0800013e   Section        0  libinit2.o(.ARM.Collect$$libinit$$0000000C)
    .ARM.Collect$$libinit$$0000000E          0x0800013e   Section        0  libinit2.o(.ARM.Collect$$libinit$$0000000E)
    .ARM.Collect$$libinit$$00000011          0x0800013e   Section        0  libinit2.o(.ARM.Collect$$libinit$$00000011)
    .ARM.Collect$$libinit$$00000013          0x0800013e   Section        0  libinit2.o(.ARM.Collect$$libinit$$00000013)
    .ARM.Collect$$libinit$$00000015          0x0800013e   Section        0  libinit2.o(.ARM.Collect$$libinit$$00000015)
    .ARM.Collect$$libinit$$00000017          0x0800013e   Section        0  libinit2.o(.ARM.Collect$$libinit$$00000017)
    .ARM.Collect$$libinit$$00000019          0x0800013e   Section        0  libinit2.o(.ARM.Collect$$libinit$$00000019)
    .ARM.Collect$$libinit$$0000001B          0x0800013e   Section        0  libinit2.o(.ARM.Collect$$libinit$$0000001B)
    .ARM.Collect$$libinit$$0000001D          0x0800013e   Section        0  libinit2.o(.ARM.Collect$$libinit$$0000001D)
    .ARM.Collect$$libinit$$0000001F          0x0800013e   Section        0  libinit2.o(.ARM.Collect$$libinit$$0000001F)
    .ARM.Collect$$libinit$$00000021          0x0800013e   Section        0  libinit2.o(.ARM.Collect$$libinit$$00000021)
    .ARM.Collect$$libinit$$00000023          0x0800013e   Section        0  libinit2.o(.ARM.Collect$$libinit$$00000023)
    .ARM.Collect$$libinit$$00000025          0x0800013e   Section        0  libinit2.o(.ARM.Collect$$libinit$$00000025)
    .ARM.Collect$$libinit$$0000002C          0x0800013e   Section        0  libinit2.o(.ARM.Collect$$libinit$$0000002C)
    .ARM.Collect$$libinit$$0000002E          0x0800013e   Section        0  libinit2.o(.ARM.Collect$$libinit$$0000002E)
    .ARM.Collect$$libinit$$00000030          0x0800013e   Section        0  libinit2.o(.ARM.Collect$$libinit$$00000030)
    .ARM.Collect$$libinit$$00000032          0x0800013e   Section        0  libinit2.o(.ARM.Collect$$libinit$$00000032)
    .ARM.Collect$$libinit$$00000033          0x0800013e   Section        2  libinit2.o(.ARM.Collect$$libinit$$00000033)
    .ARM.Collect$$libshutdown$$00000000      0x08000140   Section        2  libshutdown.o(.ARM.Collect$$libshutdown$$00000000)
    .ARM.Collect$$libshutdown$$00000002      0x08000142   Section        0  libshutdown2.o(.ARM.Collect$$libshutdown$$00000002)
    .ARM.Collect$$libshutdown$$00000004      0x08000142   Section        0  libshutdown2.o(.ARM.Collect$$libshutdown$$00000004)
    .ARM.Collect$$libshutdown$$00000006      0x08000142   Section        0  libshutdown2.o(.ARM.Collect$$libshutdown$$00000006)
    .ARM.Collect$$libshutdown$$00000009      0x08000142   Section        0  libshutdown2.o(.ARM.Collect$$libshutdown$$00000009)
    .ARM.Collect$$libshutdown$$0000000C      0x08000142   Section        0  libshutdown2.o(.ARM.Collect$$libshutdown$$0000000C)
    .ARM.Collect$$libshutdown$$0000000E      0x08000142   Section        0  libshutdown2.o(.ARM.Collect$$libshutdown$$0000000E)
    .ARM.Collect$$libshutdown$$00000011      0x08000142   Section        0  libshutdown2.o(.ARM.Collect$$libshutdown$$00000011)
    .ARM.Collect$$libshutdown$$00000012      0x08000142   Section        2  libshutdown2.o(.ARM.Collect$$libshutdown$$00000012)
    .ARM.Collect$$rtentry$$00000000          0x08000144   Section        0  __rtentry.o(.ARM.Collect$$rtentry$$00000000)
    .ARM.Collect$$rtentry$$00000002          0x08000144   Section        0  __rtentry2.o(.ARM.Collect$$rtentry$$00000002)
    .ARM.Collect$$rtentry$$00000004          0x08000144   Section        6  __rtentry4.o(.ARM.Collect$$rtentry$$00000004)
    .ARM.Collect$$rtentry$$00000009          0x0800014a   Section        0  __rtentry2.o(.ARM.Collect$$rtentry$$00000009)
    .ARM.Collect$$rtentry$$0000000A          0x0800014a   Section        4  __rtentry2.o(.ARM.Collect$$rtentry$$0000000A)
    .ARM.Collect$$rtentry$$0000000C          0x0800014e   Section        0  __rtentry2.o(.ARM.Collect$$rtentry$$0000000C)
    .ARM.Collect$$rtentry$$0000000D          0x0800014e   Section        8  __rtentry2.o(.ARM.Collect$$rtentry$$0000000D)
    .ARM.Collect$$rtexit$$00000000           0x08000156   Section        2  rtexit.o(.ARM.Collect$$rtexit$$00000000)
    .ARM.Collect$$rtexit$$00000002           0x08000158   Section        0  rtexit2.o(.ARM.Collect$$rtexit$$00000002)
    .ARM.Collect$$rtexit$$00000003           0x08000158   Section        4  rtexit2.o(.ARM.Collect$$rtexit$$00000003)
    .ARM.Collect$$rtexit$$00000004           0x0800015c   Section        6  rtexit2.o(.ARM.Collect$$rtexit$$00000004)
    .text                                    0x08000164   Section      132  startup_sc32f10xx.o(.text)
    .text                                    0x080001e8   Section        2  use_no_semi_2.o(.text)
    .text                                    0x080001ec   Section        0  noretval__2printf.o(.text)
    .text                                    0x08000208   Section      346  aeabi_sdiv.o(.text)
    .text                                    0x08000362   Section        0  heapauxi.o(.text)
    .text                                    0x08000368   Section        2  use_no_semi.o(.text)
    .text                                    0x0800036c   Section        0  _printf_char_file.o(.text)
    .text                                    0x08000394   Section        0  _printf_char_common.o(.text)
    _printf_input_char                       0x08000395   Thumb Code    10  _printf_char_common.o(.text)
    .text                                    0x080003c4   Section        0  ferror.o(.text)
    .text                                    0x080003cc   Section       62  sys_stackheap_outer.o(.text)
    .text                                    0x0800040a   Section        0  __printf_nopercent.o(.text)
    .text                                    0x0800042e   Section        0  exit.o(.text)
    .text                                    0x08000440   Section        8  libspace.o(.text)
    i.ADC_IRQHandler                         0x08000448   Section        0  SC_it.o(i.ADC_IRQHandler)
    i.BTM_IRQHandler                         0x0800044a   Section        0  SC_it.o(i.BTM_IRQHandler)
    i.CMP_IRQHandler                         0x0800044c   Section        0  SC_it.o(i.CMP_IRQHandler)
    i.DMA0_IRQHandler                        0x0800044e   Section        0  SC_it.o(i.DMA0_IRQHandler)
    i.DMA1_IRQHandler                        0x08000450   Section        0  SC_it.o(i.DMA1_IRQHandler)
    i.DMA2_IRQHandler                        0x08000452   Section        0  SC_it.o(i.DMA2_IRQHandler)
    i.DMA3_IRQHandler                        0x08000454   Section        0  SC_it.o(i.DMA3_IRQHandler)
    i.Delay                                  0x08000456   Section        0  main.o(i.Delay)
    i.GPIO_Init                              0x08000478   Section        0  sc32f1xxx_gpio.o(i.GPIO_Init)
    i.INT0_IRQHandler                        0x080004e8   Section        0  SC_it.o(i.INT0_IRQHandler)
    i.INT12_15_IRQHandler                    0x080004ea   Section        0  SC_it.o(i.INT12_15_IRQHandler)
    i.INT1_7_IRQHandler                      0x080004ec   Section        0  SC_it.o(i.INT1_7_IRQHandler)
    i.INT8_11_IRQHandler                     0x080004ee   Section        0  SC_it.o(i.INT8_11_IRQHandler)
    i.IcResourceInit                         0x080004f0   Section        0  CompCtrlDefine.o(i.IcResourceInit)
    i.LEDPWM_IRQHandler                      0x080004f8   Section        0  SC_it.o(i.LEDPWM_IRQHandler)
    i.OLED_Clear                             0x080004fa   Section        0  SysFunVarDefine.o(i.OLED_Clear)
    i.OLED_ColorTurn                         0x0800053a   Section        0  SysFunVarDefine.o(i.OLED_ColorTurn)
    i.OLED_DisplayTurn                       0x08000558   Section        0  SysFunVarDefine.o(i.OLED_DisplayTurn)
    i.OLED_Display_Off                       0x08000586   Section        0  SysFunVarDefine.o(i.OLED_Display_Off)
    i.OLED_Display_On                        0x080005a2   Section        0  SysFunVarDefine.o(i.OLED_Display_On)
    i.OLED_Init                              0x080005be   Section        0  SysFunVarDefine.o(i.OLED_Init)
    i.OLED_Set_Pos                           0x080006ba   Section        0  SysFunVarDefine.o(i.OLED_Set_Pos)
    i.OLED_ShowByte                          0x080006e8   Section        0  SysFunVarDefine.o(i.OLED_ShowByte)
    i.OLED_WR_Byte                           0x0800071c   Section        0  SysFunVarDefine.o(i.OLED_WR_Byte)
    i.OPTION_JTAGCmd                         0x0800074c   Section        0  sc32f1xxx_option.o(i.OPTION_JTAGCmd)
    i.OPTION_LVRConfig                       0x08000778   Section        0  sc32f1xxx_option.o(i.OPTION_LVRConfig)
    i.PWM0_IRQHandler                        0x08000798   Section        0  SC_it.o(i.PWM0_IRQHandler)
    i.PWM_Cmd                                0x0800079c   Section        0  sc32f1xxx_pwm.o(i.PWM_Cmd)
    i.PWM_FDCmd                              0x080007b8   Section        0  sc32f1xxx_pwm.o(i.PWM_FDCmd)
    i.PWM_FDInit                             0x080007d4   Section        0  sc32f1xxx_pwm.o(i.PWM_FDInit)
    i.PWM_ITConfig                           0x080007ee   Section        0  sc32f1xxx_pwm.o(i.PWM_ITConfig)
    i.PWM_Init                               0x08000808   Section        0  sc32f1xxx_pwm.o(i.PWM_Init)
    i.PWM_SetDuty                            0x08000830   Section        0  sc32f1xxx_pwm.o(i.PWM_SetDuty)
    i.RCC_AHBPeriphClockCmd                  0x08000858   Section        0  sc32f1xxx_rcc.o(i.RCC_AHBPeriphClockCmd)
    i.RCC_APB0Cmd                            0x08000878   Section        0  sc32f1xxx_rcc.o(i.RCC_APB0Cmd)
    i.RCC_APB0Config                         0x080008a0   Section        0  sc32f1xxx_rcc.o(i.RCC_APB0Config)
    i.RCC_APB0PeriphClockCmd                 0x080008bc   Section        0  sc32f1xxx_rcc.o(i.RCC_APB0PeriphClockCmd)
    i.RCC_HCLKConfig                         0x080008dc   Section        0  sc32f1xxx_rcc.o(i.RCC_HCLKConfig)
    i.RCC_HIRCCmd                            0x080008f8   Section        0  sc32f1xxx_rcc.o(i.RCC_HIRCCmd)
    i.RCC_HXTCmd                             0x08000928   Section        0  sc32f1xxx_rcc.o(i.RCC_HXTCmd)
    i.RCC_IRQHandler                         0x08000958   Section        0  SC_it.o(i.RCC_IRQHandler)
    i.RCC_ITConfig                           0x0800095c   Section        0  sc32f1xxx_rcc.o(i.RCC_ITConfig)
    i.RCC_LIRCCmd                            0x08000990   Section        0  sc32f1xxx_rcc.o(i.RCC_LIRCCmd)
    i.RCC_LXTCmd                             0x080009c0   Section        0  sc32f1xxx_rcc.o(i.RCC_LXTCmd)
    i.RCC_SYSCLKConfig                       0x080009f0   Section        0  sc32f1xxx_rcc.o(i.RCC_SYSCLKConfig)
    i.RCC_SystickCLKConfig                   0x08000ac0   Section        0  sc32f1xxx_rcc.o(i.RCC_SystickCLKConfig)
    i.RCC_SystickCmd                         0x08000b08   Section        0  sc32f1xxx_rcc.o(i.RCC_SystickCmd)
    i.RCC_SystickSetCounter                  0x08000b2c   Section        0  sc32f1xxx_rcc.o(i.RCC_SystickSetCounter)
    i.RCC_Unlock                             0x08000b48   Section        0  sc32f1xxx_rcc.o(i.RCC_Unlock)
    i.SC_GPIO_Init                           0x08000b60   Section        0  SC_Init.o(i.SC_GPIO_Init)
    i.SC_Init                                0x08000bfc   Section        0  SC_Init.o(i.SC_Init)
    i.SC_OPTION_Init                         0x08000c20   Section        0  SC_Init.o(i.SC_OPTION_Init)
    i.SC_PWM0_Init                           0x08000c5c   Section        0  SC_Init.o(i.SC_PWM0_Init)
    i.SC_RCC_Init                            0x08000d20   Section        0  SC_Init.o(i.SC_RCC_Init)
    i.SC_SYSTICK_Init                        0x08000d64   Section        0  SC_Init.o(i.SC_SYSTICK_Init)
    i.SC_TIM2_Init                           0x08000d8c   Section        0  SC_Init.o(i.SC_TIM2_Init)
    i.SC_TWI0_Init                           0x08000e50   Section        0  SC_Init.o(i.SC_TWI0_Init)
    i.SC_UART0_Init                          0x08000f04   Section        0  SC_Init.o(i.SC_UART0_Init)
    i.SPI0_IRQHandler                        0x08000fac   Section        0  SC_it.o(i.SPI0_IRQHandler)
    i.SPI1_IRQHandler                        0x08000fae   Section        0  SC_it.o(i.SPI1_IRQHandler)
    i.SysTick_IRQHandler                     0x08000fb0   Section        0  SC_it.o(i.SysTick_IRQHandler)
    i.SystemInit                             0x08000fb4   Section        0  system_sc32f1xxx.o(i.SystemInit)
    i.TIMER0_IRQHandler                      0x08000fc4   Section        0  SC_it.o(i.TIMER0_IRQHandler)
    i.TIMER1_IRQHandler                      0x08000fc6   Section        0  SC_it.o(i.TIMER1_IRQHandler)
    i.TIMER2_IRQHandler                      0x08000fc8   Section        0  SC_it.o(i.TIMER2_IRQHandler)
    i.TIMER3_IRQHandler                      0x08000fd8   Section        0  SC_it.o(i.TIMER3_IRQHandler)
    i.TIMER4_5_IRQHandler                    0x08000fda   Section        0  SC_it.o(i.TIMER4_5_IRQHandler)
    i.TIMER6_7_IRQHandler                    0x08000fdc   Section        0  SC_it.o(i.TIMER6_7_IRQHandler)
    i.TIM_ClearFlag                          0x08000fde   Section        0  sc32f1xxx_tim.o(i.TIM_ClearFlag)
    i.TIM_Cmd                                0x08000fe4   Section        0  sc32f1xxx_tim.o(i.TIM_Cmd)
    i.TIM_DMACmd                             0x08001000   Section        0  sc32f1xxx_tim.o(i.TIM_DMACmd)
    i.TIM_ICCmd                              0x0800101c   Section        0  sc32f1xxx_tim.o(i.TIM_ICCmd)
    i.TIM_ICInit                             0x08001038   Section        0  sc32f1xxx_tim.o(i.TIM_ICInit)
    i.TIM_ITConfig                           0x08001080   Section        0  sc32f1xxx_tim.o(i.TIM_ITConfig)
    i.TIM_PWMInit                            0x0800109c   Section        0  sc32f1xxx_tim.o(i.TIM_PWMInit)
    i.TIM_PWMSetDuty                         0x08001100   Section        0  sc32f1xxx_tim.o(i.TIM_PWMSetDuty)
    i.TIM_PinRemapConfig                     0x0800112c   Section        0  sc32f1xxx_tim.o(i.TIM_PinRemapConfig)
    i.TIM_TIMBaseInit                        0x08001148   Section        0  sc32f1xxx_tim.o(i.TIM_TIMBaseInit)
    i.TWI0_IRQHandler                        0x08001170   Section        0  SC_it.o(i.TWI0_IRQHandler)
    i.TWI1_IRQHandler                        0x08001198   Section        0  SC_it.o(i.TWI1_IRQHandler)
    i.TWI_ClearFlag                          0x0800119a   Section        0  sc32f1xxx_twi.o(i.TWI_ClearFlag)
    i.TWI_Cmd                                0x080011a4   Section        0  sc32f1xxx_twi.o(i.TWI_Cmd)
    i.TWI_DMACmd                             0x080011c0   Section        0  sc32f1xxx_twi.o(i.TWI_DMACmd)
    i.TWI_GenerateSTART                      0x080011dc   Section        0  sc32f1xxx_twi.o(i.TWI_GenerateSTART)
    i.TWI_GenerateSTOP                       0x080011f8   Section        0  sc32f1xxx_twi.o(i.TWI_GenerateSTOP)
    i.TWI_GetFlagStatus                      0x08001214   Section        0  sc32f1xxx_twi.o(i.TWI_GetFlagStatus)
    i.TWI_ITConfig                           0x08001228   Section        0  sc32f1xxx_twi.o(i.TWI_ITConfig)
    i.TWI_Init                               0x08001244   Section        0  sc32f1xxx_twi.o(i.TWI_Init)
    i.TWI_PinRemapConfig                     0x08001278   Section        0  sc32f1xxx_twi.o(i.TWI_PinRemapConfig)
    i.TWI_SendByte                           0x080012a0   Section        0  SysFunVarDefine.o(i.TWI_SendByte)
    i.TWI_SendData                           0x080012c8   Section        0  sc32f1xxx_twi.o(i.TWI_SendData)
    i.TWI_Start                              0x080012cc   Section        0  SysFunVarDefine.o(i.TWI_Start)
    i.TWI_Stop                               0x080012f8   Section        0  SysFunVarDefine.o(i.TWI_Stop)
    i.UART0_2_IRQHandler                     0x08001314   Section        0  SC_it.o(i.UART0_2_IRQHandler)
    i.UART1_3_IRQHandler                     0x08001316   Section        0  SC_it.o(i.UART1_3_IRQHandler)
    i.UART_ClearFlag                         0x08001318   Section        0  sc32f1xxx_uart.o(i.UART_ClearFlag)
    i.UART_DMACmd                            0x0800131c   Section        0  sc32f1xxx_uart.o(i.UART_DMACmd)
    i.UART_GetFlagStatus                     0x08001336   Section        0  sc32f1xxx_uart.o(i.UART_GetFlagStatus)
    i.UART_ITConfig                          0x0800134a   Section        0  sc32f1xxx_uart.o(i.UART_ITConfig)
    i.UART_Init                              0x08001364   Section        0  sc32f1xxx_uart.o(i.UART_Init)
    i.UART_PinRemapConfig                    0x080013b0   Section        0  sc32f1xxx_uart.o(i.UART_PinRemapConfig)
    i.UART_RXCmd                             0x080013d4   Section        0  sc32f1xxx_uart.o(i.UART_RXCmd)
    i.UART_SendData                          0x080013f0   Section        0  sc32f1xxx_uart.o(i.UART_SendData)
    i.UART_TXCmd                             0x080013f8   Section        0  sc32f1xxx_uart.o(i.UART_TXCmd)
    i.__NVIC_SetPriority                     0x08001414   Section        0  SC_Init.o(i.__NVIC_SetPriority)
    __NVIC_SetPriority                       0x08001415   Thumb Code   110  SC_Init.o(i.__NVIC_SetPriority)
    i._sys_exit                              0x0800148c   Section        0  sc32f1xxx_uart.o(i._sys_exit)
    i.delay                                  0x08001490   Section        0  SysFunVarDefine.o(i.delay)
    i.fputc                                  0x080014a0   Section        0  main.o(i.fputc)
    i.main                                   0x080014cc   Section        0  main.o(i.main)
    .data                                    0x20000000   Section        8  sc32f1xxx_uart.o(.data)
    .data                                    0x20000008   Section        3  SysFunVarDefine.o(.data)
    .bss                                     0x2000000c   Section       96  libspace.o(.bss)
    HEAP                                     0x20000070   Section      512  startup_sc32f10xx.o(HEAP)
    Heap_Mem                                 0x20000070   Data         512  startup_sc32f10xx.o(HEAP)
    STACK                                    0x20000270   Section     1024  startup_sc32f10xx.o(STACK)
    Stack_Mem                                0x20000270   Data        1024  startup_sc32f10xx.o(STACK)
    __initial_sp                             0x20000670   Data           0  startup_sc32f10xx.o(STACK)

    Global Symbols

    Symbol Name                              Value     Ov Type        Size  Object(Section)

    BuildAttributes$$THM_ISAv3M$S$PE$A:L22$X:L11$S22$IEEE1$IW$USESV6$~STKCKD$USESV7$~SHL$OSPACE$ROPI$EBA8$UX$STANDARDLIB$REQ8$PRES8$EABIv2 0x00000000   Number         0  anon$$obj.o ABSOLUTE
    __ARM_use_no_argv                        0x00000000   Number         0  main.o ABSOLUTE
    __ARM_exceptions_init                     - Undefined Weak Reference
    __alloca_initialize                       - Undefined Weak Reference
    __arm_fini_                               - Undefined Weak Reference
    __arm_preinit_                            - Undefined Weak Reference
    __cpp_initialize__aeabi_                  - Undefined Weak Reference
    __cxa_finalize                            - Undefined Weak Reference
    __rt_locale                               - Undefined Weak Reference
    __sigvec_lookup                           - Undefined Weak Reference
    _atexit_init                              - Undefined Weak Reference
    _call_atexit_fns                          - Undefined Weak Reference
    _clock_init                               - Undefined Weak Reference
    _fp_trap_init                             - Undefined Weak Reference
    _fp_trap_shutdown                         - Undefined Weak Reference
    _get_lc_collate                           - Undefined Weak Reference
    _get_lc_ctype                             - Undefined Weak Reference
    _get_lc_monetary                          - Undefined Weak Reference
    _get_lc_numeric                           - Undefined Weak Reference
    _get_lc_time                              - Undefined Weak Reference
    _getenv_init                              - Undefined Weak Reference
    _handle_redirection                       - Undefined Weak Reference
    _init_alloc                               - Undefined Weak Reference
    _init_user_alloc                          - Undefined Weak Reference
    _initio                                   - Undefined Weak Reference
    _mutex_acquire                            - Undefined Weak Reference
    _mutex_release                            - Undefined Weak Reference
    _rand_init                                - Undefined Weak Reference
    _signal_finish                            - Undefined Weak Reference
    _signal_init                              - Undefined Weak Reference
    _terminate_alloc                          - Undefined Weak Reference
    _terminate_user_alloc                     - Undefined Weak Reference
    _terminateio                              - Undefined Weak Reference
    __Vectors_Size                           0x000000c0   Number         0  startup_sc32f10xx.o ABSOLUTE
    __Vectors                                0x08000000   Data           4  startup_sc32f10xx.o(RESET)
    __Vectors_End                            0x080000c0   Data           0  startup_sc32f10xx.o(RESET)
    __main                                   0x080000c1   Thumb Code     8  __main.o(!!!main)
    __scatterload                            0x080000c9   Thumb Code     0  __scatter.o(!!!scatter)
    __scatterload_rt2                        0x080000c9   Thumb Code    52  __scatter.o(!!!scatter)
    __scatterload_rt2_thumb_only             0x080000c9   Thumb Code     0  __scatter.o(!!!scatter)
    __scatterload_null                       0x080000d9   Thumb Code     0  __scatter.o(!!!scatter)
    __scatterload_copy                       0x08000105   Thumb Code    26  __scatter_copy.o(!!handler_copy)
    __scatterload_zeroinit                   0x08000121   Thumb Code    28  __scatter_zi.o(!!handler_zi)
    __rt_lib_init                            0x0800013d   Thumb Code     0  libinit.o(.ARM.Collect$$libinit$$00000000)
    __rt_lib_init_alloca_1                   0x0800013f   Thumb Code     0  libinit2.o(.ARM.Collect$$libinit$$0000002E)
    __rt_lib_init_argv_1                     0x0800013f   Thumb Code     0  libinit2.o(.ARM.Collect$$libinit$$0000002C)
    __rt_lib_init_atexit_1                   0x0800013f   Thumb Code     0  libinit2.o(.ARM.Collect$$libinit$$0000001B)
    __rt_lib_init_clock_1                    0x0800013f   Thumb Code     0  libinit2.o(.ARM.Collect$$libinit$$00000021)
    __rt_lib_init_cpp_1                      0x0800013f   Thumb Code     0  libinit2.o(.ARM.Collect$$libinit$$00000032)
    __rt_lib_init_exceptions_1               0x0800013f   Thumb Code     0  libinit2.o(.ARM.Collect$$libinit$$00000030)
    __rt_lib_init_fp_1                       0x0800013f   Thumb Code     0  libinit2.o(.ARM.Collect$$libinit$$00000002)
    __rt_lib_init_fp_trap_1                  0x0800013f   Thumb Code     0  libinit2.o(.ARM.Collect$$libinit$$0000001F)
    __rt_lib_init_getenv_1                   0x0800013f   Thumb Code     0  libinit2.o(.ARM.Collect$$libinit$$00000023)
    __rt_lib_init_heap_1                     0x0800013f   Thumb Code     0  libinit2.o(.ARM.Collect$$libinit$$0000000A)
    __rt_lib_init_lc_collate_1               0x0800013f   Thumb Code     0  libinit2.o(.ARM.Collect$$libinit$$00000011)
    __rt_lib_init_lc_ctype_1                 0x0800013f   Thumb Code     0  libinit2.o(.ARM.Collect$$libinit$$00000013)
    __rt_lib_init_lc_monetary_1              0x0800013f   Thumb Code     0  libinit2.o(.ARM.Collect$$libinit$$00000015)
    __rt_lib_init_lc_numeric_1               0x0800013f   Thumb Code     0  libinit2.o(.ARM.Collect$$libinit$$00000017)
    __rt_lib_init_lc_time_1                  0x0800013f   Thumb Code     0  libinit2.o(.ARM.Collect$$libinit$$00000019)
    __rt_lib_init_preinit_1                  0x0800013f   Thumb Code     0  libinit2.o(.ARM.Collect$$libinit$$00000004)
    __rt_lib_init_rand_1                     0x0800013f   Thumb Code     0  libinit2.o(.ARM.Collect$$libinit$$0000000E)
    __rt_lib_init_return                     0x0800013f   Thumb Code     0  libinit2.o(.ARM.Collect$$libinit$$00000033)
    __rt_lib_init_signal_1                   0x0800013f   Thumb Code     0  libinit2.o(.ARM.Collect$$libinit$$0000001D)
    __rt_lib_init_stdio_1                    0x0800013f   Thumb Code     0  libinit2.o(.ARM.Collect$$libinit$$00000025)
    __rt_lib_init_user_alloc_1               0x0800013f   Thumb Code     0  libinit2.o(.ARM.Collect$$libinit$$0000000C)
    __rt_lib_shutdown                        0x08000141   Thumb Code     0  libshutdown.o(.ARM.Collect$$libshutdown$$00000000)
    __rt_lib_shutdown_cpp_1                  0x08000143   Thumb Code     0  libshutdown2.o(.ARM.Collect$$libshutdown$$00000004)
    __rt_lib_shutdown_fini_1                 0x08000143   Thumb Code     0  libshutdown2.o(.ARM.Collect$$libshutdown$$00000002)
    __rt_lib_shutdown_fp_trap_1              0x08000143   Thumb Code     0  libshutdown2.o(.ARM.Collect$$libshutdown$$00000009)
    __rt_lib_shutdown_heap_1                 0x08000143   Thumb Code     0  libshutdown2.o(.ARM.Collect$$libshutdown$$00000011)
    __rt_lib_shutdown_return                 0x08000143   Thumb Code     0  libshutdown2.o(.ARM.Collect$$libshutdown$$00000012)
    __rt_lib_shutdown_signal_1               0x08000143   Thumb Code     0  libshutdown2.o(.ARM.Collect$$libshutdown$$0000000C)
    __rt_lib_shutdown_stdio_1                0x08000143   Thumb Code     0  libshutdown2.o(.ARM.Collect$$libshutdown$$00000006)
    __rt_lib_shutdown_user_alloc_1           0x08000143   Thumb Code     0  libshutdown2.o(.ARM.Collect$$libshutdown$$0000000E)
    __rt_entry                               0x08000145   Thumb Code     0  __rtentry.o(.ARM.Collect$$rtentry$$00000000)
    __rt_entry_presh_1                       0x08000145   Thumb Code     0  __rtentry2.o(.ARM.Collect$$rtentry$$00000002)
    __rt_entry_sh                            0x08000145   Thumb Code     0  __rtentry4.o(.ARM.Collect$$rtentry$$00000004)
    __rt_entry_li                            0x0800014b   Thumb Code     0  __rtentry2.o(.ARM.Collect$$rtentry$$0000000A)
    __rt_entry_postsh_1                      0x0800014b   Thumb Code     0  __rtentry2.o(.ARM.Collect$$rtentry$$00000009)
    __rt_entry_main                          0x0800014f   Thumb Code     0  __rtentry2.o(.ARM.Collect$$rtentry$$0000000D)
    __rt_entry_postli_1                      0x0800014f   Thumb Code     0  __rtentry2.o(.ARM.Collect$$rtentry$$0000000C)
    __rt_exit                                0x08000157   Thumb Code     0  rtexit.o(.ARM.Collect$$rtexit$$00000000)
    __rt_exit_ls                             0x08000159   Thumb Code     0  rtexit2.o(.ARM.Collect$$rtexit$$00000003)
    __rt_exit_prels_1                        0x08000159   Thumb Code     0  rtexit2.o(.ARM.Collect$$rtexit$$00000002)
    __rt_exit_exit                           0x0800015d   Thumb Code     0  rtexit2.o(.ARM.Collect$$rtexit$$00000004)
    Reset_Handler                            0x08000165   Thumb Code    38  startup_sc32f10xx.o(.text)
    NMI_Handler                              0x0800018b   Thumb Code     2  startup_sc32f10xx.o(.text)
    HardFault_Handler                        0x0800018d   Thumb Code     2  startup_sc32f10xx.o(.text)
    MemManage_Handler                        0x0800018f   Thumb Code     2  startup_sc32f10xx.o(.text)
    BusFault_Handler                         0x08000191   Thumb Code     2  startup_sc32f10xx.o(.text)
    UsageFault_Handler                       0x08000193   Thumb Code     2  startup_sc32f10xx.o(.text)
    SVC_Handler                              0x08000195   Thumb Code     2  startup_sc32f10xx.o(.text)
    DebugMon_Handler                         0x08000197   Thumb Code     2  startup_sc32f10xx.o(.text)
    PendSV_Handler                           0x08000199   Thumb Code     2  startup_sc32f10xx.o(.text)
    TK_IRQHandler                            0x0800019d   Thumb Code     0  startup_sc32f10xx.o(.text)
    __user_initial_stackheap                 0x080001a1   Thumb Code     0  startup_sc32f10xx.o(.text)
    __use_no_semihosting                     0x080001e9   Thumb Code     2  use_no_semi_2.o(.text)
    __2printf                                0x080001ed   Thumb Code    22  noretval__2printf.o(.text)
    __aeabi_uidiv                            0x08000209   Thumb Code     0  aeabi_sdiv.o(.text)
    __aeabi_uidivmod                         0x08000209   Thumb Code    20  aeabi_sdiv.o(.text)
    __aeabi_idiv                             0x0800021d   Thumb Code     0  aeabi_sdiv.o(.text)
    __aeabi_idivmod                          0x0800021d   Thumb Code   326  aeabi_sdiv.o(.text)
    __use_two_region_memory                  0x08000363   Thumb Code     2  heapauxi.o(.text)
    __rt_heap_escrow$2region                 0x08000365   Thumb Code     2  heapauxi.o(.text)
    __rt_heap_expand$2region                 0x08000367   Thumb Code     2  heapauxi.o(.text)
    __I$use$semihosting                      0x08000369   Thumb Code     0  use_no_semi.o(.text)
    __use_no_semihosting_swi                 0x08000369   Thumb Code     2  use_no_semi.o(.text)
    _printf_char_file                        0x0800036d   Thumb Code    34  _printf_char_file.o(.text)
    _printf_char_common                      0x0800039f   Thumb Code    32  _printf_char_common.o(.text)
    ferror                                   0x080003c5   Thumb Code     8  ferror.o(.text)
    __user_setup_stackheap                   0x080003cd   Thumb Code    62  sys_stackheap_outer.o(.text)
    __printf                                 0x0800040b   Thumb Code    36  __printf_nopercent.o(.text)
    exit                                     0x0800042f   Thumb Code    16  exit.o(.text)
    __user_libspace                          0x08000441   Thumb Code     8  libspace.o(.text)
    __user_perproc_libspace                  0x08000441   Thumb Code     0  libspace.o(.text)
    __user_perthread_libspace                0x08000441   Thumb Code     0  libspace.o(.text)
    ADC_IRQHandler                           0x08000449   Thumb Code     2  SC_it.o(i.ADC_IRQHandler)
    BTM_IRQHandler                           0x0800044b   Thumb Code     2  SC_it.o(i.BTM_IRQHandler)
    CMP_IRQHandler                           0x0800044d   Thumb Code     2  SC_it.o(i.CMP_IRQHandler)
    DMA0_IRQHandler                          0x0800044f   Thumb Code     2  SC_it.o(i.DMA0_IRQHandler)
    DMA1_IRQHandler                          0x08000451   Thumb Code     2  SC_it.o(i.DMA1_IRQHandler)
    DMA2_IRQHandler                          0x08000453   Thumb Code     2  SC_it.o(i.DMA2_IRQHandler)
    DMA3_IRQHandler                          0x08000455   Thumb Code     2  SC_it.o(i.DMA3_IRQHandler)
    Delay                                    0x08000457   Thumb Code    34  main.o(i.Delay)
    GPIO_Init                                0x08000479   Thumb Code   112  sc32f1xxx_gpio.o(i.GPIO_Init)
    INT0_IRQHandler                          0x080004e9   Thumb Code     2  SC_it.o(i.INT0_IRQHandler)
    INT12_15_IRQHandler                      0x080004eb   Thumb Code     2  SC_it.o(i.INT12_15_IRQHandler)
    INT1_7_IRQHandler                        0x080004ed   Thumb Code     2  SC_it.o(i.INT1_7_IRQHandler)
    INT8_11_IRQHandler                       0x080004ef   Thumb Code     2  SC_it.o(i.INT8_11_IRQHandler)
    IcResourceInit                           0x080004f1   Thumb Code     8  CompCtrlDefine.o(i.IcResourceInit)
    LEDPWM_IRQHandler                        0x080004f9   Thumb Code     2  SC_it.o(i.LEDPWM_IRQHandler)
    OLED_Clear                               0x080004fb   Thumb Code    64  SysFunVarDefine.o(i.OLED_Clear)
    OLED_ColorTurn                           0x0800053b   Thumb Code    30  SysFunVarDefine.o(i.OLED_ColorTurn)
    OLED_DisplayTurn                         0x08000559   Thumb Code    46  SysFunVarDefine.o(i.OLED_DisplayTurn)
    OLED_Display_Off                         0x08000587   Thumb Code    28  SysFunVarDefine.o(i.OLED_Display_Off)
    OLED_Display_On                          0x080005a3   Thumb Code    28  SysFunVarDefine.o(i.OLED_Display_On)
    OLED_Init                                0x080005bf   Thumb Code   252  SysFunVarDefine.o(i.OLED_Init)
    OLED_Set_Pos                             0x080006bb   Thumb Code    46  SysFunVarDefine.o(i.OLED_Set_Pos)
    OLED_ShowByte                            0x080006e9   Thumb Code    52  SysFunVarDefine.o(i.OLED_ShowByte)
    OLED_WR_Byte                             0x0800071d   Thumb Code    46  SysFunVarDefine.o(i.OLED_WR_Byte)
    OPTION_JTAGCmd                           0x0800074d   Thumb Code    38  sc32f1xxx_option.o(i.OPTION_JTAGCmd)
    OPTION_LVRConfig                         0x08000779   Thumb Code    28  sc32f1xxx_option.o(i.OPTION_LVRConfig)
    PWM0_IRQHandler                          0x08000799   Thumb Code     2  SC_it.o(i.PWM0_IRQHandler)
    PWM_Cmd                                  0x0800079d   Thumb Code    24  sc32f1xxx_pwm.o(i.PWM_Cmd)
    PWM_FDCmd                                0x080007b9   Thumb Code    24  sc32f1xxx_pwm.o(i.PWM_FDCmd)
    PWM_FDInit                               0x080007d5   Thumb Code    26  sc32f1xxx_pwm.o(i.PWM_FDInit)
    PWM_ITConfig                             0x080007ef   Thumb Code    26  sc32f1xxx_pwm.o(i.PWM_ITConfig)
    PWM_Init                                 0x08000809   Thumb Code    40  sc32f1xxx_pwm.o(i.PWM_Init)
    PWM_SetDuty                              0x08000831   Thumb Code    38  sc32f1xxx_pwm.o(i.PWM_SetDuty)
    RCC_AHBPeriphClockCmd                    0x08000859   Thumb Code    28  sc32f1xxx_rcc.o(i.RCC_AHBPeriphClockCmd)
    RCC_APB0Cmd                              0x08000879   Thumb Code    36  sc32f1xxx_rcc.o(i.RCC_APB0Cmd)
    RCC_APB0Config                           0x080008a1   Thumb Code    24  sc32f1xxx_rcc.o(i.RCC_APB0Config)
    RCC_APB0PeriphClockCmd                   0x080008bd   Thumb Code    28  sc32f1xxx_rcc.o(i.RCC_APB0PeriphClockCmd)
    RCC_HCLKConfig                           0x080008dd   Thumb Code    24  sc32f1xxx_rcc.o(i.RCC_HCLKConfig)
    RCC_HIRCCmd                              0x080008f9   Thumb Code    42  sc32f1xxx_rcc.o(i.RCC_HIRCCmd)
    RCC_HXTCmd                               0x08000929   Thumb Code    42  sc32f1xxx_rcc.o(i.RCC_HXTCmd)
    RCC_IRQHandler                           0x08000959   Thumb Code     2  SC_it.o(i.RCC_IRQHandler)
    RCC_ITConfig                             0x0800095d   Thumb Code    46  sc32f1xxx_rcc.o(i.RCC_ITConfig)
    RCC_LIRCCmd                              0x08000991   Thumb Code    42  sc32f1xxx_rcc.o(i.RCC_LIRCCmd)
    RCC_LXTCmd                               0x080009c1   Thumb Code    42  sc32f1xxx_rcc.o(i.RCC_LXTCmd)
    RCC_SYSCLKConfig                         0x080009f1   Thumb Code   200  sc32f1xxx_rcc.o(i.RCC_SYSCLKConfig)
    RCC_SystickCLKConfig                     0x08000ac1   Thumb Code    62  sc32f1xxx_rcc.o(i.RCC_SystickCLKConfig)
    RCC_SystickCmd                           0x08000b09   Thumb Code    32  sc32f1xxx_rcc.o(i.RCC_SystickCmd)
    RCC_SystickSetCounter                    0x08000b2d   Thumb Code    18  sc32f1xxx_rcc.o(i.RCC_SystickSetCounter)
    RCC_Unlock                               0x08000b49   Thumb Code    18  sc32f1xxx_rcc.o(i.RCC_Unlock)
    SC_GPIO_Init                             0x08000b61   Thumb Code   146  SC_Init.o(i.SC_GPIO_Init)
    SC_Init                                  0x08000bfd   Thumb Code    36  SC_Init.o(i.SC_Init)
    SC_OPTION_Init                           0x08000c21   Thumb Code    50  SC_Init.o(i.SC_OPTION_Init)
    SC_PWM0_Init                             0x08000c5d   Thumb Code   190  SC_Init.o(i.SC_PWM0_Init)
    SC_RCC_Init                              0x08000d21   Thumb Code    64  SC_Init.o(i.SC_RCC_Init)
    SC_SYSTICK_Init                          0x08000d65   Thumb Code    38  SC_Init.o(i.SC_SYSTICK_Init)
    SC_TIM2_Init                             0x08000d8d   Thumb Code   186  SC_Init.o(i.SC_TIM2_Init)
    SC_TWI0_Init                             0x08000e51   Thumb Code   166  SC_Init.o(i.SC_TWI0_Init)
    SC_UART0_Init                            0x08000f05   Thumb Code   156  SC_Init.o(i.SC_UART0_Init)
    SPI0_IRQHandler                          0x08000fad   Thumb Code     2  SC_it.o(i.SPI0_IRQHandler)
    SPI1_IRQHandler                          0x08000faf   Thumb Code     2  SC_it.o(i.SPI1_IRQHandler)
    SysTick_IRQHandler                       0x08000fb1   Thumb Code     2  SC_it.o(i.SysTick_IRQHandler)
    SystemInit                               0x08000fb5   Thumb Code    10  system_sc32f1xxx.o(i.SystemInit)
    TIMER0_IRQHandler                        0x08000fc5   Thumb Code     2  SC_it.o(i.TIMER0_IRQHandler)
    TIMER1_IRQHandler                        0x08000fc7   Thumb Code     2  SC_it.o(i.TIMER1_IRQHandler)
    TIMER2_IRQHandler                        0x08000fc9   Thumb Code    12  SC_it.o(i.TIMER2_IRQHandler)
    TIMER3_IRQHandler                        0x08000fd9   Thumb Code     2  SC_it.o(i.TIMER3_IRQHandler)
    TIMER4_5_IRQHandler                      0x08000fdb   Thumb Code     2  SC_it.o(i.TIMER4_5_IRQHandler)
    TIMER6_7_IRQHandler                      0x08000fdd   Thumb Code     2  SC_it.o(i.TIMER6_7_IRQHandler)
    TIM_ClearFlag                            0x08000fdf   Thumb Code     4  sc32f1xxx_tim.o(i.TIM_ClearFlag)
    TIM_Cmd                                  0x08000fe5   Thumb Code    24  sc32f1xxx_tim.o(i.TIM_Cmd)
    TIM_DMACmd                               0x08001001   Thumb Code    26  sc32f1xxx_tim.o(i.TIM_DMACmd)
    TIM_ICCmd                                0x0800101d   Thumb Code    24  sc32f1xxx_tim.o(i.TIM_ICCmd)
    TIM_ICInit                               0x08001039   Thumb Code    66  sc32f1xxx_tim.o(i.TIM_ICInit)
    TIM_ITConfig                             0x08001081   Thumb Code    26  sc32f1xxx_tim.o(i.TIM_ITConfig)
    TIM_PWMInit                              0x0800109d   Thumb Code    94  sc32f1xxx_tim.o(i.TIM_PWMInit)
    TIM_PWMSetDuty                           0x08001101   Thumb Code    40  sc32f1xxx_tim.o(i.TIM_PWMSetDuty)
    TIM_PinRemapConfig                       0x0800112d   Thumb Code    26  sc32f1xxx_tim.o(i.TIM_PinRemapConfig)
    TIM_TIMBaseInit                          0x08001149   Thumb Code    36  sc32f1xxx_tim.o(i.TIM_TIMBaseInit)
    TWI0_IRQHandler                          0x08001171   Thumb Code    30  SC_it.o(i.TWI0_IRQHandler)
    TWI1_IRQHandler                          0x08001199   Thumb Code     2  SC_it.o(i.TWI1_IRQHandler)
    TWI_ClearFlag                            0x0800119b   Thumb Code     8  sc32f1xxx_twi.o(i.TWI_ClearFlag)
    TWI_Cmd                                  0x080011a5   Thumb Code    24  sc32f1xxx_twi.o(i.TWI_Cmd)
    TWI_DMACmd                               0x080011c1   Thumb Code    26  sc32f1xxx_twi.o(i.TWI_DMACmd)
    TWI_GenerateSTART                        0x080011dd   Thumb Code    24  sc32f1xxx_twi.o(i.TWI_GenerateSTART)
    TWI_GenerateSTOP                         0x080011f9   Thumb Code    24  sc32f1xxx_twi.o(i.TWI_GenerateSTOP)
    TWI_GetFlagStatus                        0x08001215   Thumb Code    20  sc32f1xxx_twi.o(i.TWI_GetFlagStatus)
    TWI_ITConfig                             0x08001229   Thumb Code    26  sc32f1xxx_twi.o(i.TWI_ITConfig)
    TWI_Init                                 0x08001245   Thumb Code    48  sc32f1xxx_twi.o(i.TWI_Init)
    TWI_PinRemapConfig                       0x08001279   Thumb Code    36  sc32f1xxx_twi.o(i.TWI_PinRemapConfig)
    TWI_SendByte                             0x080012a1   Thumb Code    30  SysFunVarDefine.o(i.TWI_SendByte)
    TWI_SendData                             0x080012c9   Thumb Code     4  sc32f1xxx_twi.o(i.TWI_SendData)
    TWI_Start                                0x080012cd   Thumb Code    34  SysFunVarDefine.o(i.TWI_Start)
    TWI_Stop                                 0x080012f9   Thumb Code    18  SysFunVarDefine.o(i.TWI_Stop)
    UART0_2_IRQHandler                       0x08001315   Thumb Code     2  SC_it.o(i.UART0_2_IRQHandler)
    UART1_3_IRQHandler                       0x08001317   Thumb Code     2  SC_it.o(i.UART1_3_IRQHandler)
    UART_ClearFlag                           0x08001319   Thumb Code     4  sc32f1xxx_uart.o(i.UART_ClearFlag)
    UART_DMACmd                              0x0800131d   Thumb Code    26  sc32f1xxx_uart.o(i.UART_DMACmd)
    UART_GetFlagStatus                       0x08001337   Thumb Code    20  sc32f1xxx_uart.o(i.UART_GetFlagStatus)
    UART_ITConfig                            0x0800134b   Thumb Code    26  sc32f1xxx_uart.o(i.UART_ITConfig)
    UART_Init                                0x08001365   Thumb Code    72  sc32f1xxx_uart.o(i.UART_Init)
    UART_PinRemapConfig                      0x080013b1   Thumb Code    32  sc32f1xxx_uart.o(i.UART_PinRemapConfig)
    UART_RXCmd                               0x080013d5   Thumb Code    24  sc32f1xxx_uart.o(i.UART_RXCmd)
    UART_SendData                            0x080013f1   Thumb Code     8  sc32f1xxx_uart.o(i.UART_SendData)
    UART_TXCmd                               0x080013f9   Thumb Code    24  sc32f1xxx_uart.o(i.UART_TXCmd)
    _sys_exit                                0x0800148d   Thumb Code     4  sc32f1xxx_uart.o(i._sys_exit)
    delay                                    0x08001491   Thumb Code    14  SysFunVarDefine.o(i.delay)
    fputc                                    0x080014a1   Thumb Code    40  main.o(i.fputc)
    main                                     0x080014cd   Thumb Code   434  main.o(i.main)
    Region$$Table$$Base                      0x080016a4   Number         0  anon$$obj.o(Region$$Table)
    Region$$Table$$Limit                     0x080016c4   Number         0  anon$$obj.o(Region$$Table)
    Printf_Uart                              0x20000000   Data           4  sc32f1xxx_uart.o(.data)
    __stdout                                 0x20000004   Data           4  sc32f1xxx_uart.o(.data)
    TWI0Flag                                 0x20000008   Data           1  SysFunVarDefine.o(.data)
    TWI0SendData                             0x20000009   Data           1  SysFunVarDefine.o(.data)
    US0_UART_ReceiveData                     0x2000000a   Data           1  SysFunVarDefine.o(.data)
    __libspace_start                         0x2000000c   Data          96  libspace.o(.bss)
    __temporary_stack_top$libspace           0x2000006c   Data           0  libspace.o(.bss)



==============================================================================

Memory Map of the image

  Image Entry point : 0x080000c1

  Load Region LR_IROM1 (Base: 0x08000000, Size: 0x000016d0, Max: 0x00040000, ABSOLUTE)

    Execution Region ER_IROM1 (Base: 0x08000000, Size: 0x000016c4, Max: 0x00040000, ABSOLUTE)

    Base Addr    Size         Type   Attr      Idx    E Section Name        Object

    0x08000000   0x000000c0   Data   RO         1513    RESET               startup_sc32f10xx.o
    0x080000c0   0x00000008   Code   RO         1654  * !!!main             c_p.l(__main.o)
    0x080000c8   0x0000003c   Code   RO         1833    !!!scatter          c_p.l(__scatter.o)
    0x08000104   0x0000001a   Code   RO         1835    !!handler_copy      c_p.l(__scatter_copy.o)
    0x0800011e   0x00000002   PAD
    0x08000120   0x0000001c   Code   RO         1837    !!handler_zi        c_p.l(__scatter_zi.o)
    0x0800013c   0x00000002   Code   RO         1704    .ARM.Collect$$libinit$$00000000  c_p.l(libinit.o)
    0x0800013e   0x00000000   Code   RO         1718    .ARM.Collect$$libinit$$00000002  c_p.l(libinit2.o)
    0x0800013e   0x00000000   Code   RO         1720    .ARM.Collect$$libinit$$00000004  c_p.l(libinit2.o)
    0x0800013e   0x00000000   Code   RO         1723    .ARM.Collect$$libinit$$0000000A  c_p.l(libinit2.o)
    0x0800013e   0x00000000   Code   RO         1725    .ARM.Collect$$libinit$$0000000C  c_p.l(libinit2.o)
    0x0800013e   0x00000000   Code   RO         1727    .ARM.Collect$$libinit$$0000000E  c_p.l(libinit2.o)
    0x0800013e   0x00000000   Code   RO         1730    .ARM.Collect$$libinit$$00000011  c_p.l(libinit2.o)
    0x0800013e   0x00000000   Code   RO         1732    .ARM.Collect$$libinit$$00000013  c_p.l(libinit2.o)
    0x0800013e   0x00000000   Code   RO         1734    .ARM.Collect$$libinit$$00000015  c_p.l(libinit2.o)
    0x0800013e   0x00000000   Code   RO         1736    .ARM.Collect$$libinit$$00000017  c_p.l(libinit2.o)
    0x0800013e   0x00000000   Code   RO         1738    .ARM.Collect$$libinit$$00000019  c_p.l(libinit2.o)
    0x0800013e   0x00000000   Code   RO         1740    .ARM.Collect$$libinit$$0000001B  c_p.l(libinit2.o)
    0x0800013e   0x00000000   Code   RO         1742    .ARM.Collect$$libinit$$0000001D  c_p.l(libinit2.o)
    0x0800013e   0x00000000   Code   RO         1744    .ARM.Collect$$libinit$$0000001F  c_p.l(libinit2.o)
    0x0800013e   0x00000000   Code   RO         1746    .ARM.Collect$$libinit$$00000021  c_p.l(libinit2.o)
    0x0800013e   0x00000000   Code   RO         1748    .ARM.Collect$$libinit$$00000023  c_p.l(libinit2.o)
    0x0800013e   0x00000000   Code   RO         1750    .ARM.Collect$$libinit$$00000025  c_p.l(libinit2.o)
    0x0800013e   0x00000000   Code   RO         1754    .ARM.Collect$$libinit$$0000002C  c_p.l(libinit2.o)
    0x0800013e   0x00000000   Code   RO         1756    .ARM.Collect$$libinit$$0000002E  c_p.l(libinit2.o)
    0x0800013e   0x00000000   Code   RO         1758    .ARM.Collect$$libinit$$00000030  c_p.l(libinit2.o)
    0x0800013e   0x00000000   Code   RO         1760    .ARM.Collect$$libinit$$00000032  c_p.l(libinit2.o)
    0x0800013e   0x00000002   Code   RO         1761    .ARM.Collect$$libinit$$00000033  c_p.l(libinit2.o)
    0x08000140   0x00000002   Code   RO         1787    .ARM.Collect$$libshutdown$$00000000  c_p.l(libshutdown.o)
    0x08000142   0x00000000   Code   RO         1814    .ARM.Collect$$libshutdown$$00000002  c_p.l(libshutdown2.o)
    0x08000142   0x00000000   Code   RO         1816    .ARM.Collect$$libshutdown$$00000004  c_p.l(libshutdown2.o)
    0x08000142   0x00000000   Code   RO         1818    .ARM.Collect$$libshutdown$$00000006  c_p.l(libshutdown2.o)
    0x08000142   0x00000000   Code   RO         1821    .ARM.Collect$$libshutdown$$00000009  c_p.l(libshutdown2.o)
    0x08000142   0x00000000   Code   RO         1824    .ARM.Collect$$libshutdown$$0000000C  c_p.l(libshutdown2.o)
    0x08000142   0x00000000   Code   RO         1826    .ARM.Collect$$libshutdown$$0000000E  c_p.l(libshutdown2.o)
    0x08000142   0x00000000   Code   RO         1829    .ARM.Collect$$libshutdown$$00000011  c_p.l(libshutdown2.o)
    0x08000142   0x00000002   Code   RO         1830    .ARM.Collect$$libshutdown$$00000012  c_p.l(libshutdown2.o)
    0x08000144   0x00000000   Code   RO         1658    .ARM.Collect$$rtentry$$00000000  c_p.l(__rtentry.o)
    0x08000144   0x00000000   Code   RO         1666    .ARM.Collect$$rtentry$$00000002  c_p.l(__rtentry2.o)
    0x08000144   0x00000006   Code   RO         1678    .ARM.Collect$$rtentry$$00000004  c_p.l(__rtentry4.o)
    0x0800014a   0x00000000   Code   RO         1668    .ARM.Collect$$rtentry$$00000009  c_p.l(__rtentry2.o)
    0x0800014a   0x00000004   Code   RO         1669    .ARM.Collect$$rtentry$$0000000A  c_p.l(__rtentry2.o)
    0x0800014e   0x00000000   Code   RO         1671    .ARM.Collect$$rtentry$$0000000C  c_p.l(__rtentry2.o)
    0x0800014e   0x00000008   Code   RO         1672    .ARM.Collect$$rtentry$$0000000D  c_p.l(__rtentry2.o)
    0x08000156   0x00000002   Code   RO         1709    .ARM.Collect$$rtexit$$00000000  c_p.l(rtexit.o)
    0x08000158   0x00000000   Code   RO         1763    .ARM.Collect$$rtexit$$00000002  c_p.l(rtexit2.o)
    0x08000158   0x00000004   Code   RO         1764    .ARM.Collect$$rtexit$$00000003  c_p.l(rtexit2.o)
    0x0800015c   0x00000006   Code   RO         1765    .ARM.Collect$$rtexit$$00000004  c_p.l(rtexit2.o)
    0x08000162   0x00000002   PAD
    0x08000164   0x00000084   Code   RO         1514    .text               startup_sc32f10xx.o
    0x080001e8   0x00000002   Code   RO         1642    .text               c_p.l(use_no_semi_2.o)
    0x080001ea   0x00000002   PAD
    0x080001ec   0x0000001c   Code   RO         1646    .text               c_p.l(noretval__2printf.o)
    0x08000208   0x0000015a   Code   RO         1648    .text               c_p.l(aeabi_sdiv.o)
    0x08000362   0x00000006   Code   RO         1652    .text               c_p.l(heapauxi.o)
    0x08000368   0x00000002   Code   RO         1656    .text               c_p.l(use_no_semi.o)
    0x0800036a   0x00000002   PAD
    0x0800036c   0x00000028   Code   RO         1663    .text               c_p.l(_printf_char_file.o)
    0x08000394   0x00000030   Code   RO         1682    .text               c_p.l(_printf_char_common.o)
    0x080003c4   0x00000008   Code   RO         1684    .text               c_p.l(ferror.o)
    0x080003cc   0x0000003e   Code   RO         1688    .text               c_p.l(sys_stackheap_outer.o)
    0x0800040a   0x00000024   Code   RO         1691    .text               c_p.l(__printf_nopercent.o)
    0x0800042e   0x00000010   Code   RO         1693    .text               c_p.l(exit.o)
    0x0800043e   0x00000002   PAD
    0x08000440   0x00000008   Code   RO         1705    .text               c_p.l(libspace.o)
    0x08000448   0x00000002   Code   RO         1337    i.ADC_IRQHandler    SC_it.o
    0x0800044a   0x00000002   Code   RO         1338    i.BTM_IRQHandler    SC_it.o
    0x0800044c   0x00000002   Code   RO         1339    i.CMP_IRQHandler    SC_it.o
    0x0800044e   0x00000002   Code   RO         1340    i.DMA0_IRQHandler   SC_it.o
    0x08000450   0x00000002   Code   RO         1341    i.DMA1_IRQHandler   SC_it.o
    0x08000452   0x00000002   Code   RO         1342    i.DMA2_IRQHandler   SC_it.o
    0x08000454   0x00000002   Code   RO         1343    i.DMA3_IRQHandler   SC_it.o
    0x08000456   0x00000022   Code   RO          163    i.Delay             main.o
    0x08000478   0x00000070   Code   RO          196    i.GPIO_Init         sc32f1xxx_gpio.o
    0x080004e8   0x00000002   Code   RO         1344    i.INT0_IRQHandler   SC_it.o
    0x080004ea   0x00000002   Code   RO         1345    i.INT12_15_IRQHandler  SC_it.o
    0x080004ec   0x00000002   Code   RO         1346    i.INT1_7_IRQHandler  SC_it.o
    0x080004ee   0x00000002   Code   RO         1347    i.INT8_11_IRQHandler  SC_it.o
    0x080004f0   0x00000008   Code   RO          143    i.IcResourceInit    CompCtrlDefine.o
    0x080004f8   0x00000002   Code   RO         1348    i.LEDPWM_IRQHandler  SC_it.o
    0x080004fa   0x00000040   Code   RO         1520    i.OLED_Clear        SysFunVarDefine.o
    0x0800053a   0x0000001e   Code   RO         1521    i.OLED_ColorTurn    SysFunVarDefine.o
    0x08000558   0x0000002e   Code   RO         1522    i.OLED_DisplayTurn  SysFunVarDefine.o
    0x08000586   0x0000001c   Code   RO         1523    i.OLED_Display_Off  SysFunVarDefine.o
    0x080005a2   0x0000001c   Code   RO         1524    i.OLED_Display_On   SysFunVarDefine.o
    0x080005be   0x000000fc   Code   RO         1525    i.OLED_Init         SysFunVarDefine.o
    0x080006ba   0x0000002e   Code   RO         1526    i.OLED_Set_Pos      SysFunVarDefine.o
    0x080006e8   0x00000034   Code   RO         1527    i.OLED_ShowByte     SysFunVarDefine.o
    0x0800071c   0x0000002e   Code   RO         1528    i.OLED_WR_Byte      SysFunVarDefine.o
    0x0800074a   0x00000002   PAD
    0x0800074c   0x0000002c   Code   RO          271    i.OPTION_JTAGCmd    sc32f1xxx_option.o
    0x08000778   0x00000020   Code   RO          272    i.OPTION_LVRConfig  sc32f1xxx_option.o
    0x08000798   0x00000002   Code   RO         1349    i.PWM0_IRQHandler   SC_it.o
    0x0800079a   0x00000002   PAD
    0x0800079c   0x0000001c   Code   RO          317    i.PWM_Cmd           sc32f1xxx_pwm.o
    0x080007b8   0x0000001c   Code   RO          319    i.PWM_FDCmd         sc32f1xxx_pwm.o
    0x080007d4   0x0000001a   Code   RO          320    i.PWM_FDInit        sc32f1xxx_pwm.o
    0x080007ee   0x0000001a   Code   RO          327    i.PWM_ITConfig      sc32f1xxx_pwm.o
    0x08000808   0x00000028   Code   RO          328    i.PWM_Init          sc32f1xxx_pwm.o
    0x08000830   0x00000026   Code   RO          331    i.PWM_SetDuty       sc32f1xxx_pwm.o
    0x08000856   0x00000002   PAD
    0x08000858   0x00000020   Code   RO          438    i.RCC_AHBPeriphClockCmd  sc32f1xxx_rcc.o
    0x08000878   0x00000028   Code   RO          440    i.RCC_APB0Cmd       sc32f1xxx_rcc.o
    0x080008a0   0x0000001c   Code   RO          441    i.RCC_APB0Config    sc32f1xxx_rcc.o
    0x080008bc   0x00000020   Code   RO          442    i.RCC_APB0PeriphClockCmd  sc32f1xxx_rcc.o
    0x080008dc   0x0000001c   Code   RO          457    i.RCC_HCLKConfig    sc32f1xxx_rcc.o
    0x080008f8   0x00000030   Code   RO          458    i.RCC_HIRCCmd       sc32f1xxx_rcc.o
    0x08000928   0x00000030   Code   RO          459    i.RCC_HXTCmd        sc32f1xxx_rcc.o
    0x08000958   0x00000002   Code   RO         1350    i.RCC_IRQHandler    SC_it.o
    0x0800095a   0x00000002   PAD
    0x0800095c   0x00000034   Code   RO          460    i.RCC_ITConfig      sc32f1xxx_rcc.o
    0x08000990   0x00000030   Code   RO          462    i.RCC_LIRCCmd       sc32f1xxx_rcc.o
    0x080009c0   0x00000030   Code   RO          463    i.RCC_LXTCmd        sc32f1xxx_rcc.o
    0x080009f0   0x000000d0   Code   RO          468    i.RCC_SYSCLKConfig  sc32f1xxx_rcc.o
    0x08000ac0   0x00000048   Code   RO          469    i.RCC_SystickCLKConfig  sc32f1xxx_rcc.o
    0x08000b08   0x00000024   Code   RO          470    i.RCC_SystickCmd    sc32f1xxx_rcc.o
    0x08000b2c   0x0000001c   Code   RO          472    i.RCC_SystickSetCounter  sc32f1xxx_rcc.o
    0x08000b48   0x00000018   Code   RO          473    i.RCC_Unlock        sc32f1xxx_rcc.o
    0x08000b60   0x0000009c   Code   RO         1085    i.SC_GPIO_Init      SC_Init.o
    0x08000bfc   0x00000024   Code   RO         1088    i.SC_Init           SC_Init.o
    0x08000c20   0x0000003c   Code   RO         1093    i.SC_OPTION_Init    SC_Init.o
    0x08000c5c   0x000000c4   Code   RO         1094    i.SC_PWM0_Init      SC_Init.o
    0x08000d20   0x00000044   Code   RO         1096    i.SC_RCC_Init       SC_Init.o
    0x08000d64   0x00000026   Code   RO         1099    i.SC_SYSTICK_Init   SC_Init.o
    0x08000d8a   0x00000002   PAD
    0x08000d8c   0x000000c4   Code   RO         1102    i.SC_TIM2_Init      SC_Init.o
    0x08000e50   0x000000b4   Code   RO         1108    i.SC_TWI0_Init      SC_Init.o
    0x08000f04   0x000000a8   Code   RO         1110    i.SC_UART0_Init     SC_Init.o
    0x08000fac   0x00000002   Code   RO         1351    i.SPI0_IRQHandler   SC_it.o
    0x08000fae   0x00000002   Code   RO         1352    i.SPI1_IRQHandler   SC_it.o
    0x08000fb0   0x00000002   Code   RO         1353    i.SysTick_IRQHandler  SC_it.o
    0x08000fb2   0x00000002   PAD
    0x08000fb4   0x00000010   Code   RO         1622    i.SystemInit        system_sc32f1xxx.o
    0x08000fc4   0x00000002   Code   RO         1354    i.TIMER0_IRQHandler  SC_it.o
    0x08000fc6   0x00000002   Code   RO         1355    i.TIMER1_IRQHandler  SC_it.o
    0x08000fc8   0x00000010   Code   RO         1356    i.TIMER2_IRQHandler  SC_it.o
    0x08000fd8   0x00000002   Code   RO         1357    i.TIMER3_IRQHandler  SC_it.o
    0x08000fda   0x00000002   Code   RO         1358    i.TIMER4_5_IRQHandler  SC_it.o
    0x08000fdc   0x00000002   Code   RO         1359    i.TIMER6_7_IRQHandler  SC_it.o
    0x08000fde   0x00000004   Code   RO          674    i.TIM_ClearFlag     sc32f1xxx_tim.o
    0x08000fe2   0x00000002   PAD
    0x08000fe4   0x0000001c   Code   RO          676    i.TIM_Cmd           sc32f1xxx_tim.o
    0x08001000   0x0000001a   Code   RO          677    i.TIM_DMACmd        sc32f1xxx_tim.o
    0x0800101a   0x00000002   PAD
    0x0800101c   0x0000001c   Code   RO          685    i.TIM_ICCmd         sc32f1xxx_tim.o
    0x08001038   0x00000048   Code   RO          686    i.TIM_ICInit        sc32f1xxx_tim.o
    0x08001080   0x0000001a   Code   RO          688    i.TIM_ITConfig      sc32f1xxx_tim.o
    0x0800109a   0x00000002   PAD
    0x0800109c   0x00000064   Code   RO          690    i.TIM_PWMInit       sc32f1xxx_tim.o
    0x08001100   0x0000002c   Code   RO          691    i.TIM_PWMSetDuty    sc32f1xxx_tim.o
    0x0800112c   0x0000001a   Code   RO          693    i.TIM_PinRemapConfig  sc32f1xxx_tim.o
    0x08001146   0x00000002   PAD
    0x08001148   0x00000028   Code   RO          697    i.TIM_TIMBaseInit   sc32f1xxx_tim.o
    0x08001170   0x00000028   Code   RO         1360    i.TWI0_IRQHandler   SC_it.o
    0x08001198   0x00000002   Code   RO         1361    i.TWI1_IRQHandler   SC_it.o
    0x0800119a   0x00000008   Code   RO          839    i.TWI_ClearFlag     sc32f1xxx_twi.o
    0x080011a2   0x00000002   PAD
    0x080011a4   0x0000001c   Code   RO          840    i.TWI_Cmd           sc32f1xxx_twi.o
    0x080011c0   0x0000001a   Code   RO          841    i.TWI_DMACmd        sc32f1xxx_twi.o
    0x080011da   0x00000002   PAD
    0x080011dc   0x0000001c   Code   RO          844    i.TWI_GenerateSTART  sc32f1xxx_twi.o
    0x080011f8   0x0000001c   Code   RO          845    i.TWI_GenerateSTOP  sc32f1xxx_twi.o
    0x08001214   0x00000014   Code   RO          846    i.TWI_GetFlagStatus  sc32f1xxx_twi.o
    0x08001228   0x0000001a   Code   RO          849    i.TWI_ITConfig      sc32f1xxx_twi.o
    0x08001242   0x00000002   PAD
    0x08001244   0x00000034   Code   RO          850    i.TWI_Init          sc32f1xxx_twi.o
    0x08001278   0x00000028   Code   RO          851    i.TWI_PinRemapConfig  sc32f1xxx_twi.o
    0x080012a0   0x00000028   Code   RO         1529    i.TWI_SendByte      SysFunVarDefine.o
    0x080012c8   0x00000004   Code   RO          854    i.TWI_SendData      sc32f1xxx_twi.o
    0x080012cc   0x0000002c   Code   RO         1530    i.TWI_Start         SysFunVarDefine.o
    0x080012f8   0x0000001c   Code   RO         1531    i.TWI_Stop          SysFunVarDefine.o
    0x08001314   0x00000002   Code   RO         1362    i.UART0_2_IRQHandler  SC_it.o
    0x08001316   0x00000002   Code   RO         1363    i.UART1_3_IRQHandler  SC_it.o
    0x08001318   0x00000004   Code   RO          973    i.UART_ClearFlag    sc32f1xxx_uart.o
    0x0800131c   0x0000001a   Code   RO          974    i.UART_DMACmd       sc32f1xxx_uart.o
    0x08001336   0x00000014   Code   RO          976    i.UART_GetFlagStatus  sc32f1xxx_uart.o
    0x0800134a   0x0000001a   Code   RO          977    i.UART_ITConfig     sc32f1xxx_uart.o
    0x08001364   0x0000004c   Code   RO          978    i.UART_Init         sc32f1xxx_uart.o
    0x080013b0   0x00000024   Code   RO          979    i.UART_PinRemapConfig  sc32f1xxx_uart.o
    0x080013d4   0x0000001c   Code   RO          980    i.UART_RXCmd        sc32f1xxx_uart.o
    0x080013f0   0x00000008   Code   RO          982    i.UART_SendData     sc32f1xxx_uart.o
    0x080013f8   0x0000001c   Code   RO          983    i.UART_TXCmd        sc32f1xxx_uart.o
    0x08001414   0x00000078   Code   RO         1115    i.__NVIC_SetPriority  SC_Init.o
    0x0800148c   0x00000004   Code   RO          984    i._sys_exit         sc32f1xxx_uart.o
    0x08001490   0x0000000e   Code   RO         1532    i.delay             SysFunVarDefine.o
    0x0800149e   0x00000002   PAD
    0x080014a0   0x0000002c   Code   RO          164    i.fputc             main.o
    0x080014cc   0x000001d8   Code   RO          165    i.main              main.o
    0x080016a4   0x00000020   Data   RO         1831    Region$$Table       anon$$obj.o


    Execution Region RW_IRAM1 (Base: 0x20000000, Size: 0x00000670, Max: 0x00002000, ABSOLUTE)

    Base Addr    Size         Type   Attr      Idx    E Section Name        Object

    0x20000000   0x00000008   Data   RW          986    .data               sc32f1xxx_uart.o
    0x20000008   0x00000003   Data   RW         1534    .data               SysFunVarDefine.o
    0x2000000b   0x00000001   PAD
    0x2000000c   0x00000060   Zero   RW         1706    .bss                c_p.l(libspace.o)
    0x2000006c   0x00000004   PAD
    0x20000070   0x00000200   Zero   RW         1512    HEAP                startup_sc32f10xx.o
    0x20000270   0x00000400   Zero   RW         1511    STACK               startup_sc32f10xx.o


==============================================================================

Image component sizes


      Code (inc. data)   RO Data    RW Data    ZI Data      Debug   Object Name

         0          0          0          0          0      80120   CallBackFunction.o
         8          0          0          0          0        497   CompCtrlDefine.o
      1218         76          0          0          0      15655   SC_Init.o
       106         14          0          0          0      12306   SC_it.o
       718         30          0          3          0       8122   SysFunVarDefine.o
       550         42          0          0          0       1879   main.o
       112          0          0          0          0       1168   sc32f1xxx_gpio.o
        76         10          0          0          0       1136   sc32f1xxx_option.o
       186          8          0          0          0       4171   sc32f1xxx_pwm.o
       772         88          0          0          0       9114   sc32f1xxx_rcc.o
       394         28          0          0          0       6829   sc32f1xxx_tim.o
       260         20          0          0          0       6608   sc32f1xxx_twi.o
       256         16          0          8          0       8274   sc32f1xxx_uart.o
       132         64        192          0       1536        836   startup_sc32f10xx.o
        16          6          0          0          0        465   system_sc32f1xxx.o

    ----------------------------------------------------------------------
      4832        402        224         12       1536     157180   Object Totals
         0          0         32          0          0          0   (incl. Generated)
        28          0          0          1          0          0   (incl. Padding)

    ----------------------------------------------------------------------

      Code (inc. data)   RO Data    RW Data    ZI Data      Debug   Library Member Name

         8          0          0          0          0         68   __main.o
        36          0          0          0          0         76   __printf_nopercent.o
         0          0          0          0          0          0   __rtentry.o
        12          0          0          0          0          0   __rtentry2.o
         6          0          0          0          0          0   __rtentry4.o
        60          8          0          0          0          0   __scatter.o
        26          0          0          0          0          0   __scatter_copy.o
        28          0          0          0          0          0   __scatter_zi.o
        48          6          0          0          0         88   _printf_char_common.o
        40          6          0          0          0         72   _printf_char_file.o
       346          0          0          0          0         92   aeabi_sdiv.o
        16          0          0          0          0         68   exit.o
         8          0          0          0          0         60   ferror.o
         6          0          0          0          0        136   heapauxi.o
         2          0          0          0          0          0   libinit.o
         2          0          0          0          0          0   libinit2.o
         2          0          0          0          0          0   libshutdown.o
         2          0          0          0          0          0   libshutdown2.o
         8          4          0          0         96         68   libspace.o
        28          6          0          0          0         84   noretval__2printf.o
         2          0          0          0          0          0   rtexit.o
        10          0          0          0          0          0   rtexit2.o
        62          0          0          0          0         80   sys_stackheap_outer.o
         2          0          0          0          0         68   use_no_semi.o
         2          0          0          0          0         68   use_no_semi_2.o

    ----------------------------------------------------------------------
       772         30          0          0        100       1028   Library Totals
        10          0          0          0          4          0   (incl. Padding)

    ----------------------------------------------------------------------

      Code (inc. data)   RO Data    RW Data    ZI Data      Debug   Library Name

       762         30          0          0         96       1028   c_p.l

    ----------------------------------------------------------------------
       772         30          0          0        100       1028   Library Totals

    ----------------------------------------------------------------------

==============================================================================


      Code (inc. data)   RO Data    RW Data    ZI Data      Debug   

      5604        432        224         12       1636     153216   Grand Totals
      5604        432        224         12       1636     153216   ELF Image Totals
      5604        432        224         12          0          0   ROM Totals

==============================================================================

    Total RO  Size (Code + RO Data)                 5828 (   5.69kB)
    Total RW  Size (RW Data + ZI Data)              1648 (   1.61kB)
    Total ROM Size (Code + RO Data + RW Data)       5840 (   5.70kB)

==============================================================================

