Component: ARM Compiler 5.06 update 7 (build 960) Tool: armlink [4d3601]

==============================================================================

Section Cross References

    main.o(i.Beep) refers to sc32f1xxx_pwm.o(i.PWM_SetDuty) for PWM_SetDuty
    main.o(i.Beep) refers to main.o(i.Delay) for Delay
    main.o(i.fputc) refers to sc32f1xxx_uart.o(i.UART_SendData) for UART_SendData
    main.o(i.fputc) refers to sc32f1xxx_uart.o(i.UART_GetFlagStatus) for UART_GetFlagStatus
    main.o(i.fputc) refers to sc32f1xxx_uart.o(i.UART_ClearFlag) for UART_ClearFlag
    main.o(i.main) refers to compctrldefine.o(i.IcResourceInit) for IcResourceInit
    main.o(i.main) refers to sysfunvardefine.o(i.OLED_Init) for OLED_Init
    main.o(i.main) refers to printfb.o(i.__0printf$bare) for __2printf
    main.o(i.main) refers to main.o(i.Beep) for Beep
    main.o(i.main) refers to sysfunvardefine.o(i.OLED_ShowByte) for OLED_ShowByte
    main.o(i.main) refers to sc32f1xxx_pwm.o(i.PWM_SetDuty) for PWM_SetDuty
    main.o(i.main) refers to main.o(i.Delay) for Delay
    main.o(i.main) refers to sc32f1xxx_tim.o(i.TIM_Cmd) for TIM_Cmd
    main.o(i.uart_getc) refers to sc32f1xxx_uart.o(i.UART_GetFlagStatus) for UART_GetFlagStatus
    main.o(i.uart_getc) refers to sc32f1xxx_uart.o(i.UART_ReceiveData) for UART_ReceiveData
    main.o(i.uart_getc) refers to sc32f1xxx_uart.o(i.UART_ClearFlag) for UART_ClearFlag
    main.o(i.uart_getchar) refers to main.o(i.uart_getc) for uart_getc
    main.o(i.uart_scanf) refers to main.o(i.uart_getchar) for uart_getchar
    sc_it.o(i.TIMER2_IRQHandler) refers to sc32f1xxx_tim.o(i.TIM_ClearFlag) for TIM_ClearFlag
    sc_it.o(i.TWI0_IRQHandler) refers to sc32f1xxx_twi.o(i.TWI_GetFlagStatus) for TWI_GetFlagStatus
    sc_it.o(i.TWI0_IRQHandler) refers to sc32f1xxx_twi.o(i.TWI_ClearFlag) for TWI_ClearFlag
    sc_it.o(i.TWI0_IRQHandler) refers to sysfunvardefine.o(.data) for TWI0Flag
    sc_init.o(i.SC_GPIO_Init) refers to sc32f1xxx_gpio.o(i.GPIO_Init) for GPIO_Init
    sc_init.o(i.SC_Init) refers to sc_init.o(i.SC_GPIO_Init) for SC_GPIO_Init
    sc_init.o(i.SC_Init) refers to sc_init.o(i.SC_OPTION_Init) for SC_OPTION_Init
    sc_init.o(i.SC_Init) refers to sc_init.o(i.SC_RCC_Init) for SC_RCC_Init
    sc_init.o(i.SC_Init) refers to sc_init.o(i.SC_SYSTICK_Init) for SC_SYSTICK_Init
    sc_init.o(i.SC_Init) refers to sc_init.o(i.SC_UART0_Init) for SC_UART0_Init
    sc_init.o(i.SC_Init) refers to sc_init.o(i.SC_TWI0_Init) for SC_TWI0_Init
    sc_init.o(i.SC_Init) refers to sc_init.o(i.SC_TIM2_Init) for SC_TIM2_Init
    sc_init.o(i.SC_Init) refers to sc_init.o(i.SC_PWM0_Init) for SC_PWM0_Init
    sc_init.o(i.SC_OPTION_Init) refers to sc32f1xxx_option.o(i.OPTION_LVRConfig) for OPTION_LVRConfig
    sc_init.o(i.SC_OPTION_Init) refers to sc32f1xxx_option.o(i.OPTION_JTAGCmd) for OPTION_JTAGCmd
    sc_init.o(i.SC_OPTION_Init) refers to sc32f1xxx_rcc.o(i.RCC_AHBPeriphClockCmd) for RCC_AHBPeriphClockCmd
    sc_init.o(i.SC_PWM0_Init) refers to sc32f1xxx_rcc.o(i.RCC_Unlock) for RCC_Unlock
    sc_init.o(i.SC_PWM0_Init) refers to sc32f1xxx_rcc.o(i.RCC_APB0PeriphClockCmd) for RCC_APB0PeriphClockCmd
    sc_init.o(i.SC_PWM0_Init) refers to sc32f1xxx_pwm.o(i.PWM_SetDuty) for PWM_SetDuty
    sc_init.o(i.SC_PWM0_Init) refers to sc32f1xxx_pwm.o(i.PWM_Init) for PWM_Init
    sc_init.o(i.SC_PWM0_Init) refers to sc32f1xxx_pwm.o(i.PWM_FDInit) for PWM_FDInit
    sc_init.o(i.SC_PWM0_Init) refers to sc32f1xxx_pwm.o(i.PWM_FDCmd) for PWM_FDCmd
    sc_init.o(i.SC_PWM0_Init) refers to sc32f1xxx_pwm.o(i.PWM_ITConfig) for PWM_ITConfig
    sc_init.o(i.SC_PWM0_Init) refers to sc32f1xxx_pwm.o(i.PWM_Cmd) for PWM_Cmd
    sc_init.o(i.SC_RCC_Init) refers to sc32f1xxx_rcc.o(i.RCC_Unlock) for RCC_Unlock
    sc_init.o(i.SC_RCC_Init) refers to sc32f1xxx_rcc.o(i.RCC_HXTCmd) for RCC_HXTCmd
    sc_init.o(i.SC_RCC_Init) refers to sc32f1xxx_rcc.o(i.RCC_LXTCmd) for RCC_LXTCmd
    sc_init.o(i.SC_RCC_Init) refers to sc32f1xxx_rcc.o(i.RCC_LIRCCmd) for RCC_LIRCCmd
    sc_init.o(i.SC_RCC_Init) refers to sc32f1xxx_rcc.o(i.RCC_HIRCCmd) for RCC_HIRCCmd
    sc_init.o(i.SC_RCC_Init) refers to sc32f1xxx_rcc.o(i.RCC_ITConfig) for RCC_ITConfig
    sc_init.o(i.SC_RCC_Init) refers to sc32f1xxx_rcc.o(i.RCC_SYSCLKConfig) for RCC_SYSCLKConfig
    sc_init.o(i.SC_RCC_Init) refers to sc32f1xxx_rcc.o(i.RCC_HCLKConfig) for RCC_HCLKConfig
    sc_init.o(i.SC_RCC_Init) refers to sc32f1xxx_rcc.o(i.RCC_APB0Config) for RCC_APB0Config
    sc_init.o(i.SC_RCC_Init) refers to sc32f1xxx_rcc.o(i.RCC_APB0Cmd) for RCC_APB0Cmd
    sc_init.o(i.SC_SYSTICK_Init) refers to sc32f1xxx_rcc.o(i.RCC_Unlock) for RCC_Unlock
    sc_init.o(i.SC_SYSTICK_Init) refers to sc32f1xxx_rcc.o(i.RCC_SystickCLKConfig) for RCC_SystickCLKConfig
    sc_init.o(i.SC_SYSTICK_Init) refers to sc32f1xxx_rcc.o(i.RCC_SystickSetCounter) for RCC_SystickSetCounter
    sc_init.o(i.SC_SYSTICK_Init) refers to sc_init.o(i.__NVIC_SetPriority) for __NVIC_SetPriority
[...]
    sysfunvardefine.o(i.OLED_WR_Byte) refers to sysfunvardefine.o(i.TWI_Stop) for TWI_Stop
    sysfunvardefine.o(i.TWI_SendByte) refers to sc32f1xxx_twi.o(i.TWI_SendData) for TWI_SendData
    sysfunvardefine.o(i.TWI_SendByte) refers to sysfunvardefine.o(.data) for TWI0Flag
    sysfunvardefine.o(i.TWI_Start) refers to sc32f1xxx_twi.o(i.TWI_GenerateSTART) for TWI_GenerateSTART
    sysfunvardefine.o(i.TWI_Start) refers to sysfunvardefine.o(i.delay) for delay
    sysfunvardefine.o(i.TWI_Start) refers to sysfunvardefine.o(.data) for TWI0Flag
    sysfunvardefine.o(i.TWI_Stop) refers to sc32f1xxx_twi.o(i.TWI_GenerateSTOP) for TWI_GenerateSTOP
    sysfunvardefine.o(i.TWI_Stop) refers to sysfunvardefine.o(i.delay) for delay
    compctrldefine.o(i.IcResourceInit) refers to sc_init.o(i.SC_Init) for SC_Init
    sc32f1xxx_tim.o(i.TIM_DeInit) refers to sc32f1xxx_rcc.o(i.RCC_APB0PeriphResetCmd) for RCC_APB0PeriphResetCmd
    sc32f1xxx_tim.o(i.TIM_DeInit) refers to sc32f1xxx_rcc.o(i.RCC_APB1PeriphResetCmd) for RCC_APB1PeriphResetCmd
    sc32f1xxx_uart.o(i.Printf_UartInit) refers to sc32f1xxx_uart.o(.data) for Printf_Uart
    sc32f1xxx_uart.o(i.UART_DeInit) refers to sc32f1xxx_rcc.o(i.RCC_APB0PeriphResetCmd) for RCC_APB0PeriphResetCmd
    sc32f1xxx_uart.o(i.UART_DeInit) refers to sc32f1xxx_rcc.o(i.RCC_APB1PeriphResetCmd) for RCC_APB1PeriphResetCmd
    sc32f1xxx_uart.o(i.UART_DeInit) refers to sc32f1xxx_rcc.o(i.RCC_APB2PeriphResetCmd) for RCC_APB2PeriphResetCmd
    sc32f1xxx_uart.o(i.UART_Init) refers to uidiv.o(.text) for __aeabi_uidivmod
    sc32f1xxx_uart.o(i.fputc) refers to sc32f1xxx_uart.o(i.UART_SendData) for UART_SendData
    sc32f1xxx_uart.o(i.fputc) refers to sc32f1xxx_uart.o(i.UART_GetFlagStatus) for UART_GetFlagStatus
    sc32f1xxx_uart.o(i.fputc) refers to sc32f1xxx_uart.o(i.UART_ClearFlag) for UART_ClearFlag
    sc32f1xxx_uart.o(i.fputc) refers to sc32f1xxx_uart.o(.data) for Printf_Uart
    sc32f1xxx_pwm.o(i.PWM_DeInit) refers to sc32f1xxx_rcc.o(i.RCC_APB0PeriphResetCmd) for RCC_APB0PeriphResetCmd
    sc32f1xxx_twi.o(i.TWI_DeInit) refers to sc32f1xxx_rcc.o(i.RCC_APB0PeriphResetCmd) for RCC_APB0PeriphResetCmd
    sc32f1xxx_twi.o(i.TWI_DeInit) refers to sc32f1xxx_rcc.o(i.RCC_APB1PeriphResetCmd) for RCC_APB1PeriphResetCmd
    sc32f1xxx_rcc.o(i.RCC_BTMCLKConfig) refers to sc32f1xxx_rcc.o(i.RCC_Unlock) for RCC_Unlock
    sc32f1xxx_rcc.o(i.RCC_GetClocksFreq) refers to uidiv.o(.text) for __aeabi_uidivmod
    sc32f1xxx_rcc.o(i.RCC_HIRCCmd) refers to sc32f1xxx_rcc.o(i.RCC_Unlock) for RCC_Unlock
    sc32f1xxx_rcc.o(i.RCC_HXTCmd) refers to sc32f1xxx_rcc.o(i.RCC_Unlock) for RCC_Unlock
    sc32f1xxx_rcc.o(i.RCC_ITConfig) refers to sc32f1xxx_rcc.o(i.RCC_Unlock) for RCC_Unlock
    sc32f1xxx_rcc.o(i.RCC_LCDLEDCLKConfig) refers to sc32f1xxx_rcc.o(i.RCC_Unlock) for RCC_Unlock
    sc32f1xxx_rcc.o(i.RCC_LIRCCmd) refers to sc32f1xxx_rcc.o(i.RCC_Unlock) for RCC_Unlock
    sc32f1xxx_rcc.o(i.RCC_LXTCmd) refers to sc32f1xxx_rcc.o(i.RCC_Unlock) for RCC_Unlock
    sc32f1xxx_rcc.o(i.RCC_PLLCmd) refers to sc32f1xxx_rcc.o(i.RCC_Unlock) for RCC_Unlock
    sc32f1xxx_rcc.o(i.RCC_PLLConfig) refers to sc32f1xxx_rcc.o(i.RCC_Unlock) for RCC_Unlock
    sc32f1xxx_rcc.o(i.RCC_PLLRCmd) refers to sc32f1xxx_rcc.o(i.RCC_Unlock) for RCC_Unlock
    sc32f1xxx_rcc.o(i.RCC_SYSCLKConfig) refers to sc32f1xxx_rcc.o(i.RCC_Unlock) for RCC_Unlock
    sc32f1xxx_rcc.o(i.RCC_SYSCLKConfig) refers to uidiv.o(.text) for __aeabi_uidivmod
    sc32f1xxx_rcc.o(i.RCC_SystickCLKConfig) refers to sc32f1xxx_rcc.o(i.RCC_Unlock) for RCC_Unlock
    sc32f1xxx_rcc.o(i.RCC_WaitConfig) refers to sc32f1xxx_rcc.o(i.RCC_Unlock) for RCC_Unlock
    startup_sc32f10xx.o(RESET) refers to startup_sc32f10xx.o(STACK) for __initial_sp
    startup_sc32f10xx.o(RESET) refers to startup_sc32f10xx.o(.text) for Reset_Handler
    startup_sc32f10xx.o(RESET) refers to sc_it.o(i.SysTick_IRQHandler) for SysTick_IRQHandler
    startup_sc32f10xx.o(RESET) refers to sc_it.o(i.INT0_IRQHandler) for INT0_IRQHandler
    startup_sc32f10xx.o(RESET) refers to sc_it.o(i.INT1_7_IRQHandler) for INT1_7_IRQHandler
    startup_sc32f10xx.o(RESET) refers to sc_it.o(i.INT8_11_IRQHandler) for INT8_11_IRQHandler
    startup_sc32f10xx.o(RESET) refers to sc_it.o(i.INT12_15_IRQHandler) for INT12_15_IRQHandler
    startup_sc32f10xx.o(RESET) refers to sc_it.o(i.RCC_IRQHandler) for RCC_IRQHandler
    startup_sc32f10xx.o(RESET) refers to sc_it.o(i.BTM_IRQHandler) for BTM_IRQHandler
    startup_sc32f10xx.o(RESET) refers to sc_it.o(i.UART0_2_IRQHandler) for UART0_2_IRQHandler
    startup_sc32f10xx.o(RESET) refers to sc_it.o(i.UART1_3_IRQHandler) for UART1_3_IRQHandler
    startup_sc32f10xx.o(RESET) refers to sc_it.o(i.SPI0_IRQHandler) for SPI0_IRQHandler
    startup_sc32f10xx.o(RESET) refers to sc_it.o(i.SPI1_IRQHandler) for SPI1_IRQHandler
    startup_sc32f10xx.o(RESET) refers to sc_it.o(i.DMA0_IRQHandler) for DMA0_IRQHandler
    startup_sc32f10xx.o(RESET) refers to sc_it.o(i.DMA1_IRQHandler) for DMA1_IRQHandler
    startup_sc32f10xx.o(RESET) refers to sc_it.o(i.DMA2_IRQHandler) for DMA2_IRQHandler
    startup_sc32f10xx.o(RESET) refers to sc_it.o(i.DMA3_IRQHandler) for DMA3_IRQHandler
    startup_sc32f10xx.o(RESET) refers to sc_it.o(i.TIMER0_IRQHandler) for TIMER0_IRQHandler
    startup_sc32f10xx.o(RESET) refers to sc_it.o(i.TIMER1_IRQHandler) for TIMER1_IRQHandler
    startup_sc32f10xx.o(RESET) refers to sc_it.o(i.TIMER2_IRQHandler) for TIMER2_IRQHandler
    startup_sc32f10xx.o(RESET) refers to sc_it.o(i.TIMER3_IRQHandler) for TIMER3_IRQHandler
    startup_sc32f10xx.o(RESET) refers to sc_it.o(i.TIMER4_5_IRQHandler) for TIMER4_5_IRQHandler
    startup_sc32f10xx.o(RESET) refers to sc_it.o(i.TIMER6_7_IRQHandler) for TIMER6_7_IRQHandler
    startup_sc32f10xx.o(RESET) refers to sc_it.o(i.PWM0_IRQHandler) for PWM0_IRQHandler
    startup_sc32f10xx.o(RESET) refers to sc_it.o(i.LEDPWM_IRQHandler) for LEDPWM_IRQHandler
    startup_sc32f10xx.o(RESET) refers to sc_it.o(i.TWI0_IRQHandler) for TWI0_IRQHandler
    startup_sc32f10xx.o(RESET) refers to sc_it.o(i.TWI1_IRQHandler) for TWI1_IRQHandler
    startup_sc32f10xx.o(RESET) refers to sc_it.o(i.ADC_IRQHandler) for ADC_IRQHandler
    startup_sc32f10xx.o(RESET) refers to sc_it.o(i.CMP_IRQHandler) for CMP_IRQHandler
    startup_sc32f10xx.o(.text) refers to system_sc32f1xxx.o(i.SystemInit) for SystemInit
    startup_sc32f10xx.o(.text) refers to entry.o(.ARM.Collect$$$$00000000) for __main
    entry.o(.ARM.Collect$$$$00000000) refers (Special) to entry10a.o(.ARM.Collect$$$$0000000F) for __rt_final_cpp
    entry.o(.ARM.Collect$$$$00000000) refers (Special) to entry11a.o(.ARM.Collect$$$$00000011) for __rt_final_exit
    entry.o(.ARM.Collect$$$$00000000) refers (Special) to entry12b.o(.ARM.Collect$$$$0000000E) for __rt_lib_shutdown_fini
    entry.o(.ARM.Collect$$$$00000000) refers (Special) to entry7b.o(.ARM.Collect$$$$00000008) for _main_clock
    entry.o(.ARM.Collect$$$$00000000) refers (Special) to entry8b.o(.ARM.Collect$$$$0000000A) for _main_cpp_init
    entry.o(.ARM.Collect$$$$00000000) refers (Special) to entry9a.o(.ARM.Collect$$$$0000000B) for _main_init
    entry.o(.ARM.Collect$$$$00000000) refers (Special) to entry5.o(.ARM.Collect$$$$00000004) for _main_scatterload
    entry.o(.ARM.Collect$$$$00000000) refers (Special) to entry2.o(.ARM.Collect$$$$00000001) for _main_stk
    printfb.o(i.__0fprintf$bare) refers to printfb.o(i._printf_core) for _printf_core
    printfb.o(i.__0fprintf$bare) refers to main.o(i.fputc) for fputc
    printfb.o(i.__0printf$bare) refers to printfb.o(i._printf_core) for _printf_core
    printfb.o(i.__0printf$bare) refers to main.o(i.fputc) for fputc
    printfb.o(i.__0printf$bare) refers to sc32f1xxx_uart.o(.data) for __stdout
    printfb.o(i.__0snprintf$bare) refers to printfb.o(i._printf_core) for _printf_core
    printfb.o(i.__0snprintf$bare) refers to printfb.o(i._snputc) for _snputc
    printfb.o(i.__0sprintf$bare) refers to printfb.o(i._printf_core) for _printf_core
    printfb.o(i.__0sprintf$bare) refers to printfb.o(i._sputc) for _sputc
    printfb.o(i.__0vfprintf$bare) refers to printfb.o(i._printf_core) for _printf_core
    printfb.o(i.__0vfprintf$bare) refers to main.o(i.fputc) for fputc
    printfb.o(i.__0vprintf$bare) refers to printfb.o(i._printf_core) for _printf_core
    printfb.o(i.__0vprintf$bare) refers to main.o(i.fputc) for fputc
    printfb.o(i.__0vprintf$bare) refers to sc32f1xxx_uart.o(.data) for __stdout
    printfb.o(i.__0vsnprintf$bare) refers to printfb.o(i._printf_core) for _printf_core
    printfb.o(i.__0vsnprintf$bare) refers to printfb.o(i._snputc) for _snputc
    printfb.o(i.__0vsprintf$bare) refers to printfb.o(i._printf_core) for _printf_core
    printfb.o(i.__0vsprintf$bare) refers to printfb.o(i._sputc) for _sputc
    printf0.o(i.__0fprintf$0) refers to printf0.o(i._printf_core) for _printf_core
    printf0.o(i.__0fprintf$0) refers to main.o(i.fputc) for fputc
    printf0.o(i.__0printf$0) refers to printf0.o(i._printf_core) for _printf_core
    printf0.o(i.__0printf$0) refers to main.o(i.fputc) for fputc
    printf0.o(i.__0printf$0) refers to sc32f1xxx_uart.o(.data) for __stdout
    printf0.o(i.__0snprintf$0) refers to printf0.o(i._printf_core) for _printf_core
    printf0.o(i.__0snprintf$0) refers to printf0.o(i._snputc) for _snputc
    printf0.o(i.__0sprintf$0) refers to printf0.o(i._printf_core) for _printf_core
    printf0.o(i.__0sprintf$0) refers to printf0.o(i._sputc) for _sputc
    printf0.o(i.__0vfprintf$0) refers to printf0.o(i._printf_core) for _printf_core
    printf0.o(i.__0vfprintf$0) refers to main.o(i.fputc) for fputc
    printf0.o(i.__0vprintf$0) refers to printf0.o(i._printf_core) for _printf_core
    printf0.o(i.__0vprintf$0) refers to main.o(i.fputc) for fputc
    printf0.o(i.__0vprintf$0) refers to sc32f1xxx_uart.o(.data) for __stdout
    printf0.o(i.__0vsnprintf$0) refers to printf0.o(i._printf_core) for _printf_core
    printf0.o(i.__0vsnprintf$0) refers to printf0.o(i._snputc) for _snputc
    printf0.o(i.__0vsprintf$0) refers to printf0.o(i._printf_core) for _printf_core
    printf0.o(i.__0vsprintf$0) refers to printf0.o(i._sputc) for _sputc
    printf1.o(i.__0fprintf$1) refers to printf1.o(i._printf_core) for _printf_core
    printf1.o(i.__0fprintf$1) refers to main.o(i.fputc) for fputc
    printf1.o(i.__0printf$1) refers to printf1.o(i._printf_core) for _printf_core
    printf1.o(i.__0printf$1) refers to main.o(i.fputc) for fputc
    printf1.o(i.__0printf$1) refers to sc32f1xxx_uart.o(.data) for __stdout
    printf1.o(i.__0snprintf$1) refers to printf1.o(i._printf_core) for _printf_core
    printf1.o(i.__0snprintf$1) refers to printf1.o(i._snputc) for _snputc
    printf1.o(i.__0sprintf$1) refers to printf1.o(i._printf_core) for _printf_core
    printf1.o(i.__0sprintf$1) refers to printf1.o(i._sputc) for _sputc
    printf1.o(i.__0vfprintf$1) refers to printf1.o(i._printf_core) for _printf_core
    printf1.o(i.__0vfprintf$1) refers to main.o(i.fputc) for fputc
    printf1.o(i.__0vprintf$1) refers to printf1.o(i._printf_core) for _printf_core
    printf1.o(i.__0vprintf$1) refers to main.o(i.fputc) for fputc
    printf1.o(i.__0vprintf$1) refers to sc32f1xxx_uart.o(.data) for __stdout
    printf1.o(i.__0vsnprintf$1) refers to printf1.o(i._printf_core) for _printf_core
    printf1.o(i.__0vsnprintf$1) refers to printf1.o(i._snputc) for _snputc
    printf1.o(i.__0vsprintf$1) refers to printf1.o(i._printf_core) for _printf_core
    printf1.o(i.__0vsprintf$1) refers to printf1.o(i._sputc) for _sputc
    printf1.o(i._printf_core) refers to uidiv.o(.text) for __aeabi_uidivmod
    printf2.o(i.__0fprintf$2) refers to printf2.o(i._printf_core) for _printf_core
    printf2.o(i.__0fprintf$2) refers to main.o(i.fputc) for fputc
    printf2.o(i.__0printf$2) refers to printf2.o(i._printf_core) for _printf_core
    printf2.o(i.__0printf$2) refers to main.o(i.fputc) for fputc
    printf2.o(i.__0printf$2) refers to sc32f1xxx_uart.o(.data) for __stdout
    printf2.o(i.__0snprintf$2) refers to printf2.o(i._printf_core) for _printf_core
    printf2.o(i.__0snprintf$2) refers to printf2.o(i._snputc) for _snputc
    printf2.o(i.__0sprintf$2) refers to printf2.o(i._printf_core) for _printf_core
    printf2.o(i.__0sprintf$2) refers to printf2.o(i._sputc) for _sputc
    printf2.o(i.__0vfprintf$2) refers to printf2.o(i._printf_core) for _printf_core
    printf2.o(i.__0vfprintf$2) refers to main.o(i.fputc) for fputc
    printf2.o(i.__0vprintf$2) refers to printf2.o(i._printf_core) for _printf_core
    printf2.o(i.__0vprintf$2) refers to main.o(i.fputc) for fputc
    printf2.o(i.__0vprintf$2) refers to sc32f1xxx_uart.o(.data) for __stdout
    printf2.o(i.__0vsnprintf$2) refers to printf2.o(i._printf_core) for _printf_core
    printf2.o(i.__0vsnprintf$2) refers to printf2.o(i._snputc) for _snputc
    printf2.o(i.__0vsprintf$2) refers to printf2.o(i._printf_core) for _printf_core
    printf2.o(i.__0vsprintf$2) refers to printf2.o(i._sputc) for _sputc
    printf3.o(i.__0fprintf$3) refers to printf3.o(i._printf_core) for _printf_core
    printf3.o(i.__0fprintf$3) refers to main.o(i.fputc) for fputc
    printf3.o(i.__0printf$3) refers to printf3.o(i._printf_core) for _printf_core
    printf3.o(i.__0printf$3) refers to main.o(i.fputc) for fputc
    printf3.o(i.__0printf$3) refers to sc32f1xxx_uart.o(.data) for __stdout
    printf3.o(i.__0snprintf$3) refers to printf3.o(i._printf_core) for _printf_core
    printf3.o(i.__0snprintf$3) refers to printf3.o(i._snputc) for _snputc
    printf3.o(i.__0sprintf$3) refers to printf3.o(i._printf_core) for _printf_core
    printf3.o(i.__0sprintf$3) refers to printf3.o(i._sputc) for _sputc
    printf3.o(i.__0vfprintf$3) refers to printf3.o(i._printf_core) for _printf_core
    printf3.o(i.__0vfprintf$3) refers to main.o(i.fputc) for fputc
    printf3.o(i.__0vprintf$3) refers to printf3.o(i._printf_core) for _printf_core
    printf3.o(i.__0vprintf$3) refers to main.o(i.fputc) for fputc
    printf3.o(i.__0vprintf$3) refers to sc32f1xxx_uart.o(.data) for __stdout
    printf3.o(i.__0vsnprintf$3) refers to printf3.o(i._printf_core) for _printf_core
    printf3.o(i.__0vsnprintf$3) refers to printf3.o(i._snputc) for _snputc
    printf3.o(i.__0vsprintf$3) refers to printf3.o(i._printf_core) for _printf_core
    printf3.o(i.__0vsprintf$3) refers to printf3.o(i._sputc) for _sputc
    printf3.o(i._printf_core) refers to uidiv.o(.text) for __aeabi_uidivmod
    printf4.o(i.__0fprintf$4) refers to printf4.o(i._printf_core) for _printf_core
    printf4.o(i.__0fprintf$4) refers to main.o(i.fputc) for fputc
    printf4.o(i.__0printf$4) refers to printf4.o(i._printf_core) for _printf_core
    printf4.o(i.__0printf$4) refers to main.o(i.fputc) for fputc
    printf4.o(i.__0printf$4) refers to sc32f1xxx_uart.o(.data) for __stdout
    printf4.o(i.__0snprintf$4) refers to printf4.o(i._printf_core) for _printf_core
    printf4.o(i.__0snprintf$4) refers to printf4.o(i._snputc) for _snputc
    printf4.o(i.__0sprintf$4) refers to printf4.o(i._printf_core) for _printf_core
    printf4.o(i.__0sprintf$4) refers to printf4.o(i._sputc) for _sputc
    printf4.o(i.__0vfprintf$4) refers to printf4.o(i._printf_core) for _printf_core
    printf4.o(i.__0vfprintf$4) refers to main.o(i.fputc) for fputc
    printf4.o(i.__0vprintf$4) refers to printf4.o(i._printf_core) for _printf_core
    printf4.o(i.__0vprintf$4) refers to main.o(i.fputc) for fputc
    printf4.o(i.__0vprintf$4) refers to sc32f1xxx_uart.o(.data) for __stdout
    printf4.o(i.__0vsnprintf$4) refers to printf4.o(i._printf_core) for _printf_core
    printf4.o(i.__0vsnprintf$4) refers to printf4.o(i._snputc) for _snputc
    printf4.o(i.__0vsprintf$4) refers to printf4.o(i._printf_core) for _printf_core
    printf4.o(i.__0vsprintf$4) refers to printf4.o(i._sputc) for _sputc
    printf4.o(i._printf_core) refers to uldiv.o(.text) for __aeabi_uldivmod
    printf5.o(i.__0fprintf$5) refers to printf5.o(i._printf_core) for _printf_core
    printf5.o(i.__0fprintf$5) refers to main.o(i.fputc) for fputc
    printf5.o(i.__0printf$5) refers to printf5.o(i._printf_core) for _printf_core
    printf5.o(i.__0printf$5) refers to main.o(i.fputc) for fputc
    printf5.o(i.__0printf$5) refers to sc32f1xxx_uart.o(.data) for __stdout
    printf5.o(i.__0snprintf$5) refers to printf5.o(i._printf_core) for _printf_core
    printf5.o(i.__0snprintf$5) refers to printf5.o(i._snputc) for _snputc
    printf5.o(i.__0sprintf$5) refers to printf5.o(i._printf_core) for _printf_core
    printf5.o(i.__0sprintf$5) refers to printf5.o(i._sputc) for _sputc
    printf5.o(i.__0vfprintf$5) refers to printf5.o(i._printf_core) for _printf_core
    printf5.o(i.__0vfprintf$5) refers to main.o(i.fputc) for fputc
    printf5.o(i.__0vprintf$5) refers to printf5.o(i._printf_core) for _printf_core
    printf5.o(i.__0vprintf$5) refers to main.o(i.fputc) for fputc
    printf5.o(i.__0vprintf$5) refers to sc32f1xxx_uart.o(.data) for __stdout
    printf5.o(i.__0vsnprintf$5) refers to printf5.o(i._printf_core) for _printf_core
    printf5.o(i.__0vsnprintf$5) refers to printf5.o(i._snputc) for _snputc
    printf5.o(i.__0vsprintf$5) refers to printf5.o(i._printf_core) for _printf_core
    printf5.o(i.__0vsprintf$5) refers to printf5.o(i._sputc) for _sputc
    printf5.o(i._printf_core) refers to uldiv.o(.text) for __aeabi_uldivmod
    printf6.o(i.__0fprintf$6) refers to printf6.o(i._printf_core) for _printf_core
    printf6.o(i.__0fprintf$6) refers to main.o(i.fputc) for fputc
    printf6.o(i.__0printf$6) refers to printf6.o(i._printf_core) for _printf_core
    printf6.o(i.__0printf$6) refers to main.o(i.fputc) for fputc
    printf6.o(i.__0printf$6) refers to sc32f1xxx_uart.o(.data) for __stdout
    printf6.o(i.__0snprintf$6) refers to printf6.o(i._printf_core) for _printf_core
    printf6.o(i.__0snprintf$6) refers to printf6.o(i._snputc) for _snputc
    printf6.o(i.__0sprintf$6) refers to printf6.o(i._printf_core) for _printf_core
    printf6.o(i.__0sprintf$6) refers to printf6.o(i._sputc) for _sputc
    printf6.o(i.__0vfprintf$6) refers to printf6.o(i._printf_core) for _printf_core
    printf6.o(i.__0vfprintf$6) refers to main.o(i.fputc) for fputc
    printf6.o(i.__0vprintf$6) refers to printf6.o(i._printf_core) for _printf_core
    printf6.o(i.__0vprintf$6) refers to main.o(i.fputc) for fputc
    printf6.o(i.__0vprintf$6) refers to sc32f1xxx_uart.o(.data) for __stdout
    printf6.o(i.__0vsnprintf$6) refers to printf6.o(i._printf_core) for _printf_core
    printf6.o(i.__0vsnprintf$6) refers to printf6.o(i._snputc) for _snputc
    printf6.o(i.__0vsprintf$6) refers to printf6.o(i._printf_core) for _printf_core
    printf6.o(i.__0vsprintf$6) refers to printf6.o(i._sputc) for _sputc
    printf6.o(i._printf_core) refers to printf6.o(i._printf_pre_padding) for _printf_pre_padding
    printf6.o(i._printf_core) refers to printf6.o(i._printf_post_padding) for _printf_post_padding
    printf6.o(i._printf_core) refers to uidiv.o(.text) for __aeabi_uidivmod
    printf7.o(i.__0fprintf$7) refers to printf7.o(i._printf_core) for _printf_core
    printf7.o(i.__0fprintf$7) refers to main.o(i.fputc) for fputc
    printf7.o(i.__0printf$7) refers to printf7.o(i._printf_core) for _printf_core
    printf7.o(i.__0printf$7) refers to main.o(i.fputc) for fputc
    printf7.o(i.__0printf$7) refers to sc32f1xxx_uart.o(.data) for __stdout
    printf7.o(i.__0snprintf$7) refers to printf7.o(i._printf_core) for _printf_core
    printf7.o(i.__0snprintf$7) refers to printf7.o(i._snputc) for _snputc
    printf7.o(i.__0sprintf$7) refers to printf7.o(i._printf_core) for _printf_core
    printf7.o(i.__0sprintf$7) refers to printf7.o(i._sputc) for _sputc
    printf7.o(i.__0vfprintf$7) refers to printf7.o(i._printf_core) for _printf_core
    printf7.o(i.__0vfprintf$7) refers to main.o(i.fputc) for fputc
    printf7.o(i.__0vprintf$7) refers to printf7.o(i._printf_core) for _printf_core
    printf7.o(i.__0vprintf$7) refers to main.o(i.fputc) for fputc
    printf7.o(i.__0vprintf$7) refers to sc32f1xxx_uart.o(.data) for __stdout
    printf7.o(i.__0vsnprintf$7) refers to printf7.o(i._printf_core) for _printf_core
    printf7.o(i.__0vsnprintf$7) refers to printf7.o(i._snputc) for _snputc
    printf7.o(i.__0vsprintf$7) refers to printf7.o(i._printf_core) for _printf_core
    printf7.o(i.__0vsprintf$7) refers to printf7.o(i._sputc) for _sputc
    printf7.o(i._printf_core) refers to printf7.o(i._printf_pre_padding) for _printf_pre_padding
    printf7.o(i._printf_core) refers to printf7.o(i._printf_post_padding) for _printf_post_padding
    printf7.o(i._printf_core) refers to uldiv.o(.text) for __aeabi_uldivmod
    printf8.o(i.__0fprintf$8) refers to printf8.o(i._printf_core) for _printf_core
    printf8.o(i.__0fprintf$8) refers to main.o(i.fputc) for fputc
    printf8.o(i.__0printf$8) refers to printf8.o(i._printf_core) for _printf_core
    printf8.o(i.__0printf$8) refers to main.o(i.fputc) for fputc
    printf8.o(i.__0printf$8) refers to sc32f1xxx_uart.o(.data) for __stdout
    printf8.o(i.__0snprintf$8) refers to printf8.o(i._printf_core) for _printf_core
    printf8.o(i.__0snprintf$8) refers to printf8.o(i._snputc) for _snputc
    printf8.o(i.__0sprintf$8) refers to printf8.o(i._printf_core) for _printf_core
    printf8.o(i.__0sprintf$8) refers to printf8.o(i._sputc) for _sputc
    printf8.o(i.__0vfprintf$8) refers to printf8.o(i._printf_core) for _printf_core
    printf8.o(i.__0vfprintf$8) refers to main.o(i.fputc) for fputc
    printf8.o(i.__0vprintf$8) refers to printf8.o(i._printf_core) for _printf_core
    printf8.o(i.__0vprintf$8) refers to main.o(i.fputc) for fputc
    printf8.o(i.__0vprintf$8) refers to sc32f1xxx_uart.o(.data) for __stdout
    printf8.o(i.__0vsnprintf$8) refers to printf8.o(i._printf_core) for _printf_core
    printf8.o(i.__0vsnprintf$8) refers to printf8.o(i._snputc) for _snputc
    printf8.o(i.__0vsprintf$8) refers to printf8.o(i._printf_core) for _printf_core
    printf8.o(i.__0vsprintf$8) refers to printf8.o(i._sputc) for _sputc
    printf8.o(i._printf_core) refers to printf8.o(i._printf_pre_padding) for _printf_pre_padding
    printf8.o(i._printf_core) refers to printf8.o(i._printf_post_padding) for _printf_post_padding
    printf8.o(i._printf_core) refers to uldiv.o(.text) for __aeabi_uldivmod
    printfa.o(i.__0fprintf) refers (Special) to iusefp.o(.text) for __I$use$fp
    printfa.o(i.__0fprintf) refers to printfa.o(i._printf_core) for _printf_core
    printfa.o(i.__0fprintf) refers to main.o(i.fputc) for fputc
    printfa.o(i.__0printf) refers (Special) to iusefp.o(.text) for __I$use$fp
    printfa.o(i.__0printf) refers to printfa.o(i._printf_core) for _printf_core
    printfa.o(i.__0printf) refers to main.o(i.fputc) for fputc
    printfa.o(i.__0printf) refers to sc32f1xxx_uart.o(.data) for __stdout
    printfa.o(i.__0snprintf) refers (Special) to iusefp.o(.text) for __I$use$fp
    printfa.o(i.__0snprintf) refers to printfa.o(i._printf_core) for _printf_core
    printfa.o(i.__0snprintf) refers to printfa.o(i._snputc) for _snputc
    printfa.o(i.__0sprintf) refers (Special) to iusefp.o(.text) for __I$use$fp
    printfa.o(i.__0sprintf) refers to printfa.o(i._printf_core) for _printf_core
    printfa.o(i.__0sprintf) refers to printfa.o(i._sputc) for _sputc
    printfa.o(i.__0vfprintf) refers (Special) to iusefp.o(.text) for __I$use$fp
    printfa.o(i.__0vfprintf) refers to printfa.o(i._printf_core) for _printf_core
    printfa.o(i.__0vfprintf) refers to main.o(i.fputc) for fputc
    printfa.o(i.__0vprintf) refers (Special) to iusefp.o(.text) for __I$use$fp
    printfa.o(i.__0vprintf) refers to printfa.o(i._printf_core) for _printf_core
    printfa.o(i.__0vprintf) refers to main.o(i.fputc) for fputc
    printfa.o(i.__0vprintf) refers to sc32f1xxx_uart.o(.data) for __stdout
    printfa.o(i.__0vsnprintf) refers (Special) to iusefp.o(.text) for __I$use$fp
    printfa.o(i.__0vsnprintf) refers to printfa.o(i._printf_core) for _printf_core
    printfa.o(i.__0vsnprintf) refers to printfa.o(i._snputc) for _snputc
    printfa.o(i.__0vsprintf) refers (Special) to iusefp.o(.text) for __I$use$fp
    printfa.o(i.__0vsprintf) refers to printfa.o(i._printf_core) for _printf_core
    printfa.o(i.__0vsprintf) refers to printfa.o(i._sputc) for _sputc
    printfa.o(i._fp_digits) refers (Special) to iusefp.o(.text) for __I$use$fp
    printfa.o(i._fp_digits) refers to dmul.o(.text) for __aeabi_dmul
    printfa.o(i._fp_digits) refers to ddiv.o(.text) for __aeabi_ddiv
    printfa.o(i._fp_digits) refers to cdrcmple.o(.text) for __aeabi_cdrcmple
    printfa.o(i._fp_digits) refers to dadd.o(.text) for __aeabi_dadd
    printfa.o(i._fp_digits) refers to dfixul.o(.text) for __aeabi_d2ulz
    printfa.o(i._fp_digits) refers to uldiv.o(.text) for __aeabi_uldivmod
    printfa.o(i._printf_core) refers (Special) to iusefp.o(.text) for __I$use$fp
    printfa.o(i._printf_core) refers to printfa.o(i._printf_pre_padding) for _printf_pre_padding
    printfa.o(i._printf_core) refers to uldiv.o(.text) for __aeabi_uldivmod
    printfa.o(i._printf_core) refers to printfa.o(i._printf_post_padding) for _printf_post_padding
    printfa.o(i._printf_core) refers to printfa.o(i._fp_digits) for _fp_digits
    printfa.o(i._printf_core) refers to uidiv.o(.text) for __aeabi_uidivmod
    printfa.o(i._printf_post_padding) refers (Special) to iusefp.o(.text) for __I$use$fp
    printfa.o(i._printf_pre_padding) refers (Special) to iusefp.o(.text) for __I$use$fp
    printfa.o(i._snputc) refers (Special) to iusefp.o(.text) for __I$use$fp
    printfa.o(i._sputc) refers (Special) to iusefp.o(.text) for __I$use$fp
    entry2.o(.ARM.Collect$$$$00000001) refers to entry2.o(.ARM.Collect$$$$00002712) for __lit__00000000
    entry2.o(.ARM.Collect$$$$00002712) refers to startup_sc32f10xx.o(STACK) for __initial_sp
    entry2.o(__vectab_stack_and_reset_area) refers to startup_sc32f10xx.o(STACK) for __initial_sp
    entry2.o(__vectab_stack_and_reset_area) refers to entry.o(.ARM.Collect$$$$00000000) for __main
    entry5.o(.ARM.Collect$$$$00000004) refers to init.o(.text) for __scatterload
    entry9a.o(.ARM.Collect$$$$0000000B) refers to main.o(i.main) for main
    entry9b.o(.ARM.Collect$$$$0000000C) refers to main.o(i.main) for main
    uldiv.o(.text) refers to llushr.o(.text) for __aeabi_llsr
    uldiv.o(.text) refers to llshl.o(.text) for __aeabi_llsl
    dadd.o(.text) refers to llshl.o(.text) for __aeabi_llsl
    dadd.o(.text) refers to llsshr.o(.text) for __aeabi_lasr
    dadd.o(.text) refers to depilogue.o(.text) for _double_epilogue
    dmul.o(.text) refers to depilogue.o(.text) for _double_epilogue
    ddiv.o(.text) refers to depilogue.o(.text) for _double_round
    dfixul.o(.text) refers to llushr.o(.text) for __aeabi_llsr
    dfixul.o(.text) refers to llshl.o(.text) for __aeabi_llsl
    init.o(.text) refers to entry5.o(.ARM.Collect$$$$00000004) for __main_after_scatterload
    depilogue.o(.text) refers to depilogue.o(i.__ARM_clz) for __ARM_clz
    depilogue.o(.text) refers to llshl.o(.text) for __aeabi_llsl
    depilogue.o(.text) refers to llushr.o(.text) for __aeabi_llsr


==============================================================================

Removing Unused input sections from the image.

    Removing main.o(.rev16_text), (4 bytes).
    Removing main.o(.revsh_text), (4 bytes).
    Removing main.o(i.uart_getc), (40 bytes).
    Removing main.o(i.uart_getchar), (10 bytes).
    Removing main.o(i.uart_scanf), (26 bytes).
    Removing system_sc32f1xxx.o(.rev16_text), (4 bytes).
    Removing system_sc32f1xxx.o(.revsh_text), (4 bytes).
    Removing sc_it.o(.rev16_text), (4 bytes).
    Removing sc_it.o(.revsh_text), (4 bytes).
    Removing sc_init.o(.rev16_text), (4 bytes).
    Removing sc_init.o(.revsh_text), (4 bytes).
    Removing sc_init.o(i.SC_ACMP_Init), (2 bytes).
    Removing sc_init.o(i.SC_ADC_Init), (2 bytes).
    Removing sc_init.o(i.SC_BTM_Init), (2 bytes).
    Removing sc_init.o(i.SC_CRC_Init), (2 bytes).
    Removing sc_init.o(i.SC_DMA0_Init), (2 bytes).
    Removing sc_init.o(i.SC_DMA1_Init), (2 bytes).
    Removing sc_init.o(i.SC_DMA2_Init), (2 bytes).
    Removing sc_init.o(i.SC_DMA3_Init), (2 bytes).
    Removing sc_init.o(i.SC_IAP_Init), (2 bytes).
    Removing sc_init.o(i.SC_INT_Init), (2 bytes).
    Removing sc_init.o(i.SC_LCD_Init), (2 bytes).
    Removing sc_init.o(i.SC_LEDPWM_Init), (2 bytes).
    Removing sc_init.o(i.SC_LED_Init), (2 bytes).
    Removing sc_init.o(i.SC_NVIC_Init), (2 bytes).
    Removing sc_init.o(i.SC_PWR_Init), (2 bytes).
    Removing sc_init.o(i.SC_SPI0_Init), (2 bytes).
    Removing sc_init.o(i.SC_SPI1_Init), (2 bytes).
    Removing sc_init.o(i.SC_TIM0_Init), (2 bytes).
    Removing sc_init.o(i.SC_TIM1_Init), (2 bytes).
    Removing sc_init.o(i.SC_TIM3_Init), (2 bytes).
    Removing sc_init.o(i.SC_TIM4_Init), (2 bytes).
    Removing sc_init.o(i.SC_TIM5_Init), (2 bytes).
    Removing sc_init.o(i.SC_TIM6_Init), (2 bytes).
    Removing sc_init.o(i.SC_TIM7_Init), (2 bytes).
    Removing sc_init.o(i.SC_TWI1_Init), (2 bytes).
    Removing sc_init.o(i.SC_UART1_Init), (2 bytes).
    Removing sc_init.o(i.SC_UART2_Init), (2 bytes).
    Removing sc_init.o(i.SC_UART3_Init), (2 bytes).
    Removing sc_init.o(i.SC_WDT_Init), (2 bytes).
    Removing sysfunvardefine.o(.rev16_text), (4 bytes).
    Removing sysfunvardefine.o(.revsh_text), (4 bytes).
    Removing sysfunvardefine.o(.constdata), (224 bytes).
    Removing compctrldefine.o(.rev16_text), (4 bytes).
    Removing compctrldefine.o(.revsh_text), (4 bytes).
    Removing callbackfunction.o(.rev16_text), (4 bytes).
    Removing callbackfunction.o(.revsh_text), (4 bytes).
    Removing sc32f1xxx_tim.o(.rev16_text), (4 bytes).
    Removing sc32f1xxx_tim.o(.revsh_text), (4 bytes).
    Removing sc32f1xxx_tim.o(i.TIM_ClockOutputCmd), (28 bytes).
    Removing sc32f1xxx_tim.o(i.TIM_DeInit), (216 bytes).
    Removing sc32f1xxx_tim.o(i.TIM_GetAutoreload), (8 bytes).
    Removing sc32f1xxx_tim.o(i.TIM_GetCounter), (6 bytes).
    Removing sc32f1xxx_tim.o(i.TIM_GetFailingCapture), (6 bytes).
    Removing sc32f1xxx_tim.o(i.TIM_GetFlagStatus), (20 bytes).
    Removing sc32f1xxx_tim.o(i.TIM_GetPrescaler), (12 bytes).
    Removing sc32f1xxx_tim.o(i.TIM_GetRisingCapture), (6 bytes).
    Removing sc32f1xxx_tim.o(i.TIM_ICStructInit), (8 bytes).
    Removing sc32f1xxx_tim.o(i.TIM_PWMGetDuty), (20 bytes).
    Removing sc32f1xxx_tim.o(i.TIM_PWMStructInit), (8 bytes).
    Removing sc32f1xxx_tim.o(i.TIM_SetAutoreload), (4 bytes).
    Removing sc32f1xxx_tim.o(i.TIM_SetCounter), (4 bytes).
    Removing sc32f1xxx_tim.o(i.TIM_SetPerscaler), (18 bytes).
    Removing sc32f1xxx_tim.o(i.TIM_TimeBaseStructInit), (14 bytes).
    Removing sc32f1xxx_uart.o(.rev16_text), (4 bytes).
    Removing sc32f1xxx_uart.o(.revsh_text), (4 bytes).
    Removing sc32f1xxx_uart.o(i.Printf_UartInit), (12 bytes).
    Removing sc32f1xxx_uart.o(i.UART_DeInit), (116 bytes).
    Removing sc32f1xxx_uart.o(i.UART_ReceiveData), (10 bytes).
    Removing sc32f1xxx_uart.o(i._sys_exit), (4 bytes).
    Removing sc32f1xxx_uart.o(i.fputc), (52 bytes).
    Removing sc32f1xxx_pwm.o(.rev16_text), (4 bytes).
    Removing sc32f1xxx_pwm.o(.revsh_text), (4 bytes).
    Removing sc32f1xxx_pwm.o(i.PWM_ClearFlag), (4 bytes).
    Removing sc32f1xxx_pwm.o(i.PWM_DeInit), (32 bytes).
    Removing sc32f1xxx_pwm.o(i.PWM_FDStructInit), (10 bytes).
    Removing sc32f1xxx_pwm.o(i.PWM_FallingDeadTimeConfig), (24 bytes).
    Removing sc32f1xxx_pwm.o(i.PWM_GetCycle), (8 bytes).
    Removing sc32f1xxx_pwm.o(i.PWM_GetDuty), (46 bytes).
    Removing sc32f1xxx_pwm.o(i.PWM_GetFlagStatus), (20 bytes).
    Removing sc32f1xxx_pwm.o(i.PWM_GetPrescaler), (10 bytes).
    Removing sc32f1xxx_pwm.o(i.PWM_RisingDeadTimeConfig), (18 bytes).
    Removing sc32f1xxx_pwm.o(i.PWM_SetCycle), (4 bytes).
    Removing sc32f1xxx_pwm.o(i.PWM_SetPrescaler), (20 bytes).
    Removing sc32f1xxx_pwm.o(i.PWM_StructInit), (16 bytes).
    Removing sc32f1xxx_twi.o(.rev16_text), (4 bytes).
    Removing sc32f1xxx_twi.o(.revsh_text), (4 bytes).
    Removing sc32f1xxx_twi.o(i.TWI_AcknowledgeConfig), (28 bytes).
    Removing sc32f1xxx_twi.o(i.TWI_DeInit), (60 bytes).
    Removing sc32f1xxx_twi.o(i.TWI_GeneralCallCmd), (28 bytes).
    Removing sc32f1xxx_twi.o(i.TWI_GetNbytes), (10 bytes).
    Removing sc32f1xxx_twi.o(i.TWI_GetStateMachine), (12 bytes).
    Removing sc32f1xxx_twi.o(i.TWI_ReceiveData), (8 bytes).
    Removing sc32f1xxx_twi.o(i.TWI_Send7bitAddress), (22 bytes).
    Removing sc32f1xxx_twi.o(i.TWI_SetNbytes), (6 bytes).
    Removing sc32f1xxx_twi.o(i.TWI_StretchClockConfig), (28 bytes).
    Removing sc32f1xxx_twi.o(i.TWI_StructInit), (16 bytes).
    Removing sc32f1xxx_option.o(.rev16_text), (4 bytes).
    Removing sc32f1xxx_option.o(.revsh_text), (4 bytes).
    Removing sc32f1xxx_option.o(i.OPTION_IAPPORA), (24 bytes).
    Removing sc32f1xxx_option.o(i.OPTION_IAPPORB), (24 bytes).
    Removing sc32f1xxx_option.o(i.OPTION_WDTCmd), (40 bytes).
    Removing sc32f1xxx_rcc.o(.rev16_text), (4 bytes).
    Removing sc32f1xxx_rcc.o(.revsh_text), (4 bytes).
    Removing sc32f1xxx_rcc.o(i.RCC_AHBPeriphResetCmd), (32 bytes).
    Removing sc32f1xxx_rcc.o(i.RCC_APB0PeriphResetCmd), (32 bytes).
    Removing sc32f1xxx_rcc.o(i.RCC_APB1Cmd), (40 bytes).
    Removing sc32f1xxx_rcc.o(i.RCC_APB1Config), (28 bytes).
    Removing sc32f1xxx_rcc.o(i.RCC_APB1PeriphClockCmd), (32 bytes).
    Removing sc32f1xxx_rcc.o(i.RCC_APB1PeriphResetCmd), (32 bytes).
    Removing sc32f1xxx_rcc.o(i.RCC_APB2Cmd), (40 bytes).
    Removing sc32f1xxx_rcc.o(i.RCC_APB2Config), (28 bytes).
    Removing sc32f1xxx_rcc.o(i.RCC_APB2PeriphClockCmd), (32 bytes).
    Removing sc32f1xxx_rcc.o(i.RCC_APB2PeriphResetCmd), (32 bytes).
    Removing sc32f1xxx_rcc.o(i.RCC_BTMCLKConfig), (36 bytes).
    Removing sc32f1xxx_rcc.o(i.RCC_DeInit), (28 bytes).
    Removing sc32f1xxx_rcc.o(i.RCC_GetClocksFreq), (248 bytes).
    Removing sc32f1xxx_rcc.o(i.RCC_GetFlagStatus), (24 bytes).
    Removing sc32f1xxx_rcc.o(i.RCC_GetSYSCLKSource), (36 bytes).
    Removing sc32f1xxx_rcc.o(i.RCC_LCDLEDCLKConfig), (36 bytes).
    Removing sc32f1xxx_rcc.o(i.RCC_NMICmd), (44 bytes).
    Removing sc32f1xxx_rcc.o(i.RCC_PLLCmd), (48 bytes).
    Removing sc32f1xxx_rcc.o(i.RCC_PLLConfig), (60 bytes).
    Removing sc32f1xxx_rcc.o(i.RCC_PLLRCmd), (48 bytes).
    Removing sc32f1xxx_rcc.o(i.RCC_SystickGetFlagStatus), (28 bytes).
    Removing sc32f1xxx_rcc.o(i.RCC_WaitConfig), (40 bytes).
    Removing sc32f1xxx_gpio.o(.rev16_text), (4 bytes).
    Removing sc32f1xxx_gpio.o(.revsh_text), (4 bytes).
    Removing sc32f1xxx_gpio.o(i.GPIO_DeInit), (32 bytes).
    Removing sc32f1xxx_gpio.o(i.GPIO_ReadData), (8 bytes).
    Removing sc32f1xxx_gpio.o(i.GPIO_ReadDataBit), (18 bytes).
    Removing sc32f1xxx_gpio.o(i.GPIO_ResetBits), (34 bytes).
    Removing sc32f1xxx_gpio.o(i.GPIO_SetBits), (34 bytes).
    Removing sc32f1xxx_gpio.o(i.GPIO_SetDriveLevel), (54 bytes).
    Removing sc32f1xxx_gpio.o(i.GPIO_TogglePins), (44 bytes).
    Removing sc32f1xxx_gpio.o(i.GPIO_Write), (4 bytes).
    Removing sc32f1xxx_gpio.o(i.GPIO_WriteBit), (20 bytes).
    Removing startup_sc32f10xx.o(HEAP), (512 bytes).
    Removing dadd.o(.text), (360 bytes).
    Removing dmul.o(.text), (208 bytes).
    Removing ddiv.o(.text), (240 bytes).
    Removing dfixul.o(.text), (64 bytes).
    Removing cdrcmple.o(.text), (40 bytes).
    Removing depilogue.o(.text), (190 bytes).
    Removing depilogue.o(i.__ARM_clz), (46 bytes).

145 unused section(s) (total 4472 bytes) removed from the image.

==============================================================================

Image Symbol Table

    Local Symbols

    Symbol Name                              Value     Ov Type        Size  Object(Section)

    ../clib/microlib/division.c              0x00000000   Number         0  uidiv.o ABSOLUTE
    ../clib/microlib/division.c              0x00000000   Number         0  uldiv.o ABSOLUTE
    ../clib/microlib/init/entry.s            0x00000000   Number         0  entry12a.o ABSOLUTE
    ../clib/microlib/init/entry.s            0x00000000   Number         0  entry11b.o ABSOLUTE
    ../clib/microlib/init/entry.s            0x00000000   Number         0  entry11a.o ABSOLUTE
    ../clib/microlib/init/entry.s            0x00000000   Number         0  entry10b.o ABSOLUTE
    ../clib/microlib/init/entry.s            0x00000000   Number         0  entry8b.o ABSOLUTE
    ../clib/microlib/init/entry.s            0x00000000   Number         0  entry9a.o ABSOLUTE
    ../clib/microlib/init/entry.s            0x00000000   Number         0  entry.o ABSOLUTE
    ../clib/microlib/init/entry.s            0x00000000   Number         0  entry7b.o ABSOLUTE
    ../clib/microlib/init/entry.s            0x00000000   Number         0  entry9b.o ABSOLUTE
    ../clib/microlib/init/entry.s            0x00000000   Number         0  entry8a.o ABSOLUTE
    ../clib/microlib/init/entry.s            0x00000000   Number         0  entry2.o ABSOLUTE
    ../clib/microlib/init/entry.s            0x00000000   Number         0  entry10a.o ABSOLUTE
    ../clib/microlib/init/entry.s            0x00000000   Number         0  entry12b.o ABSOLUTE
    ../clib/microlib/init/entry.s            0x00000000   Number         0  entry5.o ABSOLUTE
    ../clib/microlib/init/entry.s            0x00000000   Number         0  entry7a.o ABSOLUTE
    ../clib/microlib/longlong.c              0x00000000   Number         0  llsshr.o ABSOLUTE
    ../clib/microlib/longlong.c              0x00000000   Number         0  llushr.o ABSOLUTE
    ../clib/microlib/longlong.c              0x00000000   Number         0  llshl.o ABSOLUTE
    ../clib/microlib/printf/printf.c         0x00000000   Number         0  printf7.o ABSOLUTE
    ../clib/microlib/printf/printf.c         0x00000000   Number         0  printf6.o ABSOLUTE
    ../clib/microlib/printf/printf.c         0x00000000   Number         0  printf5.o ABSOLUTE
    ../clib/microlib/printf/printf.c         0x00000000   Number         0  printf4.o ABSOLUTE
    ../clib/microlib/printf/printf.c         0x00000000   Number         0  printf3.o ABSOLUTE
    ../clib/microlib/printf/printf.c         0x00000000   Number         0  printf2.o ABSOLUTE
    ../clib/microlib/printf/printf.c         0x00000000   Number         0  printf0.o ABSOLUTE
    ../clib/microlib/printf/printf.c         0x00000000   Number         0  printf1.o ABSOLUTE
    ../clib/microlib/printf/printf.c         0x00000000   Number         0  printfb.o ABSOLUTE
    ../clib/microlib/printf/printf.c         0x00000000   Number         0  printfa.o ABSOLUTE
    ../clib/microlib/printf/printf.c         0x00000000   Number         0  printf8.o ABSOLUTE
    ../clib/microlib/stubs.s                 0x00000000   Number         0  useno.o ABSOLUTE
    ../clib/microlib/stubs.s                 0x00000000   Number         0  iusefp.o ABSOLUTE
    ../fplib/microlib/fpadd.c                0x00000000   Number         0  dadd.o ABSOLUTE
    ../fplib/microlib/fpdiv.c                0x00000000   Number         0  ddiv.o ABSOLUTE
    ../fplib/microlib/fpepilogue.c           0x00000000   Number         0  depilogue.o ABSOLUTE
    ../fplib/microlib/fpfix.c                0x00000000   Number         0  dfixul.o ABSOLUTE
    ../fplib/microlib/fpmul.c                0x00000000   Number         0  dmul.o ABSOLUTE
    ..\FWLib\SC32F1XXX_Lib\src\sc32f1xxx_gpio.c 0x00000000   Number         0  sc32f1xxx_gpio.o ABSOLUTE
    ..\FWLib\SC32F1XXX_Lib\src\sc32f1xxx_option.c 0x00000000   Number         0  sc32f1xxx_option.o ABSOLUTE
    ..\FWLib\SC32F1XXX_Lib\src\sc32f1xxx_pwm.c 0x00000000   Number         0  sc32f1xxx_pwm.o ABSOLUTE
    ..\FWLib\SC32F1XXX_Lib\src\sc32f1xxx_rcc.c 0x00000000   Number         0  sc32f1xxx_rcc.o ABSOLUTE
    ..\FWLib\SC32F1XXX_Lib\src\sc32f1xxx_tim.c 0x00000000   Number         0  sc32f1xxx_tim.o ABSOLUTE
    ..\FWLib\SC32F1XXX_Lib\src\sc32f1xxx_twi.c 0x00000000   Number         0  sc32f1xxx_twi.o ABSOLUTE
    ..\FWLib\SC32F1XXX_Lib\src\sc32f1xxx_uart.c 0x00000000   Number         0  sc32f1xxx_uart.o ABSOLUTE
    ..\User\CallBackFunction.c               0x00000000   Number         0  callbackfunction.o ABSOLUTE
    ..\User\CompCtrlDefine.c                 0x00000000   Number         0  compctrldefine.o ABSOLUTE
    ..\User\SC_Init.c                        0x00000000   Number         0  sc_init.o ABSOLUTE
    ..\User\SC_it.c                          0x00000000   Number         0  sc_it.o ABSOLUTE
    ..\User\SysFunVarDefine.c                0x00000000   Number         0  sysfunvardefine.o ABSOLUTE
    ..\User\main.c                           0x00000000   Number         0  main.o ABSOLUTE
    ..\User\system_sc32f1xxx.c               0x00000000   Number         0  system_sc32f1xxx.o ABSOLUTE
    ..\\FWLib\\SC32F1XXX_Lib\\src\\sc32f1xxx_gpio.c 0x00000000   Number         0  sc32f1xxx_gpio.o ABSOLUTE
    ..\\FWLib\\SC32F1XXX_Lib\\src\\sc32f1xxx_option.c 0x00000000   Number         0  sc32f1xxx_option.o ABSOLUTE
    ..\\FWLib\\SC32F1XXX_Lib\\src\\sc32f1xxx_pwm.c 0x00000000   Number         0  sc32f1xxx_pwm.o ABSOLUTE
    ..\\FWLib\\SC32F1XXX_Lib\\src\\sc32f1xxx_rcc.c 0x00000000   Number         0  sc32f1xxx_rcc.o ABSOLUTE
    ..\\FWLib\\SC32F1XXX_Lib\\src\\sc32f1xxx_tim.c 0x00000000   Number         0  sc32f1xxx_tim.o ABSOLUTE
    ..\\FWLib\\SC32F1XXX_Lib\\src\\sc32f1xxx_twi.c 0x00000000   Number         0  sc32f1xxx_twi.o ABSOLUTE
    ..\\FWLib\\SC32F1XXX_Lib\\src\\sc32f1xxx_uart.c 0x00000000   Number         0  sc32f1xxx_uart.o ABSOLUTE
    ..\\User\\CallBackFunction.c             0x00000000   Number         0  callbackfunction.o ABSOLUTE
    ..\\User\\CompCtrlDefine.c               0x00000000   Number         0  compctrldefine.o ABSOLUTE
    ..\\User\\SC_Init.c                      0x00000000   Number         0  sc_init.o ABSOLUTE
    ..\\User\\SC_it.c                        0x00000000   Number         0  sc_it.o ABSOLUTE
    ..\\User\\SysFunVarDefine.c              0x00000000   Number         0  sysfunvardefine.o ABSOLUTE
    ..\\User\\main.c                         0x00000000   Number         0  main.o ABSOLUTE
    ..\\User\\system_sc32f1xxx.c             0x00000000   Number         0  system_sc32f1xxx.o ABSOLUTE
    cdrcmple.s                               0x00000000   Number         0  cdrcmple.o ABSOLUTE
    dc.s                                     0x00000000   Number         0  dc.o ABSOLUTE
    handlers.s                               0x00000000   Number         0  handlers.o ABSOLUTE
    init.s                                   0x00000000   Number         0  init.o ABSOLUTE
    startup_sc32f10xx.s                      0x00000000   Number         0  startup_sc32f10xx.o ABSOLUTE
    RESET                                    0x08000000   Section      192  startup_sc32f10xx.o(RESET)
    .ARM.Collect$$$$00000000                 0x080000c0   Section        0  entry.o(.ARM.Collect$$$$00000000)
    .ARM.Collect$$$$00000001                 0x080000c0   Section        4  entry2.o(.ARM.Collect$$$$00000001)
    .ARM.Collect$$$$00000004                 0x080000c4   Section        4  entry5.o(.ARM.Collect$$$$00000004)
    .ARM.Collect$$$$00000008                 0x080000c8   Section        0  entry7b.o(.ARM.Collect$$$$00000008)
    .ARM.Collect$$$$0000000A                 0x080000c8   Section        0  entry8b.o(.ARM.Collect$$$$0000000A)
    .ARM.Collect$$$$0000000B                 0x080000c8   Section        8  entry9a.o(.ARM.Collect$$$$0000000B)
    .ARM.Collect$$$$0000000E                 0x080000d0   Section        4  entry12b.o(.ARM.Collect$$$$0000000E)
    .ARM.Collect$$$$0000000F                 0x080000d4   Section        0  entry10a.o(.ARM.Collect$$$$0000000F)
    .ARM.Collect$$$$00000011                 0x080000d4   Section        0  entry11a.o(.ARM.Collect$$$$00000011)
    .ARM.Collect$$$$00002712                 0x080000d4   Section        4  entry2.o(.ARM.Collect$$$$00002712)
    __lit__00000000                          0x080000d4   Data           4  entry2.o(.ARM.Collect$$$$00002712)
    .text                                    0x080000d8   Section      104  startup_sc32f10xx.o(.text)
    .text                                    0x08000140   Section        0  uidiv.o(.text)
    .text                                    0x0800016c   Section       36  init.o(.text)
    i.ADC_IRQHandler                         0x08000190   Section        0  sc_it.o(i.ADC_IRQHandler)
    i.BTM_IRQHandler                         0x08000192   Section        0  sc_it.o(i.BTM_IRQHandler)
    i.Beep                                   0x08000194   Section        0  main.o(i.Beep)
    i.CMP_IRQHandler                         0x080001d8   Section        0  sc_it.o(i.CMP_IRQHandler)
    i.DMA0_IRQHandler                        0x080001da   Section        0  sc_it.o(i.DMA0_IRQHandler)
    i.DMA1_IRQHandler                        0x080001dc   Section        0  sc_it.o(i.DMA1_IRQHandler)
    i.DMA2_IRQHandler                        0x080001de   Section        0  sc_it.o(i.DMA2_IRQHandler)
    i.DMA3_IRQHandler                        0x080001e0   Section        0  sc_it.o(i.DMA3_IRQHandler)
    i.Delay                                  0x080001e2   Section        0  main.o(i.Delay)
    i.GPIO_Init                              0x08000204   Section        0  sc32f1xxx_gpio.o(i.GPIO_Init)
    i.INT0_IRQHandler                        0x08000274   Section        0  sc_it.o(i.INT0_IRQHandler)
    i.INT12_15_IRQHandler                    0x08000276   Section        0  sc_it.o(i.INT12_15_IRQHandler)
    i.INT1_7_IRQHandler                      0x08000278   Section        0  sc_it.o(i.INT1_7_IRQHandler)
    i.INT8_11_IRQHandler                     0x0800027a   Section        0  sc_it.o(i.INT8_11_IRQHandler)
    i.IcResourceInit                         0x0800027c   Section        0  compctrldefine.o(i.IcResourceInit)
    i.LEDPWM_IRQHandler                      0x08000284   Section        0  sc_it.o(i.LEDPWM_IRQHandler)
    i.OLED_Clear                             0x08000286   Section        0  sysfunvardefine.o(i.OLED_Clear)
    i.OLED_ColorTurn                         0x080002c6   Section        0  sysfunvardefine.o(i.OLED_ColorTurn)
    i.OLED_DisplayTurn                       0x080002e4   Section        0  sysfunvardefine.o(i.OLED_DisplayTurn)
    i.OLED_Display_Off                       0x08000312   Section        0  sysfunvardefine.o(i.OLED_Display_Off)
    i.OLED_Display_On                        0x0800032e   Section        0  sysfunvardefine.o(i.OLED_Display_On)
    i.OLED_Init                              0x0800034a   Section        0  sysfunvardefine.o(i.OLED_Init)
    i.OLED_Set_Pos                           0x08000446   Section        0  sysfunvardefine.o(i.OLED_Set_Pos)
    i.OLED_ShowByte                          0x08000474   Section        0  sysfunvardefine.o(i.OLED_ShowByte)
    i.OLED_WR_Byte                           0x080004a8   Section        0  sysfunvardefine.o(i.OLED_WR_Byte)
    i.OPTION_JTAGCmd                         0x080004d8   Section        0  sc32f1xxx_option.o(i.OPTION_JTAGCmd)
    i.OPTION_LVRConfig                       0x08000504   Section        0  sc32f1xxx_option.o(i.OPTION_LVRConfig)
    i.PWM0_IRQHandler                        0x08000524   Section        0  sc_it.o(i.PWM0_IRQHandler)
    i.PWM_Cmd                                0x08000528   Section        0  sc32f1xxx_pwm.o(i.PWM_Cmd)
    i.PWM_FDCmd                              0x08000544   Section        0  sc32f1xxx_pwm.o(i.PWM_FDCmd)
    i.PWM_FDInit                             0x08000560   Section        0  sc32f1xxx_pwm.o(i.PWM_FDInit)
    i.PWM_ITConfig                           0x0800057a   Section        0  sc32f1xxx_pwm.o(i.PWM_ITConfig)
    i.PWM_Init                               0x08000594   Section        0  sc32f1xxx_pwm.o(i.PWM_Init)
    i.PWM_SetDuty                            0x080005bc   Section        0  sc32f1xxx_pwm.o(i.PWM_SetDuty)
    i.RCC_AHBPeriphClockCmd                  0x080005e4   Section        0  sc32f1xxx_rcc.o(i.RCC_AHBPeriphClockCmd)
    i.RCC_APB0Cmd                            0x08000604   Section        0  sc32f1xxx_rcc.o(i.RCC_APB0Cmd)
    i.RCC_APB0Config                         0x0800062c   Section        0  sc32f1xxx_rcc.o(i.RCC_APB0Config)
    i.RCC_APB0PeriphClockCmd                 0x08000648   Section        0  sc32f1xxx_rcc.o(i.RCC_APB0PeriphClockCmd)
    i.RCC_HCLKConfig                         0x08000668   Section        0  sc32f1xxx_rcc.o(i.RCC_HCLKConfig)
    i.RCC_HIRCCmd                            0x08000684   Section        0  sc32f1xxx_rcc.o(i.RCC_HIRCCmd)
    i.RCC_HXTCmd                             0x080006b4   Section        0  sc32f1xxx_rcc.o(i.RCC_HXTCmd)
    i.RCC_IRQHandler                         0x080006e4   Section        0  sc_it.o(i.RCC_IRQHandler)
    i.RCC_ITConfig                           0x080006e8   Section        0  sc32f1xxx_rcc.o(i.RCC_ITConfig)
    i.RCC_LIRCCmd                            0x0800071c   Section        0  sc32f1xxx_rcc.o(i.RCC_LIRCCmd)
    i.RCC_LXTCmd                             0x0800074c   Section        0  sc32f1xxx_rcc.o(i.RCC_LXTCmd)
    i.RCC_SYSCLKConfig                       0x0800077c   Section        0  sc32f1xxx_rcc.o(i.RCC_SYSCLKConfig)
    i.RCC_SystickCLKConfig                   0x0800084c   Section        0  sc32f1xxx_rcc.o(i.RCC_SystickCLKConfig)
    i.RCC_SystickCmd                         0x08000894   Section        0  sc32f1xxx_rcc.o(i.RCC_SystickCmd)
    i.RCC_SystickSetCounter                  0x080008b8   Section        0  sc32f1xxx_rcc.o(i.RCC_SystickSetCounter)
    i.RCC_Unlock                             0x080008d4   Section        0  sc32f1xxx_rcc.o(i.RCC_Unlock)
    i.SC_GPIO_Init                           0x080008ec   Section        0  sc_init.o(i.SC_GPIO_Init)
    i.SC_Init                                0x08000988   Section        0  sc_init.o(i.SC_Init)
    i.SC_OPTION_Init                         0x080009ac   Section        0  sc_init.o(i.SC_OPTION_Init)
    i.SC_PWM0_Init                           0x080009e8   Section        0  sc_init.o(i.SC_PWM0_Init)
    i.SC_RCC_Init                            0x08000aac   Section        0  sc_init.o(i.SC_RCC_Init)
    i.SC_SYSTICK_Init                        0x08000af0   Section        0  sc_init.o(i.SC_SYSTICK_Init)
    i.SC_TIM2_Init                           0x08000b18   Section        0  sc_init.o(i.SC_TIM2_Init)
    i.SC_TWI0_Init                           0x08000bdc   Section        0  sc_init.o(i.SC_TWI0_Init)
    i.SC_UART0_Init                          0x08000c90   Section        0  sc_init.o(i.SC_UART0_Init)
    i.SPI0_IRQHandler                        0x08000d38   Section        0  sc_it.o(i.SPI0_IRQHandler)
    i.SPI1_IRQHandler                        0x08000d3a   Section        0  sc_it.o(i.SPI1_IRQHandler)
    i.SysTick_IRQHandler                     0x08000d3c   Section        0  sc_it.o(i.SysTick_IRQHandler)
    i.SystemInit                             0x08000d40   Section        0  system_sc32f1xxx.o(i.SystemInit)
    i.TIMER0_IRQHandler                      0x08000d50   Section        0  sc_it.o(i.TIMER0_IRQHandler)
    i.TIMER1_IRQHandler                      0x08000d52   Section        0  sc_it.o(i.TIMER1_IRQHandler)
    i.TIMER2_IRQHandler                      0x08000d54   Section        0  sc_it.o(i.TIMER2_IRQHandler)
    i.TIMER3_IRQHandler                      0x08000d64   Section        0  sc_it.o(i.TIMER3_IRQHandler)
    i.TIMER4_5_IRQHandler                    0x08000d66   Section        0  sc_it.o(i.TIMER4_5_IRQHandler)
    i.TIMER6_7_IRQHandler                    0x08000d68   Section        0  sc_it.o(i.TIMER6_7_IRQHandler)
    i.TIM_ClearFlag                          0x08000d6a   Section        0  sc32f1xxx_tim.o(i.TIM_ClearFlag)
    i.TIM_Cmd                                0x08000d70   Section        0  sc32f1xxx_tim.o(i.TIM_Cmd)
    i.TIM_DMACmd                             0x08000d8c   Section        0  sc32f1xxx_tim.o(i.TIM_DMACmd)
    i.TIM_ICCmd                              0x08000da8   Section        0  sc32f1xxx_tim.o(i.TIM_ICCmd)
    i.TIM_ICInit                             0x08000dc4   Section        0  sc32f1xxx_tim.o(i.TIM_ICInit)
    i.TIM_ITConfig                           0x08000e0c   Section        0  sc32f1xxx_tim.o(i.TIM_ITConfig)
    i.TIM_PWMInit                            0x08000e28   Section        0  sc32f1xxx_tim.o(i.TIM_PWMInit)
    i.TIM_PWMSetDuty                         0x08000e8c   Section        0  sc32f1xxx_tim.o(i.TIM_PWMSetDuty)
    i.TIM_PinRemapConfig                     0x08000eb8   Section        0  sc32f1xxx_tim.o(i.TIM_PinRemapConfig)
    i.TIM_TIMBaseInit                        0x08000ed4   Section        0  sc32f1xxx_tim.o(i.TIM_TIMBaseInit)
    i.TWI0_IRQHandler                        0x08000efc   Section        0  sc_it.o(i.TWI0_IRQHandler)
    i.TWI1_IRQHandler                        0x08000f24   Section        0  sc_it.o(i.TWI1_IRQHandler)
    i.TWI_ClearFlag                          0x08000f26   Section        0  sc32f1xxx_twi.o(i.TWI_ClearFlag)
    i.TWI_Cmd                                0x08000f30   Section        0  sc32f1xxx_twi.o(i.TWI_Cmd)
    i.TWI_DMACmd                             0x08000f4c   Section        0  sc32f1xxx_twi.o(i.TWI_DMACmd)
    i.TWI_GenerateSTART                      0x08000f68   Section        0  sc32f1xxx_twi.o(i.TWI_GenerateSTART)
    i.TWI_GenerateSTOP                       0x08000f84   Section        0  sc32f1xxx_twi.o(i.TWI_GenerateSTOP)
    i.TWI_GetFlagStatus                      0x08000fa0   Section        0  sc32f1xxx_twi.o(i.TWI_GetFlagStatus)
    i.TWI_ITConfig                           0x08000fb4   Section        0  sc32f1xxx_twi.o(i.TWI_ITConfig)
    i.TWI_Init                               0x08000fd0   Section        0  sc32f1xxx_twi.o(i.TWI_Init)
    i.TWI_PinRemapConfig                     0x08001004   Section        0  sc32f1xxx_twi.o(i.TWI_PinRemapConfig)
    i.TWI_SendByte                           0x0800102c   Section        0  sysfunvardefine.o(i.TWI_SendByte)
    i.TWI_SendData                           0x08001054   Section        0  sc32f1xxx_twi.o(i.TWI_SendData)
    i.TWI_Start                              0x08001058   Section        0  sysfunvardefine.o(i.TWI_Start)
    i.TWI_Stop                               0x08001084   Section        0  sysfunvardefine.o(i.TWI_Stop)
    i.UART0_2_IRQHandler                     0x080010a0   Section        0  sc_it.o(i.UART0_2_IRQHandler)
    i.UART1_3_IRQHandler                     0x080010a2   Section        0  sc_it.o(i.UART1_3_IRQHandler)
    i.UART_ClearFlag                         0x080010a4   Section        0  sc32f1xxx_uart.o(i.UART_ClearFlag)
    i.UART_DMACmd                            0x080010a8   Section        0  sc32f1xxx_uart.o(i.UART_DMACmd)
    i.UART_GetFlagStatus                     0x080010c2   Section        0  sc32f1xxx_uart.o(i.UART_GetFlagStatus)
    i.UART_ITConfig                          0x080010d6   Section        0  sc32f1xxx_uart.o(i.UART_ITConfig)
    i.UART_Init                              0x080010f0   Section        0  sc32f1xxx_uart.o(i.UART_Init)
    i.UART_PinRemapConfig                    0x0800113c   Section        0  sc32f1xxx_uart.o(i.UART_PinRemapConfig)
    i.UART_RXCmd                             0x08001160   Section        0  sc32f1xxx_uart.o(i.UART_RXCmd)
    i.UART_SendData                          0x0800117c   Section        0  sc32f1xxx_uart.o(i.UART_SendData)
    i.UART_TXCmd                             0x08001184   Section        0  sc32f1xxx_uart.o(i.UART_TXCmd)
    i.__0printf$bare                         0x080011a0   Section        0  printfb.o(i.__0printf$bare)
    i.__NVIC_SetPriority                     0x080011b4   Section        0  sc_init.o(i.__NVIC_SetPriority)
    __NVIC_SetPriority                       0x080011b5   Thumb Code   110  sc_init.o(i.__NVIC_SetPriority)
    i.__scatterload_copy                     0x0800122c   Section       14  handlers.o(i.__scatterload_copy)
    i.__scatterload_null                     0x0800123a   Section        2  handlers.o(i.__scatterload_null)
    i.__scatterload_zeroinit                 0x0800123c   Section       14  handlers.o(i.__scatterload_zeroinit)
    i._printf_core                           0x0800124a   Section        0  printfb.o(i._printf_core)
    _printf_core                             0x0800124b   Thumb Code    30  printfb.o(i._printf_core)
    i.delay                                  0x08001268   Section        0  sysfunvardefine.o(i.delay)
    i.fputc                                  0x08001278   Section        0  main.o(i.fputc)
    i.main                                   0x080012a4   Section        0  main.o(i.main)
    .data                                    0x20000000   Section        3  sysfunvardefine.o(.data)
    .data                                    0x20000004   Section        8  sc32f1xxx_uart.o(.data)
    STACK                                    0x20000010   Section     1024  startup_sc32f10xx.o(STACK)

    Global Symbols

    Symbol Name                              Value     Ov Type        Size  Object(Section)

    BuildAttributes$$THM_ISAv3M$S$PE$A:L22$X:L11$S22$IEEE1$IW$USESV6$~STKCKD$USESV7$~SHL$OSPACE$ROPI$EBA8$MICROLIB$REQ8$PRES8$EABIv2 0x00000000   Number         0  anon$$obj.o ABSOLUTE
    __ARM_use_no_argv                        0x00000000   Number         0  main.o ABSOLUTE
    __use_no_errno                           0x00000000   Number         0  useno.o ABSOLUTE
    __use_no_exception_handling              0x00000000   Number         0  useno.o ABSOLUTE
    __use_no_fp                              0x00000000   Number         0  useno.o ABSOLUTE
    __use_no_heap                            0x00000000   Number         0  useno.o ABSOLUTE
    __use_no_heap_region                     0x00000000   Number         0  useno.o ABSOLUTE
    __use_no_semihosting                     0x00000000   Number         0  useno.o ABSOLUTE
    __use_no_semihosting_swi                 0x00000000   Number         0  useno.o ABSOLUTE
    __use_no_signal_handling                 0x00000000   Number         0  useno.o ABSOLUTE
    __arm_fini_                               - Undefined Weak Reference
    __cpp_initialize__aeabi_                  - Undefined Weak Reference
    __cxa_finalize                            - Undefined Weak Reference
    __decompress                              - Undefined Weak Reference
    _clock_init                               - Undefined Weak Reference
    _microlib_exit                            - Undefined Weak Reference
    __Vectors_Size                           0x000000c0   Number         0  startup_sc32f10xx.o ABSOLUTE
    __Vectors                                0x08000000   Data           4  startup_sc32f10xx.o(RESET)
    __Vectors_End                            0x080000c0   Data           0  startup_sc32f10xx.o(RESET)
    __main                                   0x080000c1   Thumb Code     0  entry.o(.ARM.Collect$$$$00000000)
    _main_stk                                0x080000c1   Thumb Code     0  entry2.o(.ARM.Collect$$$$00000001)
    _main_scatterload                        0x080000c5   Thumb Code     0  entry5.o(.ARM.Collect$$$$00000004)
    __main_after_scatterload                 0x080000c9   Thumb Code     0  entry5.o(.ARM.Collect$$$$00000004)
    _main_clock                              0x080000c9   Thumb Code     0  entry7b.o(.ARM.Collect$$$$00000008)
    _main_cpp_init                           0x080000c9   Thumb Code     0  entry8b.o(.ARM.Collect$$$$0000000A)
    _main_init                               0x080000c9   Thumb Code     0  entry9a.o(.ARM.Collect$$$$0000000B)
    __rt_lib_shutdown_fini                   0x080000d1   Thumb Code     0  entry12b.o(.ARM.Collect$$$$0000000E)
    __rt_final_cpp                           0x080000d5   Thumb Code     0  entry10a.o(.ARM.Collect$$$$0000000F)
    __rt_final_exit                          0x080000d5   Thumb Code     0  entry11a.o(.ARM.Collect$$$$00000011)
    Reset_Handler                            0x080000d9   Thumb Code    38  startup_sc32f10xx.o(.text)
    NMI_Handler                              0x080000ff   Thumb Code     2  startup_sc32f10xx.o(.text)
    HardFault_Handler                        0x08000101   Thumb Code     2  startup_sc32f10xx.o(.text)
    MemManage_Handler                        0x08000103   Thumb Code     2  startup_sc32f10xx.o(.text)
    BusFault_Handler                         0x08000105   Thumb Code     2  startup_sc32f10xx.o(.text)
    UsageFault_Handler                       0x08000107   Thumb Code     2  startup_sc32f10xx.o(.text)
    SVC_Handler                              0x08000109   Thumb Code     2  startup_sc32f10xx.o(.text)
    DebugMon_Handler                         0x0800010b   Thumb Code     2  startup_sc32f10xx.o(.text)
    PendSV_Handler                           0x0800010d   Thumb Code     2  startup_sc32f10xx.o(.text)
    TK_IRQHandler                            0x08000111   Thumb Code     0  startup_sc32f10xx.o(.text)
    __aeabi_uidiv                            0x08000141   Thumb Code     0  uidiv.o(.text)
    __aeabi_uidivmod                         0x08000141   Thumb Code    44  uidiv.o(.text)
    __scatterload                            0x0800016d   Thumb Code    28  init.o(.text)
    __scatterload_rt2                        0x0800016d   Thumb Code     0  init.o(.text)
    ADC_IRQHandler                           0x08000191   Thumb Code     2  sc_it.o(i.ADC_IRQHandler)
    BTM_IRQHandler                           0x08000193   Thumb Code     2  sc_it.o(i.BTM_IRQHandler)
    Beep                                     0x08000195   Thumb Code    58  main.o(i.Beep)
    CMP_IRQHandler                           0x080001d9   Thumb Code     2  sc_it.o(i.CMP_IRQHandler)
    DMA0_IRQHandler                          0x080001db   Thumb Code     2  sc_it.o(i.DMA0_IRQHandler)
    DMA1_IRQHandler                          0x080001dd   Thumb Code     2  sc_it.o(i.DMA1_IRQHandler)
    DMA2_IRQHandler                          0x080001df   Thumb Code     2  sc_it.o(i.DMA2_IRQHandler)
    DMA3_IRQHandler                          0x080001e1   Thumb Code     2  sc_it.o(i.DMA3_IRQHandler)
    Delay                                    0x080001e3   Thumb Code    34  main.o(i.Delay)
    GPIO_Init                                0x08000205   Thumb Code   112  sc32f1xxx_gpio.o(i.GPIO_Init)
    INT0_IRQHandler                          0x08000275   Thumb Code     2  sc_it.o(i.INT0_IRQHandler)
    INT12_15_IRQHandler                      0x08000277   Thumb Code     2  sc_it.o(i.INT12_15_IRQHandler)
    INT1_7_IRQHandler                        0x08000279   Thumb Code     2  sc_it.o(i.INT1_7_IRQHandler)
    INT8_11_IRQHandler                       0x0800027b   Thumb Code     2  sc_it.o(i.INT8_11_IRQHandler)
    IcResourceInit                           0x0800027d   Thumb Code     8  compctrldefine.o(i.IcResourceInit)
    LEDPWM_IRQHandler                        0x08000285   Thumb Code     2  sc_it.o(i.LEDPWM_IRQHandler)
    OLED_Clear                               0x08000287   Thumb Code    64  sysfunvardefine.o(i.OLED_Clear)
    OLED_ColorTurn                           0x080002c7   Thumb Code    30  sysfunvardefine.o(i.OLED_ColorTurn)
    OLED_DisplayTurn                         0x080002e5   Thumb Code    46  sysfunvardefine.o(i.OLED_DisplayTurn)
    OLED_Display_Off                         0x08000313   Thumb Code    28  sysfunvardefine.o(i.OLED_Display_Off)
    OLED_Display_On                          0x0800032f   Thumb Code    28  sysfunvardefine.o(i.OLED_Display_On)
    OLED_Init                                0x0800034b   Thumb Code   252  sysfunvardefine.o(i.OLED_Init)
    OLED_Set_Pos                             0x08000447   Thumb Code    46  sysfunvardefine.o(i.OLED_Set_Pos)
    OLED_ShowByte                            0x08000475   Thumb Code    52  sysfunvardefine.o(i.OLED_ShowByte)
    OLED_WR_Byte                             0x080004a9   Thumb Code    46  sysfunvardefine.o(i.OLED_WR_Byte)
    OPTION_JTAGCmd                           0x080004d9   Thumb Code    38  sc32f1xxx_option.o(i.OPTION_JTAGCmd)
    OPTION_LVRConfig                         0x08000505   Thumb Code    28  sc32f1xxx_option.o(i.OPTION_LVRConfig)
    PWM0_IRQHandler                          0x08000525   Thumb Code     2  sc_it.o(i.PWM0_IRQHandler)
    PWM_Cmd                                  0x08000529   Thumb Code    24  sc32f1xxx_pwm.o(i.PWM_Cmd)
    PWM_FDCmd                                0x08000545   Thumb Code    24  sc32f1xxx_pwm.o(i.PWM_FDCmd)
    PWM_FDInit                               0x08000561   Thumb Code    26  sc32f1xxx_pwm.o(i.PWM_FDInit)
    PWM_ITConfig                             0x0800057b   Thumb Code    26  sc32f1xxx_pwm.o(i.PWM_ITConfig)
    PWM_Init                                 0x08000595   Thumb Code    40  sc32f1xxx_pwm.o(i.PWM_Init)
    PWM_SetDuty                              0x080005bd   Thumb Code    38  sc32f1xxx_pwm.o(i.PWM_SetDuty)
    RCC_AHBPeriphClockCmd                    0x080005e5   Thumb Code    28  sc32f1xxx_rcc.o(i.RCC_AHBPeriphClockCmd)
    RCC_APB0Cmd                              0x08000605   Thumb Code    36  sc32f1xxx_rcc.o(i.RCC_APB0Cmd)
    RCC_APB0Config                           0x0800062d   Thumb Code    24  sc32f1xxx_rcc.o(i.RCC_APB0Config)
    RCC_APB0PeriphClockCmd                   0x08000649   Thumb Code    28  sc32f1xxx_rcc.o(i.RCC_APB0PeriphClockCmd)
    RCC_HCLKConfig                           0x08000669   Thumb Code    24  sc32f1xxx_rcc.o(i.RCC_HCLKConfig)
    RCC_HIRCCmd                              0x08000685   Thumb Code    42  sc32f1xxx_rcc.o(i.RCC_HIRCCmd)
    RCC_HXTCmd                               0x080006b5   Thumb Code    42  sc32f1xxx_rcc.o(i.RCC_HXTCmd)
    RCC_IRQHandler                           0x080006e5   Thumb Code     2  sc_it.o(i.RCC_IRQHandler)
    RCC_ITConfig                             0x080006e9   Thumb Code    46  sc32f1xxx_rcc.o(i.RCC_ITConfig)
    RCC_LIRCCmd                              0x0800071d   Thumb Code    42  sc32f1xxx_rcc.o(i.RCC_LIRCCmd)
    RCC_LXTCmd                               0x0800074d   Thumb Code    42  sc32f1xxx_rcc.o(i.RCC_LXTCmd)
    RCC_SYSCLKConfig                         0x0800077d   Thumb Code   200  sc32f1xxx_rcc.o(i.RCC_SYSCLKConfig)
    RCC_SystickCLKConfig                     0x0800084d   Thumb Code    62  sc32f1xxx_rcc.o(i.RCC_SystickCLKConfig)
    RCC_SystickCmd                           0x08000895   Thumb Code    32  sc32f1xxx_rcc.o(i.RCC_SystickCmd)
    RCC_SystickSetCounter                    0x080008b9   Thumb Code    18  sc32f1xxx_rcc.o(i.RCC_SystickSetCounter)
    RCC_Unlock                               0x080008d5   Thumb Code    18  sc32f1xxx_rcc.o(i.RCC_Unlock)
    SC_GPIO_Init                             0x080008ed   Thumb Code   146  sc_init.o(i.SC_GPIO_Init)
    SC_Init                                  0x08000989   Thumb Code    36  sc_init.o(i.SC_Init)
    SC_OPTION_Init                           0x080009ad   Thumb Code    50  sc_init.o(i.SC_OPTION_Init)
    SC_PWM0_Init                             0x080009e9   Thumb Code   190  sc_init.o(i.SC_PWM0_Init)
    SC_RCC_Init                              0x08000aad   Thumb Code    64  sc_init.o(i.SC_RCC_Init)
    SC_SYSTICK_Init                          0x08000af1   Thumb Code    38  sc_init.o(i.SC_SYSTICK_Init)
    SC_TIM2_Init                             0x08000b19   Thumb Code   186  sc_init.o(i.SC_TIM2_Init)
    SC_TWI0_Init                             0x08000bdd   Thumb Code   166  sc_init.o(i.SC_TWI0_Init)
    SC_UART0_Init                            0x08000c91   Thumb Code   156  sc_init.o(i.SC_UART0_Init)
    SPI0_IRQHandler                          0x08000d39   Thumb Code     2  sc_it.o(i.SPI0_IRQHandler)
    SPI1_IRQHandler                          0x08000d3b   Thumb Code     2  sc_it.o(i.SPI1_IRQHandler)
    SysTick_IRQHandler                       0x08000d3d   Thumb Code     2  sc_it.o(i.SysTick_IRQHandler)
    SystemInit                               0x08000d41   Thumb Code    10  system_sc32f1xxx.o(i.SystemInit)
    TIMER0_IRQHandler                        0x08000d51   Thumb Code     2  sc_it.o(i.TIMER0_IRQHandler)
    TIMER1_IRQHandler                        0x08000d53   Thumb Code     2  sc_it.o(i.TIMER1_IRQHandler)
    TIMER2_IRQHandler                        0x08000d55   Thumb Code    12  sc_it.o(i.TIMER2_IRQHandler)
    TIMER3_IRQHandler                        0x08000d65   Thumb Code     2  sc_it.o(i.TIMER3_IRQHandler)
    TIMER4_5_IRQHandler                      0x08000d67   Thumb Code     2  sc_it.o(i.TIMER4_5_IRQHandler)
    TIMER6_7_IRQHandler                      0x08000d69   Thumb Code     2  sc_it.o(i.TIMER6_7_IRQHandler)
    TIM_ClearFlag                            0x08000d6b   Thumb Code     4  sc32f1xxx_tim.o(i.TIM_ClearFlag)
    TIM_Cmd                                  0x08000d71   Thumb Code    24  sc32f1xxx_tim.o(i.TIM_Cmd)
    TIM_DMACmd                               0x08000d8d   Thumb Code    26  sc32f1xxx_tim.o(i.TIM_DMACmd)
    TIM_ICCmd                                0x08000da9   Thumb Code    24  sc32f1xxx_tim.o(i.TIM_ICCmd)
    TIM_ICInit                               0x08000dc5   Thumb Code    66  sc32f1xxx_tim.o(i.TIM_ICInit)
    TIM_ITConfig                             0x08000e0d   Thumb Code    26  sc32f1xxx_tim.o(i.TIM_ITConfig)
    TIM_PWMInit                              0x08000e29   Thumb Code    94  sc32f1xxx_tim.o(i.TIM_PWMInit)
    TIM_PWMSetDuty                           0x08000e8d   Thumb Code    40  sc32f1xxx_tim.o(i.TIM_PWMSetDuty)
    TIM_PinRemapConfig                       0x08000eb9   Thumb Code    26  sc32f1xxx_tim.o(i.TIM_PinRemapConfig)
    TIM_TIMBaseInit                          0x08000ed5   Thumb Code    36  sc32f1xxx_tim.o(i.TIM_TIMBaseInit)
    TWI0_IRQHandler                          0x08000efd   Thumb Code    30  sc_it.o(i.TWI0_IRQHandler)
    TWI1_IRQHandler                          0x08000f25   Thumb Code     2  sc_it.o(i.TWI1_IRQHandler)
    TWI_ClearFlag                            0x08000f27   Thumb Code     8  sc32f1xxx_twi.o(i.TWI_ClearFlag)
    TWI_Cmd                                  0x08000f31   Thumb Code    24  sc32f1xxx_twi.o(i.TWI_Cmd)
    TWI_DMACmd                               0x08000f4d   Thumb Code    26  sc32f1xxx_twi.o(i.TWI_DMACmd)
    TWI_GenerateSTART                        0x08000f69   Thumb Code    24  sc32f1xxx_twi.o(i.TWI_GenerateSTART)
    TWI_GenerateSTOP                         0x08000f85   Thumb Code    24  sc32f1xxx_twi.o(i.TWI_GenerateSTOP)
    TWI_GetFlagStatus                        0x08000fa1   Thumb Code    20  sc32f1xxx_twi.o(i.TWI_GetFlagStatus)
    TWI_ITConfig                             0x08000fb5   Thumb Code    26  sc32f1xxx_twi.o(i.TWI_ITConfig)
    TWI_Init                                 0x08000fd1   Thumb Code    48  sc32f1xxx_twi.o(i.TWI_Init)
    TWI_PinRemapConfig                       0x08001005   Thumb Code    36  sc32f1xxx_twi.o(i.TWI_PinRemapConfig)
    TWI_SendByte                             0x0800102d   Thumb Code    30  sysfunvardefine.o(i.TWI_SendByte)
    TWI_SendData                             0x08001055   Thumb Code     4  sc32f1xxx_twi.o(i.TWI_SendData)
    TWI_Start                                0x08001059   Thumb Code    34  sysfunvardefine.o(i.TWI_Start)
    TWI_Stop                                 0x08001085   Thumb Code    18  sysfunvardefine.o(i.TWI_Stop)
    UART0_2_IRQHandler                       0x080010a1   Thumb Code     2  sc_it.o(i.UART0_2_IRQHandler)
    UART1_3_IRQHandler                       0x080010a3   Thumb Code     2  sc_it.o(i.UART1_3_IRQHandler)
    UART_ClearFlag                           0x080010a5   Thumb Code     4  sc32f1xxx_uart.o(i.UART_ClearFlag)
    UART_DMACmd                              0x080010a9   Thumb Code    26  sc32f1xxx_uart.o(i.UART_DMACmd)
    UART_GetFlagStatus                       0x080010c3   Thumb Code    20  sc32f1xxx_uart.o(i.UART_GetFlagStatus)
    UART_ITConfig                            0x080010d7   Thumb Code    26  sc32f1xxx_uart.o(i.UART_ITConfig)
    UART_Init                                0x080010f1   Thumb Code    72  sc32f1xxx_uart.o(i.UART_Init)
    UART_PinRemapConfig                      0x0800113d   Thumb Code    32  sc32f1xxx_uart.o(i.UART_PinRemapConfig)
    UART_RXCmd                               0x08001161   Thumb Code    24  sc32f1xxx_uart.o(i.UART_RXCmd)
    UART_SendData                            0x0800117d   Thumb Code     8  sc32f1xxx_uart.o(i.UART_SendData)
    UART_TXCmd                               0x08001185   Thumb Code    24  sc32f1xxx_uart.o(i.UART_TXCmd)
    __0printf$bare                           0x080011a1   Thumb Code    12  printfb.o(i.__0printf$bare)
    __1printf$bare                           0x080011a1   Thumb Code     0  printfb.o(i.__0printf$bare)
    __2printf                                0x080011a1   Thumb Code     0  printfb.o(i.__0printf$bare)
    __scatterload_copy                       0x0800122d   Thumb Code    14  handlers.o(i.__scatterload_copy)
    __scatterload_null                       0x0800123b   Thumb Code     2  handlers.o(i.__scatterload_null)
    __scatterload_zeroinit                   0x0800123d   Thumb Code    14  handlers.o(i.__scatterload_zeroinit)
    delay                                    0x08001269   Thumb Code    14  sysfunvardefine.o(i.delay)
    fputc                                    0x08001279   Thumb Code    40  main.o(i.fputc)
    main                                     0x080012a5   Thumb Code   446  main.o(i.main)
    Region$$Table$$Base                      0x08001494   Number         0  anon$$obj.o(Region$$Table)
    Region$$Table$$Limit                     0x080014b4   Number         0  anon$$obj.o(Region$$Table)
    TWI0Flag                                 0x20000000   Data           1  sysfunvardefine.o(.data)
    TWI0SendData                             0x20000001   Data           1  sysfunvardefine.o(.data)
    US0_UART_ReceiveData                     0x20000002   Data           1  sysfunvardefine.o(.data)
    Printf_Uart                              0x20000004   Data           4  sc32f1xxx_uart.o(.data)
    __stdout                                 0x20000008   Data           4  sc32f1xxx_uart.o(.data)
    __initial_sp                             0x20000410   Data           0  startup_sc32f10xx.o(STACK)



==============================================================================

Memory Map of the image

  Image Entry point : 0x080000c1

  Load Region LR_IROM1 (Base: 0x08000000, Size: 0x000014c0, Max: 0x00040000, ABSOLUTE)

    Execution Region ER_IROM1 (Exec base: 0x08000000, Load base: 0x08000000, Size: 0x000014b4, Max: 0x00040000, ABSOLUTE)

    Exec Addr    Load Addr    Size         Type   Attr      Idx    E Section Name        Object

    0x08000000   0x08000000   0x000000c0   Data   RO         1659    RESET               startup_sc32f10xx.o
    0x080000c0   0x080000c0   0x00000000   Code   RO         1664  * .ARM.Collect$$$$00000000  mc_p.l(entry.o)
    0x080000c0   0x080000c0   0x00000004   Code   RO         1929    .ARM.Collect$$$$00000001  mc_p.l(entry2.o)
    0x080000c4   0x080000c4   0x00000004   Code   RO         1932    .ARM.Collect$$$$00000004  mc_p.l(entry5.o)
    0x080000c8   0x080000c8   0x00000000   Code   RO         1934    .ARM.Collect$$$$00000008  mc_p.l(entry7b.o)
    0x080000c8   0x080000c8   0x00000000   Code   RO         1936    .ARM.Collect$$$$0000000A  mc_p.l(entry8b.o)
    0x080000c8   0x080000c8   0x00000008   Code   RO         1937    .ARM.Collect$$$$0000000B  mc_p.l(entry9a.o)
    0x080000d0   0x080000d0   0x00000004   Code   RO         1944    .ARM.Collect$$$$0000000E  mc_p.l(entry12b.o)
    0x080000d4   0x080000d4   0x00000000   Code   RO         1939    .ARM.Collect$$$$0000000F  mc_p.l(entry10a.o)
    0x080000d4   0x080000d4   0x00000000   Code   RO         1941    .ARM.Collect$$$$00000011  mc_p.l(entry11a.o)
    0x080000d4   0x080000d4   0x00000004   Code   RO         1930    .ARM.Collect$$$$00002712  mc_p.l(entry2.o)
    0x080000d8   0x080000d8   0x00000068   Code   RO         1660    .text               startup_sc32f10xx.o
    0x08000140   0x08000140   0x0000002c   Code   RO         1667    .text               mc_p.l(uidiv.o)
    0x0800016c   0x0800016c   0x00000024   Code   RO         1958    .text               mc_p.l(init.o)
    0x08000190   0x08000190   0x00000002   Code   RO          205    i.ADC_IRQHandler    sc_it.o
    0x08000192   0x08000192   0x00000002   Code   RO          206    i.BTM_IRQHandler    sc_it.o
    0x08000194   0x08000194   0x00000044   Code   RO            3    i.Beep              main.o
    0x080001d8   0x080001d8   0x00000002   Code   RO          207    i.CMP_IRQHandler    sc_it.o
    0x080001da   0x080001da   0x00000002   Code   RO          208    i.DMA0_IRQHandler   sc_it.o
    0x080001dc   0x080001dc   0x00000002   Code   RO          209    i.DMA1_IRQHandler   sc_it.o
    0x080001de   0x080001de   0x00000002   Code   RO          210    i.DMA2_IRQHandler   sc_it.o
    0x080001e0   0x080001e0   0x00000002   Code   RO          211    i.DMA3_IRQHandler   sc_it.o
    0x080001e2   0x080001e2   0x00000022   Code   RO            4    i.Delay             main.o
    0x08000204   0x08000204   0x00000070   Code   RO         1586    i.GPIO_Init         sc32f1xxx_gpio.o
    0x08000274   0x08000274   0x00000002   Code   RO          212    i.INT0_IRQHandler   sc_it.o
    0x08000276   0x08000276   0x00000002   Code   RO          213    i.INT12_15_IRQHandler  sc_it.o
    0x08000278   0x08000278   0x00000002   Code   RO          214    i.INT1_7_IRQHandler  sc_it.o
    0x0800027a   0x0800027a   0x00000002   Code   RO          215    i.INT8_11_IRQHandler  sc_it.o
    0x0800027c   0x0800027c   0x00000008   Code   RO          743    i.IcResourceInit    compctrldefine.o
    0x08000284   0x08000284   0x00000002   Code   RO          216    i.LEDPWM_IRQHandler  sc_it.o
    0x08000286   0x08000286   0x00000040   Code   RO          641    i.OLED_Clear        sysfunvardefine.o
    0x080002c6   0x080002c6   0x0000001e   Code   RO          642    i.OLED_ColorTurn    sysfunvardefine.o
    0x080002e4   0x080002e4   0x0000002e   Code   RO          643    i.OLED_DisplayTurn  sysfunvardefine.o
    0x08000312   0x08000312   0x0000001c   Code   RO          644    i.OLED_Display_Off  sysfunvardefine.o
    0x0800032e   0x0800032e   0x0000001c   Code   RO          645    i.OLED_Display_On   sysfunvardefine.o
    0x0800034a   0x0800034a   0x000000fc   Code   RO          646    i.OLED_Init         sysfunvardefine.o
    0x08000446   0x08000446   0x0000002e   Code   RO          647    i.OLED_Set_Pos      sysfunvardefine.o
    0x08000474   0x08000474   0x00000034   Code   RO          648    i.OLED_ShowByte     sysfunvardefine.o
    0x080004a8   0x080004a8   0x0000002e   Code   RO          649    i.OLED_WR_Byte      sysfunvardefine.o
    0x080004d6   0x080004d6   0x00000002   PAD
    0x080004d8   0x080004d8   0x0000002c   Code   RO         1304    i.OPTION_JTAGCmd    sc32f1xxx_option.o
    0x08000504   0x08000504   0x00000020   Code   RO         1305    i.OPTION_LVRConfig  sc32f1xxx_option.o
    0x08000524   0x08000524   0x00000002   Code   RO          217    i.PWM0_IRQHandler   sc_it.o
    0x08000526   0x08000526   0x00000002   PAD
    0x08000528   0x08000528   0x0000001c   Code   RO         1047    i.PWM_Cmd           sc32f1xxx_pwm.o
    0x08000544   0x08000544   0x0000001c   Code   RO         1049    i.PWM_FDCmd         sc32f1xxx_pwm.o
    0x08000560   0x08000560   0x0000001a   Code   RO         1050    i.PWM_FDInit        sc32f1xxx_pwm.o
    0x0800057a   0x0800057a   0x0000001a   Code   RO         1057    i.PWM_ITConfig      sc32f1xxx_pwm.o
    0x08000594   0x08000594   0x00000028   Code   RO         1058    i.PWM_Init          sc32f1xxx_pwm.o
    0x080005bc   0x080005bc   0x00000026   Code   RO         1061    i.PWM_SetDuty       sc32f1xxx_pwm.o
    0x080005e2   0x080005e2   0x00000002   PAD
    0x080005e4   0x080005e4   0x00000020   Code   RO         1349    i.RCC_AHBPeriphClockCmd  sc32f1xxx_rcc.o
    0x08000604   0x08000604   0x00000028   Code   RO         1351    i.RCC_APB0Cmd       sc32f1xxx_rcc.o
    0x0800062c   0x0800062c   0x0000001c   Code   RO         1352    i.RCC_APB0Config    sc32f1xxx_rcc.o
    0x08000648   0x08000648   0x00000020   Code   RO         1353    i.RCC_APB0PeriphClockCmd  sc32f1xxx_rcc.o
    0x08000668   0x08000668   0x0000001c   Code   RO         1368    i.RCC_HCLKConfig    sc32f1xxx_rcc.o
    0x08000684   0x08000684   0x00000030   Code   RO         1369    i.RCC_HIRCCmd       sc32f1xxx_rcc.o
    0x080006b4   0x080006b4   0x00000030   Code   RO         1370    i.RCC_HXTCmd        sc32f1xxx_rcc.o
    0x080006e4   0x080006e4   0x00000002   Code   RO          218    i.RCC_IRQHandler    sc_it.o
    0x080006e6   0x080006e6   0x00000002   PAD
    0x080006e8   0x080006e8   0x00000034   Code   RO         1371    i.RCC_ITConfig      sc32f1xxx_rcc.o
    0x0800071c   0x0800071c   0x00000030   Code   RO         1373    i.RCC_LIRCCmd       sc32f1xxx_rcc.o
    0x0800074c   0x0800074c   0x00000030   Code   RO         1374    i.RCC_LXTCmd        sc32f1xxx_rcc.o
    0x0800077c   0x0800077c   0x000000d0   Code   RO         1379    i.RCC_SYSCLKConfig  sc32f1xxx_rcc.o
    0x0800084c   0x0800084c   0x00000048   Code   RO         1380    i.RCC_SystickCLKConfig  sc32f1xxx_rcc.o
    0x08000894   0x08000894   0x00000024   Code   RO         1381    i.RCC_SystickCmd    sc32f1xxx_rcc.o
    0x080008b8   0x080008b8   0x0000001c   Code   RO         1383    i.RCC_SystickSetCounter  sc32f1xxx_rcc.o
    0x080008d4   0x080008d4   0x00000018   Code   RO         1384    i.RCC_Unlock        sc32f1xxx_rcc.o
    0x080008ec   0x080008ec   0x0000009c   Code   RO          399    i.SC_GPIO_Init      sc_init.o
    0x08000988   0x08000988   0x00000024   Code   RO          402    i.SC_Init           sc_init.o
    0x080009ac   0x080009ac   0x0000003c   Code   RO          407    i.SC_OPTION_Init    sc_init.o
    0x080009e8   0x080009e8   0x000000c4   Code   RO          408    i.SC_PWM0_Init      sc_init.o
    0x08000aac   0x08000aac   0x00000044   Code   RO          410    i.SC_RCC_Init       sc_init.o
    0x08000af0   0x08000af0   0x00000026   Code   RO          413    i.SC_SYSTICK_Init   sc_init.o
    0x08000b16   0x08000b16   0x00000002   PAD
    0x08000b18   0x08000b18   0x000000c4   Code   RO          416    i.SC_TIM2_Init      sc_init.o
    0x08000bdc   0x08000bdc   0x000000b4   Code   RO          422    i.SC_TWI0_Init      sc_init.o
    0x08000c90   0x08000c90   0x000000a8   Code   RO          424    i.SC_UART0_Init     sc_init.o
    0x08000d38   0x08000d38   0x00000002   Code   RO          219    i.SPI0_IRQHandler   sc_it.o
    0x08000d3a   0x08000d3a   0x00000002   Code   RO          220    i.SPI1_IRQHandler   sc_it.o
    0x08000d3c   0x08000d3c   0x00000002   Code   RO          221    i.SysTick_IRQHandler  sc_it.o
    0x08000d3e   0x08000d3e   0x00000002   PAD
    0x08000d40   0x08000d40   0x00000010   Code   RO          185    i.SystemInit        system_sc32f1xxx.o
    0x08000d50   0x08000d50   0x00000002   Code   RO          222    i.TIMER0_IRQHandler  sc_it.o
    0x08000d52   0x08000d52   0x00000002   Code   RO          223    i.TIMER1_IRQHandler  sc_it.o
    0x08000d54   0x08000d54   0x00000010   Code   RO          224    i.TIMER2_IRQHandler  sc_it.o
    0x08000d64   0x08000d64   0x00000002   Code   RO          225    i.TIMER3_IRQHandler  sc_it.o
    0x08000d66   0x08000d66   0x00000002   Code   RO          226    i.TIMER4_5_IRQHandler  sc_it.o
    0x08000d68   0x08000d68   0x00000002   Code   RO          227    i.TIMER6_7_IRQHandler  sc_it.o
    0x08000d6a   0x08000d6a   0x00000004   Code   RO          777    i.TIM_ClearFlag     sc32f1xxx_tim.o
    0x08000d6e   0x08000d6e   0x00000002   PAD
    0x08000d70   0x08000d70   0x0000001c   Code   RO          779    i.TIM_Cmd           sc32f1xxx_tim.o
    0x08000d8c   0x08000d8c   0x0000001a   Code   RO          780    i.TIM_DMACmd        sc32f1xxx_tim.o
    0x08000da6   0x08000da6   0x00000002   PAD
    0x08000da8   0x08000da8   0x0000001c   Code   RO          788    i.TIM_ICCmd         sc32f1xxx_tim.o
    0x08000dc4   0x08000dc4   0x00000048   Code   RO          789    i.TIM_ICInit        sc32f1xxx_tim.o
    0x08000e0c   0x08000e0c   0x0000001a   Code   RO          791    i.TIM_ITConfig      sc32f1xxx_tim.o
    0x08000e26   0x08000e26   0x00000002   PAD
    0x08000e28   0x08000e28   0x00000064   Code   RO          793    i.TIM_PWMInit       sc32f1xxx_tim.o
    0x08000e8c   0x08000e8c   0x0000002c   Code   RO          794    i.TIM_PWMSetDuty    sc32f1xxx_tim.o
    0x08000eb8   0x08000eb8   0x0000001a   Code   RO          796    i.TIM_PinRemapConfig  sc32f1xxx_tim.o
    0x08000ed2   0x08000ed2   0x00000002   PAD
    0x08000ed4   0x08000ed4   0x00000028   Code   RO          800    i.TIM_TIMBaseInit   sc32f1xxx_tim.o
    0x08000efc   0x08000efc   0x00000028   Code   RO          228    i.TWI0_IRQHandler   sc_it.o
    0x08000f24   0x08000f24   0x00000002   Code   RO          229    i.TWI1_IRQHandler   sc_it.o
    0x08000f26   0x08000f26   0x00000008   Code   RO         1169    i.TWI_ClearFlag     sc32f1xxx_twi.o
    0x08000f2e   0x08000f2e   0x00000002   PAD
    0x08000f30   0x08000f30   0x0000001c   Code   RO         1170    i.TWI_Cmd           sc32f1xxx_twi.o
    0x08000f4c   0x08000f4c   0x0000001a   Code   RO         1171    i.TWI_DMACmd        sc32f1xxx_twi.o
    0x08000f66   0x08000f66   0x00000002   PAD
    0x08000f68   0x08000f68   0x0000001c   Code   RO         1174    i.TWI_GenerateSTART  sc32f1xxx_twi.o
    0x08000f84   0x08000f84   0x0000001c   Code   RO         1175    i.TWI_GenerateSTOP  sc32f1xxx_twi.o
    0x08000fa0   0x08000fa0   0x00000014   Code   RO         1176    i.TWI_GetFlagStatus  sc32f1xxx_twi.o
    0x08000fb4   0x08000fb4   0x0000001a   Code   RO         1179    i.TWI_ITConfig      sc32f1xxx_twi.o
    0x08000fce   0x08000fce   0x00000002   PAD
    0x08000fd0   0x08000fd0   0x00000034   Code   RO         1180    i.TWI_Init          sc32f1xxx_twi.o
    0x08001004   0x08001004   0x00000028   Code   RO         1181    i.TWI_PinRemapConfig  sc32f1xxx_twi.o
    0x0800102c   0x0800102c   0x00000028   Code   RO          650    i.TWI_SendByte      sysfunvardefine.o
    0x08001054   0x08001054   0x00000004   Code   RO         1184    i.TWI_SendData      sc32f1xxx_twi.o
    0x08001058   0x08001058   0x0000002c   Code   RO          651    i.TWI_Start         sysfunvardefine.o
    0x08001084   0x08001084   0x0000001c   Code   RO          652    i.TWI_Stop          sysfunvardefine.o
    0x080010a0   0x080010a0   0x00000002   Code   RO          230    i.UART0_2_IRQHandler  sc_it.o
    0x080010a2   0x080010a2   0x00000002   Code   RO          231    i.UART1_3_IRQHandler  sc_it.o
    0x080010a4   0x080010a4   0x00000004   Code   RO          942    i.UART_ClearFlag    sc32f1xxx_uart.o
    0x080010a8   0x080010a8   0x0000001a   Code   RO          943    i.UART_DMACmd       sc32f1xxx_uart.o
    0x080010c2   0x080010c2   0x00000014   Code   RO          945    i.UART_GetFlagStatus  sc32f1xxx_uart.o
    0x080010d6   0x080010d6   0x0000001a   Code   RO          946    i.UART_ITConfig     sc32f1xxx_uart.o
    0x080010f0   0x080010f0   0x0000004c   Code   RO          947    i.UART_Init         sc32f1xxx_uart.o
    0x0800113c   0x0800113c   0x00000024   Code   RO          948    i.UART_PinRemapConfig  sc32f1xxx_uart.o
    0x08001160   0x08001160   0x0000001c   Code   RO          949    i.UART_RXCmd        sc32f1xxx_uart.o
    0x0800117c   0x0800117c   0x00000008   Code   RO          951    i.UART_SendData     sc32f1xxx_uart.o
    0x08001184   0x08001184   0x0000001c   Code   RO          952    i.UART_TXCmd        sc32f1xxx_uart.o
    0x080011a0   0x080011a0   0x00000014   Code   RO         1670    i.__0printf$bare    mc_p.l(printfb.o)
    0x080011b4   0x080011b4   0x00000078   Code   RO          429    i.__NVIC_SetPriority  sc_init.o
    0x0800122c   0x0800122c   0x0000000e   Code   RO         1972    i.__scatterload_copy  mc_p.l(handlers.o)
    0x0800123a   0x0800123a   0x00000002   Code   RO         1973    i.__scatterload_null  mc_p.l(handlers.o)
    0x0800123c   0x0800123c   0x0000000e   Code   RO         1974    i.__scatterload_zeroinit  mc_p.l(handlers.o)
    0x0800124a   0x0800124a   0x0000001e   Code   RO         1677    i._printf_core      mc_p.l(printfb.o)
    0x08001268   0x08001268   0x0000000e   Code   RO          653    i.delay             sysfunvardefine.o
    0x08001276   0x08001276   0x00000002   PAD
    0x08001278   0x08001278   0x0000002c   Code   RO            5    i.fputc             main.o
    0x080012a4   0x080012a4   0x000001f0   Code   RO            6    i.main              main.o
    0x08001494   0x08001494   0x00000020   Data   RO         1970    Region$$Table       anon$$obj.o


    Execution Region RW_IRAM1 (Exec base: 0x20000000, Load base: 0x080014b4, Size: 0x00000410, Max: 0x00002000, ABSOLUTE)

    Exec Addr    Load Addr    Size         Type   Attr      Idx    E Section Name        Object

    0x20000000   0x080014b4   0x00000003   Data   RW          655    .data               sysfunvardefine.o
    0x20000003   0x080014b7   0x00000001   PAD
    0x20000004   0x080014b8   0x00000008   Data   RW          955    .data               sc32f1xxx_uart.o
    0x2000000c   0x080014c0   0x00000004   PAD
    0x20000010        -       0x00000400   Zero   RW         1657    STACK               startup_sc32f10xx.o


==============================================================================

Image component sizes


      Code (inc. data)   RO Data    RW Data    ZI Data      Debug   Object Name

         8          0          0          0          0        433   compctrldefine.o
       642         64          0          0          0      81990   main.o
       112          0          0          0          0       1040   sc32f1xxx_gpio.o
        76         10          0          0          0       1008   sc32f1xxx_option.o
       186          8          0          0          0       3723   sc32f1xxx_pwm.o
       772         88          0          0          0       8134   sc32f1xxx_rcc.o
       394         28          0          0          0       6113   sc32f1xxx_tim.o
       260         20          0          0          0       5888   sc32f1xxx_twi.o
       252         16          0          8          0       7086   sc32f1xxx_uart.o
      1218         76          0          0          0      14967   sc_init.o
       106         14          0          0          0      10538   sc_it.o
       104         46        192          0       1024        768   startup_sc32f10xx.o
       718         30          0          3          0       7142   sysfunvardefine.o
        16          6          0          0          0        401   system_sc32f1xxx.o

    ----------------------------------------------------------------------
      4892        406        224         12       1028     149231   Object Totals
         0          0         32          0          0          0   (incl. Generated)
        28          0          0          1          4          0   (incl. Padding)

    ----------------------------------------------------------------------

      Code (inc. data)   RO Data    RW Data    ZI Data      Debug   Library Member Name

         0          0          0          0          0          0   entry.o
         0          0          0          0          0          0   entry10a.o
         0          0          0          0          0          0   entry11a.o
         4          0          0          0          0          0   entry12b.o
         8          4          0          0          0          0   entry2.o
         4          0          0          0          0          0   entry5.o
         0          0          0          0          0          0   entry7b.o
         0          0          0          0          0          0   entry8b.o
         8          4          0          0          0          0   entry9a.o
        30          0          0          0          0          0   handlers.o
        36          8          0          0          0         68   init.o
        50          8          0          0          0        144   printfb.o
        44          0          0          0          0         72   uidiv.o

    ----------------------------------------------------------------------
       184         24          0          0          0        284   Library Totals
         0          0          0          0          0          0   (incl. Padding)

    ----------------------------------------------------------------------

      Code (inc. data)   RO Data    RW Data    ZI Data      Debug   Library Name

       184         24          0          0          0        284   mc_p.l

    ----------------------------------------------------------------------
       184         24          0          0          0        284   Library Totals

    ----------------------------------------------------------------------

==============================================================================


      Code (inc. data)   RO Data    RW Data    ZI Data      Debug   

      5076        430        224         12       1028     144959   Grand Totals
      5076        430        224         12       1028     144959   ELF Image Totals
      5076        430        224         12          0          0   ROM Totals

==============================================================================

    Total RO  Size (Code + RO Data)                 5300 (   5.18kB)
    Total RW  Size (RW Data + ZI Data)              1040 (   1.02kB)
    Total ROM Size (Code + RO Data + RW Data)       5312 (   5.19kB)

==============================================================================

